Component: ARM Compiler 5.06 update 5 (build 528) Tool: armlink [4d35e2]

==============================================================================

Section Cross References

    startup_stm32g431xx.o(RESET) refers to startup_stm32g431xx.o(STACK) for __initial_sp
    startup_stm32g431xx.o(RESET) refers to startup_stm32g431xx.o(.text) for Reset_Handler
    startup_stm32g431xx.o(RESET) refers to stm32g4xx_it.o(i.NMI_Handler) for NMI_Handler
    startup_stm32g431xx.o(RESET) refers to stm32g4xx_it.o(i.HardFault_Handler) for HardFault_Handler
    startup_stm32g431xx.o(RESET) refers to stm32g4xx_it.o(i.MemManage_Handler) for MemManage_Handler
    startup_stm32g431xx.o(RESET) refers to stm32g4xx_it.o(i.BusFault_Handler) for BusFault_Handler
    startup_stm32g431xx.o(RESET) refers to stm32g4xx_it.o(i.UsageFault_Handler) for UsageFault_Handler
    startup_stm32g431xx.o(RESET) refers to stm32g4xx_it.o(i.SVC_Handler) for SVC_Handler
    startup_stm32g431xx.o(RESET) refers to stm32g4xx_it.o(i.DebugMon_Handler) for DebugMon_Handler
    startup_stm32g431xx.o(RESET) refers to stm32g4xx_it.o(i.PendSV_Handler) for PendSV_Handler
    startup_stm32g431xx.o(RESET) refers to stm32g4xx_it.o(i.SysTick_Handler) for SysTick_Handler
    startup_stm32g431xx.o(RESET) refers to stm32g4xx_it.o(i.TIM2_IRQHandler) for TIM2_IRQHandler
    startup_stm32g431xx.o(RESET) refers to stm32g4xx_it.o(i.TIM3_IRQHandler) for TIM3_IRQHandler
    startup_stm32g431xx.o(RESET) refers to stm32g4xx_it.o(i.TIM4_IRQHandler) for TIM4_IRQHandler
    startup_stm32g431xx.o(RESET) refers to stm32g4xx_it.o(i.USART1_IRQHandler) for USART1_IRQHandler
    startup_stm32g431xx.o(RESET) refers to stm32g4xx_it.o(i.TIM6_DAC_IRQHandler) for TIM6_DAC_IRQHandler
    startup_stm32g431xx.o(.text) refers to system_stm32g4xx.o(i.SystemInit) for SystemInit
    startup_stm32g431xx.o(.text) refers to entry.o(.ARM.Collect$$$$00000000) for __main
    main.o(i.HAL_TIM_IC_CaptureCallback) refers to stm32g4xx_hal_tim.o(i.HAL_TIM_ReadCapturedValue) for HAL_TIM_ReadCapturedValue
    main.o(i.HAL_TIM_IC_CaptureCallback) refers to main.o(.data) for .data
    main.o(i.HAL_TIM_PeriodElapsedCallback) refers to main.o(.data) for .data
    main.o(i.HAL_UART_RxCpltCallback) refers to stm32g4xx_hal_uart.o(i.HAL_UART_Receive_IT) for HAL_UART_Receive_IT
    main.o(i.HAL_UART_RxCpltCallback) refers to stm32g4xx_hal_uart.o(i.HAL_UART_Transmit) for HAL_UART_Transmit
    main.o(i.HAL_UART_RxCpltCallback) refers to main.o(.data) for .data
    main.o(i.HAL_UART_RxCpltCallback) refers to uart.o(.bss) for huart1
    main.o(i.Key_Proc) refers to key_led.o(i.Key_Scan) for Key_Scan
    main.o(i.Key_Proc) refers to key_led.o(i.LED_Disp) for LED_Disp
    main.o(i.Key_Proc) refers to stm32g4xx_hal.o(.data) for uwTick
    main.o(i.Key_Proc) refers to main.o(.data) for .data
    main.o(i.Key_Proc) refers to tim.o(.bss) for htim15
    main.o(i.Lcd_Proc) refers to stm32g4xx_hal_rtc.o(i.HAL_RTC_GetTime) for HAL_RTC_GetTime
    main.o(i.Lcd_Proc) refers to stm32g4xx_hal_rtc.o(i.HAL_RTC_GetDate) for HAL_RTC_GetDate
    main.o(i.Lcd_Proc) refers to printfa.o(i.__0sprintf) for __2sprintf
    main.o(i.Lcd_Proc) refers to lcd.o(i.LCD_DisplayStringLine) for LCD_DisplayStringLine
    main.o(i.Lcd_Proc) refers to adc.o(i.ADC2_GetValue) for ADC2_GetValue
    main.o(i.Lcd_Proc) refers to dfltui.o(.text) for __aeabi_ui2d
    main.o(i.Lcd_Proc) refers to dmul.o(.text) for __aeabi_dmul
    main.o(i.Lcd_Proc) refers to ddiv.o(.text) for __aeabi_ddiv
    main.o(i.Lcd_Proc) refers to d2f.o(.text) for __aeabi_d2f
    main.o(i.Lcd_Proc) refers to f2d.o(.text) for __aeabi_f2d
    main.o(i.Lcd_Proc) refers to adc.o(i.ADC1_GetValue) for ADC1_GetValue
    main.o(i.Lcd_Proc) refers to stm32g4xx_hal.o(.data) for uwTick
    main.o(i.Lcd_Proc) refers to main.o(.data) for .data
    main.o(i.Lcd_Proc) refers to main.o(.bss) for .bss
    main.o(i.Lcd_Proc) refers to rtc.o(.bss) for hrtc
    main.o(i.SystemClock_Config) refers to memseta.o(.text) for __aeabi_memclr4
    main.o(i.SystemClock_Config) refers to stm32g4xx_hal_pwr_ex.o(i.HAL_PWREx_ControlVoltageScaling) for HAL_PWREx_ControlVoltageScaling
    main.o(i.SystemClock_Config) refers to stm32g4xx_hal_rcc.o(i.HAL_RCC_OscConfig) for HAL_RCC_OscConfig
    main.o(i.SystemClock_Config) refers to stm32g4xx_hal_rcc.o(i.HAL_RCC_ClockConfig) for HAL_RCC_ClockConfig
    main.o(i.SystemClock_Config) refers to stm32g4xx_hal_rcc_ex.o(i.HAL_RCCEx_PeriphCLKConfig) for HAL_RCCEx_PeriphCLKConfig
    main.o(i.Uart_Proc) refers to printfa.o(i.__0sprintf) for __2sprintf
    main.o(i.Uart_Proc) refers to strlen.o(.text) for strlen
    main.o(i.Uart_Proc) refers to stm32g4xx_hal_uart.o(i.HAL_UART_Transmit) for HAL_UART_Transmit
    main.o(i.Uart_Proc) refers to stm32g4xx_hal.o(.data) for uwTick
    main.o(i.Uart_Proc) refers to main.o(.data) for .data
    main.o(i.Uart_Proc) refers to main.o(.bss) for .bss
    main.o(i.Uart_Proc) refers to uart.o(.bss) for huart1
[...]
    i.HAL_TIM_PWM_PulseFinishedCallback      0x0800320e   Section        0  stm32g4xx_hal_tim.o(i.HAL_TIM_PWM_PulseFinishedCallback)
    i.HAL_TIM_PWM_Start                      0x08003210   Section        0  stm32g4xx_hal_tim.o(i.HAL_TIM_PWM_Start)
    i.HAL_TIM_PeriodElapsedCallback          0x0800330c   Section        0  main.o(i.HAL_TIM_PeriodElapsedCallback)
    i.HAL_TIM_ReadCapturedValue              0x08003328   Section        0  stm32g4xx_hal_tim.o(i.HAL_TIM_ReadCapturedValue)
    i.HAL_TIM_SlaveConfigSynchro             0x08003352   Section        0  stm32g4xx_hal_tim.o(i.HAL_TIM_SlaveConfigSynchro)
    i.HAL_TIM_TriggerCallback                0x080033a8   Section        0  stm32g4xx_hal_tim.o(i.HAL_TIM_TriggerCallback)
    i.HAL_UARTEx_DisableFifoMode             0x080033aa   Section        0  stm32g4xx_hal_uart_ex.o(i.HAL_UARTEx_DisableFifoMode)
    i.HAL_UARTEx_RxEventCallback             0x080033e8   Section        0  stm32g4xx_hal_uart.o(i.HAL_UARTEx_RxEventCallback)
    i.HAL_UARTEx_RxFifoFullCallback          0x080033ea   Section        0  stm32g4xx_hal_uart_ex.o(i.HAL_UARTEx_RxFifoFullCallback)
    i.HAL_UARTEx_SetRxFifoThreshold          0x080033ec   Section        0  stm32g4xx_hal_uart_ex.o(i.HAL_UARTEx_SetRxFifoThreshold)
    i.HAL_UARTEx_SetTxFifoThreshold          0x08003438   Section        0  stm32g4xx_hal_uart_ex.o(i.HAL_UARTEx_SetTxFifoThreshold)
    i.HAL_UARTEx_TxFifoEmptyCallback         0x08003484   Section        0  stm32g4xx_hal_uart_ex.o(i.HAL_UARTEx_TxFifoEmptyCallback)
    i.HAL_UARTEx_WakeupCallback              0x08003486   Section        0  stm32g4xx_hal_uart_ex.o(i.HAL_UARTEx_WakeupCallback)
    i.HAL_UART_ErrorCallback                 0x08003488   Section        0  stm32g4xx_hal_uart.o(i.HAL_UART_ErrorCallback)
    i.HAL_UART_IRQHandler                    0x0800348c   Section        0  stm32g4xx_hal_uart.o(i.HAL_UART_IRQHandler)
    i.HAL_UART_Init                          0x08003710   Section        0  stm32g4xx_hal_uart.o(i.HAL_UART_Init)
    i.HAL_UART_MspInit                       0x0800377c   Section        0  uart.o(i.HAL_UART_MspInit)
    i.HAL_UART_Receive_IT                    0x080037f0   Section        0  stm32g4xx_hal_uart.o(i.HAL_UART_Receive_IT)
    i.HAL_UART_RxCpltCallback                0x0800383c   Section        0  main.o(i.HAL_UART_RxCpltCallback)
    i.HAL_UART_Transmit                      0x08003860   Section        0  stm32g4xx_hal_uart.o(i.HAL_UART_Transmit)
    i.HAL_UART_TxCpltCallback                0x0800391c   Section        0  stm32g4xx_hal_uart.o(i.HAL_UART_TxCpltCallback)
    i.HardFault_Handler                      0x0800391e   Section        0  stm32g4xx_it.o(i.HardFault_Handler)
    i.I2CInit                                0x08003920   Section        0  i2c_hal.o(i.I2CInit)
    i.I2CReceiveByte                         0x0800394c   Section        0  i2c_hal.o(i.I2CReceiveByte)
    i.I2CSendAck                             0x0800399a   Section        0  i2c_hal.o(i.I2CSendAck)
    i.I2CSendByte                            0x080039ca   Section        0  i2c_hal.o(i.I2CSendByte)
    i.I2CSendNotAck                          0x08003a18   Section        0  i2c_hal.o(i.I2CSendNotAck)
    i.I2CStart                               0x08003a48   Section        0  i2c_hal.o(i.I2CStart)
    i.I2CStop                                0x08003a7e   Section        0  i2c_hal.o(i.I2CStop)
    i.I2CWaitAck                             0x08003ab4   Section        0  i2c_hal.o(i.I2CWaitAck)
    i.IIC_24C02_ReadDate                     0x08003b04   Section        0  i2c_hal.o(i.IIC_24C02_ReadDate)
    i.IIC_24C02_WriteDate                    0x08003b56   Section        0  i2c_hal.o(i.IIC_24C02_WriteDate)
    i.Key_Led_Init                           0x08003b98   Section        0  key_led.o(i.Key_Led_Init)
    i.Key_Proc                               0x08003c78   Section        0  main.o(i.Key_Proc)
    i.Key_Scan                               0x08003ce4   Section        0  key_led.o(i.Key_Scan)
    i.LCD_BusIn                              0x08003d24   Section        0  lcd.o(i.LCD_BusIn)
    i.LCD_BusOut                             0x08003d50   Section        0  lcd.o(i.LCD_BusOut)
    i.LCD_Clear                              0x08003d80   Section        0  lcd.o(i.LCD_Clear)
    i.LCD_CtrlLinesConfig                    0x08003da4   Section        0  lcd.o(i.LCD_CtrlLinesConfig)
    i.LCD_DisplayChar                        0x08003e34   Section        0  lcd.o(i.LCD_DisplayChar)
    i.LCD_DisplayStringLine                  0x08003e4c   Section        0  lcd.o(i.LCD_DisplayStringLine)
    i.LCD_DrawChar                           0x08003e78   Section        0  lcd.o(i.LCD_DrawChar)
    i.LCD_Init                               0x08003ed0   Section        0  lcd.o(i.LCD_Init)
    i.LCD_ReadReg                            0x08003f04   Section        0  lcd.o(i.LCD_ReadReg)
    i.LCD_SetBackColor                       0x08003f84   Section        0  lcd.o(i.LCD_SetBackColor)
    i.LCD_SetCursor                          0x08003f94   Section        0  lcd.o(i.LCD_SetCursor)
    i.LCD_SetTextColor                       0x08003fac   Section        0  lcd.o(i.LCD_SetTextColor)
    i.LCD_WriteRAM                           0x08003fbc   Section        0  lcd.o(i.LCD_WriteRAM)
    i.LCD_WriteRAM_Prepare                   0x08004014   Section        0  lcd.o(i.LCD_WriteRAM_Prepare)
    i.LCD_WriteReg                           0x08004070   Section        0  lcd.o(i.LCD_WriteReg)
    i.LED_Disp                               0x080040dc   Section        0  key_led.o(i.LED_Disp)
    i.LL_ADC_GetOffsetChannel                0x08004130   Section        0  stm32g4xx_hal_adc.o(i.LL_ADC_GetOffsetChannel)
    LL_ADC_GetOffsetChannel                  0x08004131   Thumb Code    12  stm32g4xx_hal_adc.o(i.LL_ADC_GetOffsetChannel)
    i.LL_ADC_INJ_IsConversionOngoing         0x0800413c   Section        0  stm32g4xx_hal_adc.o(i.LL_ADC_INJ_IsConversionOngoing)
    LL_ADC_INJ_IsConversionOngoing           0x0800413d   Thumb Code     8  stm32g4xx_hal_adc.o(i.LL_ADC_INJ_IsConversionOngoing)
    i.LL_ADC_REG_IsConversionOngoing         0x08004144   Section        0  stm32g4xx_hal_adc.o(i.LL_ADC_REG_IsConversionOngoing)
    LL_ADC_REG_IsConversionOngoing           0x08004145   Thumb Code     8  stm32g4xx_hal_adc.o(i.LL_ADC_REG_IsConversionOngoing)
    i.LL_ADC_REG_IsConversionOngoing         0x0800414c   Section        0  stm32g4xx_hal_adc_ex.o(i.LL_ADC_REG_IsConversionOngoing)
    LL_ADC_REG_IsConversionOngoing           0x0800414d   Thumb Code     8  stm32g4xx_hal_adc_ex.o(i.LL_ADC_REG_IsConversionOngoing)
    i.LL_ADC_SetChannelSamplingTime          0x08004154   Section        0  stm32g4xx_hal_adc.o(i.LL_ADC_SetChannelSamplingTime)
    LL_ADC_SetChannelSamplingTime            0x08004155   Thumb Code    30  stm32g4xx_hal_adc.o(i.LL_ADC_SetChannelSamplingTime)
    i.LL_ADC_SetOffsetState                  0x08004172   Section        0  stm32g4xx_hal_adc.o(i.LL_ADC_SetOffsetState)
    LL_ADC_SetOffsetState                    0x08004173   Thumb Code    16  stm32g4xx_hal_adc.o(i.LL_ADC_SetOffsetState)
    i.Lcd_Proc                               0x08004184   Section        0  main.o(i.Lcd_Proc)
    i.MemManage_Handler                      0x08004400   Section        0  stm32g4xx_it.o(i.MemManage_Handler)
    i.NMI_Handler                            0x08004402   Section        0  stm32g4xx_it.o(i.NMI_Handler)
    i.PendSV_Handler                         0x08004404   Section        0  stm32g4xx_it.o(i.PendSV_Handler)
    i.REG_8230_Init                          0x08004406   Section        0  lcd.o(i.REG_8230_Init)
    i.REG_932X_Init                          0x08004518   Section        0  lcd.o(i.REG_932X_Init)
    i.RTC_Bcd2ToByte                         0x0800471a   Section        0  stm32g4xx_hal_rtc.o(i.RTC_Bcd2ToByte)
    i.RTC_ByteToBcd2                         0x0800472c   Section        0  stm32g4xx_hal_rtc.o(i.RTC_ByteToBcd2)
    i.RTC_EnterInitMode                      0x08004744   Section        0  stm32g4xx_hal_rtc.o(i.RTC_EnterInitMode)
    i.RTC_ExitInitMode                       0x08004790   Section        0  stm32g4xx_hal_rtc.o(i.RTC_ExitInitMode)
    i.RTC_Init                               0x080047e8   Section        0  rtc.o(i.RTC_Init)
    i.SCL_Output                             0x08004880   Section        0  i2c_hal.o(i.SCL_Output)
    i.SDA_Input                              0x08004898   Section        0  i2c_hal.o(i.SDA_Input)
    i.SDA_Input_Mode                         0x080048b0   Section        0  i2c_hal.o(i.SDA_Input_Mode)
    i.SDA_Output                             0x080048dc   Section        0  i2c_hal.o(i.SDA_Output)
    i.SDA_Output_Mode                        0x080048f4   Section        0  i2c_hal.o(i.SDA_Output_Mode)
    i.SVC_Handler                            0x08004920   Section        0  stm32g4xx_it.o(i.SVC_Handler)
    i.SysTick_Handler                        0x08004922   Section        0  stm32g4xx_it.o(i.SysTick_Handler)
    i.SystemClock_Config                     0x08004928   Section        0  main.o(i.SystemClock_Config)
    i.SystemInit                             0x080049cc   Section        0  system_stm32g4xx.o(i.SystemInit)
    i.TIM15_PWM_Init                         0x080049dc   Section        0  tim.o(i.TIM15_PWM_Init)
    i.TIM2_IC_Init                           0x08004ac0   Section        0  tim.o(i.TIM2_IC_Init)
    i.TIM2_IRQHandler                        0x08004b8c   Section        0  stm32g4xx_it.o(i.TIM2_IRQHandler)
    i.TIM3_IC_Init                           0x08004b98   Section        0  tim.o(i.TIM3_IC_Init)
    i.TIM3_IRQHandler                        0x08004c68   Section        0  stm32g4xx_it.o(i.TIM3_IRQHandler)
    i.TIM4_IRQHandler                        0x08004c74   Section        0  stm32g4xx_it.o(i.TIM4_IRQHandler)
    i.TIM4_OC_Init                           0x08004c80   Section        0  tim.o(i.TIM4_OC_Init)
    i.TIM6_DAC_IRQHandler                    0x08004d34   Section        0  stm32g4xx_it.o(i.TIM6_DAC_IRQHandler)
    i.TIM6_Init                              0x08004d40   Section        0  tim.o(i.TIM6_Init)
    i.TIM_Base_SetConfig                     0x08004d8c   Section        0  stm32g4xx_hal_tim.o(i.TIM_Base_SetConfig)
    i.TIM_CCxChannelCmd                      0x08004e3c   Section        0  stm32g4xx_hal_tim.o(i.TIM_CCxChannelCmd)
    i.TIM_ETR_SetConfig                      0x08004e56   Section        0  stm32g4xx_hal_tim.o(i.TIM_ETR_SetConfig)
    i.TIM_ITRx_SetConfig                     0x08004e6c   Section        0  stm32g4xx_hal_tim.o(i.TIM_ITRx_SetConfig)
    TIM_ITRx_SetConfig                       0x08004e6d   Thumb Code    16  stm32g4xx_hal_tim.o(i.TIM_ITRx_SetConfig)
    i.TIM_OC1_SetConfig                      0x08004e80   Section        0  stm32g4xx_hal_tim.o(i.TIM_OC1_SetConfig)
    TIM_OC1_SetConfig                        0x08004e81   Thumb Code   132  stm32g4xx_hal_tim.o(i.TIM_OC1_SetConfig)
    i.TIM_OC2_SetConfig                      0x08004f1c   Section        0  stm32g4xx_hal_tim.o(i.TIM_OC2_SetConfig)
    i.TIM_OC3_SetConfig                      0x08004fac   Section        0  stm32g4xx_hal_tim.o(i.TIM_OC3_SetConfig)
    TIM_OC3_SetConfig                        0x08004fad   Thumb Code   118  stm32g4xx_hal_tim.o(i.TIM_OC3_SetConfig)
    i.TIM_OC4_SetConfig                      0x0800503c   Section        0  stm32g4xx_hal_tim.o(i.TIM_OC4_SetConfig)
    TIM_OC4_SetConfig                        0x0800503d   Thumb Code   120  stm32g4xx_hal_tim.o(i.TIM_OC4_SetConfig)
    i.TIM_OC5_SetConfig                      0x080050cc   Section        0  stm32g4xx_hal_tim.o(i.TIM_OC5_SetConfig)
    TIM_OC5_SetConfig                        0x080050cd   Thumb Code    86  stm32g4xx_hal_tim.o(i.TIM_OC5_SetConfig)
    i.TIM_OC6_SetConfig                      0x0800513c   Section        0  stm32g4xx_hal_tim.o(i.TIM_OC6_SetConfig)
    TIM_OC6_SetConfig                        0x0800513d   Thumb Code    88  stm32g4xx_hal_tim.o(i.TIM_OC6_SetConfig)
    i.TIM_SlaveTimer_SetConfig               0x080051ac   Section        0  stm32g4xx_hal_tim.o(i.TIM_SlaveTimer_SetConfig)
    TIM_SlaveTimer_SetConfig                 0x080051ad   Thumb Code   146  stm32g4xx_hal_tim.o(i.TIM_SlaveTimer_SetConfig)
    i.TIM_TI1_ConfigInputStage               0x0800524c   Section        0  stm32g4xx_hal_tim.o(i.TIM_TI1_ConfigInputStage)
    TIM_TI1_ConfigInputStage                 0x0800524d   Thumb Code    34  stm32g4xx_hal_tim.o(i.TIM_TI1_ConfigInputStage)
    i.TIM_TI1_SetConfig                      0x08005270   Section        0  stm32g4xx_hal_tim.o(i.TIM_TI1_SetConfig)
    i.TIM_TI2_ConfigInputStage               0x080052dc   Section        0  stm32g4xx_hal_tim.o(i.TIM_TI2_ConfigInputStage)
    TIM_TI2_ConfigInputStage                 0x080052dd   Thumb Code    36  stm32g4xx_hal_tim.o(i.TIM_TI2_ConfigInputStage)
    i.TIM_TI2_SetConfig                      0x08005300   Section        0  stm32g4xx_hal_tim.o(i.TIM_TI2_SetConfig)
    TIM_TI2_SetConfig                        0x08005301   Thumb Code    54  stm32g4xx_hal_tim.o(i.TIM_TI2_SetConfig)
    i.UARTEx_SetNbDataToProcess              0x08005338   Section        0  stm32g4xx_hal_uart_ex.o(i.UARTEx_SetNbDataToProcess)
    UARTEx_SetNbDataToProcess                0x08005339   Thumb Code    62  stm32g4xx_hal_uart_ex.o(i.UARTEx_SetNbDataToProcess)
    i.UART_AdvFeatureConfig                  0x0800537c   Section        0  stm32g4xx_hal_uart.o(i.UART_AdvFeatureConfig)
    i.UART_CheckIdleState                    0x08005444   Section        0  stm32g4xx_hal_uart.o(i.UART_CheckIdleState)
    i.UART_DMAAbortOnError                   0x080054a4   Section        0  stm32g4xx_hal_uart.o(i.UART_DMAAbortOnError)
    UART_DMAAbortOnError                     0x080054a5   Thumb Code    20  stm32g4xx_hal_uart.o(i.UART_DMAAbortOnError)
    i.UART_EndRxTransfer                     0x080054b8   Section        0  stm32g4xx_hal_uart.o(i.UART_EndRxTransfer)
    UART_EndRxTransfer                       0x080054b9   Thumb Code    50  stm32g4xx_hal_uart.o(i.UART_EndRxTransfer)
    i.UART_Init                              0x080054f0   Section        0  uart.o(i.UART_Init)
    i.UART_RxISR_16BIT                       0x08005558   Section        0  stm32g4xx_hal_uart.o(i.UART_RxISR_16BIT)
    UART_RxISR_16BIT                         0x08005559   Thumb Code   128  stm32g4xx_hal_uart.o(i.UART_RxISR_16BIT)
    i.UART_RxISR_16BIT_FIFOEN                0x080055d8   Section        0  stm32g4xx_hal_uart.o(i.UART_RxISR_16BIT_FIFOEN)
    UART_RxISR_16BIT_FIFOEN                  0x080055d9   Thumb Code   306  stm32g4xx_hal_uart.o(i.UART_RxISR_16BIT_FIFOEN)
    i.UART_RxISR_8BIT                        0x08005714   Section        0  stm32g4xx_hal_uart.o(i.UART_RxISR_8BIT)
    UART_RxISR_8BIT                          0x08005715   Thumb Code   128  stm32g4xx_hal_uart.o(i.UART_RxISR_8BIT)
    i.UART_RxISR_8BIT_FIFOEN                 0x08005794   Section        0  stm32g4xx_hal_uart.o(i.UART_RxISR_8BIT_FIFOEN)
    UART_RxISR_8BIT_FIFOEN                   0x08005795   Thumb Code   306  stm32g4xx_hal_uart.o(i.UART_RxISR_8BIT_FIFOEN)
    i.UART_SetConfig                         0x080058d0   Section        0  stm32g4xx_hal_uart.o(i.UART_SetConfig)
    i.UART_Start_Receive_IT                  0x08005b44   Section        0  stm32g4xx_hal_uart.o(i.UART_Start_Receive_IT)
    i.UART_WaitOnFlagUntilTimeout            0x08005c1c   Section        0  stm32g4xx_hal_uart.o(i.UART_WaitOnFlagUntilTimeout)
    i.USART1_IRQHandler                      0x08005cc0   Section        0  stm32g4xx_it.o(i.USART1_IRQHandler)
    i.Uart_Proc                              0x08005ccc   Section        0  main.o(i.Uart_Proc)
    i.UsageFault_Handler                     0x08005d20   Section        0  stm32g4xx_it.o(i.UsageFault_Handler)
    i.__0sprintf                             0x08005d24   Section        0  printfa.o(i.__0sprintf)
    i.__NVIC_SetPriority                     0x08005d4c   Section        0  stm32g4xx_hal_cortex.o(i.__NVIC_SetPriority)
    __NVIC_SetPriority                       0x08005d4d   Thumb Code    32  stm32g4xx_hal_cortex.o(i.__NVIC_SetPriority)
    i.__scatterload_copy                     0x08005d6c   Section       14  handlers.o(i.__scatterload_copy)
    i.__scatterload_null                     0x08005d7a   Section        2  handlers.o(i.__scatterload_null)
    i.__scatterload_zeroinit                 0x08005d7c   Section       14  handlers.o(i.__scatterload_zeroinit)
    i._fp_digits                             0x08005d8c   Section        0  printfa.o(i._fp_digits)
    _fp_digits                               0x08005d8d   Thumb Code   366  printfa.o(i._fp_digits)
    i._printf_core                           0x08005f10   Section        0  printfa.o(i._printf_core)
    _printf_core                             0x08005f11   Thumb Code  1744  printfa.o(i._printf_core)
    i._printf_post_padding                   0x080065ec   Section        0  printfa.o(i._printf_post_padding)
    _printf_post_padding                     0x080065ed   Thumb Code    36  printfa.o(i._printf_post_padding)
    i._printf_pre_padding                    0x08006610   Section        0  printfa.o(i._printf_pre_padding)
    _printf_pre_padding                      0x08006611   Thumb Code    46  printfa.o(i._printf_pre_padding)
    i._sputc                                 0x0800663e   Section        0  printfa.o(i._sputc)
    _sputc                                   0x0800663f   Thumb Code    10  printfa.o(i._sputc)
    i.delay1                                 0x08006648   Section        0  i2c_hal.o(i.delay1)
    delay1                                   0x08006649   Thumb Code    12  i2c_hal.o(i.delay1)
    i.main                                   0x08006654   Section        0  main.o(i.main)
    .constdata                               0x0800674c   Section     4560  lcd.o(.constdata)
    .constdata                               0x0800791c   Section       24  stm32g4xx_hal_uart.o(.constdata)
    .constdata                               0x08007934   Section       16  stm32g4xx_hal_uart_ex.o(.constdata)
    numerator                                0x08007934   Data           8  stm32g4xx_hal_uart_ex.o(.constdata)
    denominator                              0x0800793c   Data           8  stm32g4xx_hal_uart_ex.o(.constdata)
    .constdata                               0x08007944   Section       16  system_stm32g4xx.o(.constdata)
    .constdata                               0x08007954   Section        8  system_stm32g4xx.o(.constdata)
    .data                                    0x20000000   Section       54  main.o(.data)
    .data                                    0x20000036   Section        6  lcd.o(.data)
    TextColor                                0x20000036   Data           2  lcd.o(.data)
    BackColor                                0x20000038   Data           2  lcd.o(.data)
    .data                                    0x2000003c   Section        4  adc.o(.data)
    HAL_RCC_ADC12_CLK_ENABLED                0x2000003c   Data           4  adc.o(.data)
    .data                                    0x20000040   Section       12  stm32g4xx_hal.o(.data)
    .data                                    0x2000004c   Section        4  system_stm32g4xx.o(.data)
    .bss                                     0x20000050   Section       92  main.o(.bss)
    .bss                                     0x200000ac   Section      144  uart.o(.bss)
    .bss                                     0x2000013c   Section      216  adc.o(.bss)
    .bss                                     0x20000214   Section      380  tim.o(.bss)
    .bss                                     0x20000390   Section       40  rtc.o(.bss)
    STACK                                    0x200003b8   Section     1024  startup_stm32g431xx.o(STACK)

    Global Symbols

    Symbol Name                              Value     Ov Type        Size  Object(Section)

    BuildAttributes$$THM_ISAv4$E$P$D$K$B$S$7EM$VFPi3$EXTD16$VFPS$VFMA$PE$A:L22UL41UL21$X:L11$S22US41US21$IEEE1$IW$USESV6$~STKCKD$USESV7$~SHL$OTIME$ROPI$EBA8$MICROLIB$REQ8$PRES8$EABIv2 0x00000000   Number         0  anon$$obj.o ABSOLUTE
    __ARM_use_no_argv                        0x00000000   Number         0  main.o ABSOLUTE
    _printf_a                                0x00000000   Number         0  stubs.o ABSOLUTE
    _printf_c                                0x00000000   Number         0  stubs.o ABSOLUTE
    _printf_charcount                        0x00000000   Number         0  stubs.o ABSOLUTE
    _printf_d                                0x00000000   Number         0  stubs.o ABSOLUTE
    _printf_e                                0x00000000   Number         0  stubs.o ABSOLUTE
    _printf_f                                0x00000000   Number         0  stubs.o ABSOLUTE
    _printf_flags                            0x00000000   Number         0  stubs.o ABSOLUTE
    _printf_fp_dec                           0x00000000   Number         0  stubs.o ABSOLUTE
    _printf_fp_hex                           0x00000000   Number         0  stubs.o ABSOLUTE
    _printf_g                                0x00000000   Number         0  stubs.o ABSOLUTE
    _printf_i                                0x00000000   Number         0  stubs.o ABSOLUTE
    _printf_int_dec                          0x00000000   Number         0  stubs.o ABSOLUTE
    _printf_l                                0x00000000   Number         0  stubs.o ABSOLUTE
    _printf_lc                               0x00000000   Number         0  stubs.o ABSOLUTE
    _printf_ll                               0x00000000   Number         0  stubs.o ABSOLUTE
    _printf_lld                              0x00000000   Number         0  stubs.o ABSOLUTE
    _printf_lli                              0x00000000   Number         0  stubs.o ABSOLUTE
    _printf_llo                              0x00000000   Number         0  stubs.o ABSOLUTE
    _printf_llu                              0x00000000   Number         0  stubs.o ABSOLUTE
    _printf_llx                              0x00000000   Number         0  stubs.o ABSOLUTE
    _printf_longlong_dec                     0x00000000   Number         0  stubs.o ABSOLUTE
    _printf_longlong_hex                     0x00000000   Number         0  stubs.o ABSOLUTE
    _printf_longlong_oct                     0x00000000   Number         0  stubs.o ABSOLUTE
    _printf_ls                               0x00000000   Number         0  stubs.o ABSOLUTE
    _printf_mbtowc                           0x00000000   Number         0  stubs.o ABSOLUTE
    _printf_n                                0x00000000   Number         0  stubs.o ABSOLUTE
    _printf_o                                0x00000000   Number         0  stubs.o ABSOLUTE
    _printf_p                                0x00000000   Number         0  stubs.o ABSOLUTE
    _printf_percent                          0x00000000   Number         0  stubs.o ABSOLUTE
    _printf_pre_padding                      0x00000000   Number         0  stubs.o ABSOLUTE
    _printf_return_value                     0x00000000   Number         0  stubs.o ABSOLUTE
    _printf_s                                0x00000000   Number         0  stubs.o ABSOLUTE
    _printf_sizespec                         0x00000000   Number         0  stubs.o ABSOLUTE
    _printf_str                              0x00000000   Number         0  stubs.o ABSOLUTE
    _printf_truncate_signed                  0x00000000   Number         0  stubs.o ABSOLUTE
    _printf_truncate_unsigned                0x00000000   Number         0  stubs.o ABSOLUTE
    _printf_u                                0x00000000   Number         0  stubs.o ABSOLUTE
    _printf_wc                               0x00000000   Number         0  stubs.o ABSOLUTE
    _printf_wctomb                           0x00000000   Number         0  stubs.o ABSOLUTE
    _printf_widthprec                        0x00000000   Number         0  stubs.o ABSOLUTE
    _printf_x                                0x00000000   Number         0  stubs.o ABSOLUTE
    __cpp_initialize__aeabi_                  - Undefined Weak Reference
    __cxa_finalize                            - Undefined Weak Reference
    __decompress                              - Undefined Weak Reference
    _clock_init                               - Undefined Weak Reference
    _microlib_exit                            - Undefined Weak Reference
    __Vectors_Size                           0x000001d8   Number         0  startup_stm32g431xx.o ABSOLUTE
    __Vectors                                0x08000000   Data           4  startup_stm32g431xx.o(RESET)
    __Vectors_End                            0x080001d8   Data           0  startup_stm32g431xx.o(RESET)
    __main                                   0x080001d9   Thumb Code     0  entry.o(.ARM.Collect$$$$00000000)
    _main_stk                                0x080001d9   Thumb Code     0  entry2.o(.ARM.Collect$$$$00000001)
    _main_scatterload                        0x080001dd   Thumb Code     0  entry5.o(.ARM.Collect$$$$00000004)
    __main_after_scatterload                 0x080001e1   Thumb Code     0  entry5.o(.ARM.Collect$$$$00000004)
    _main_clock                              0x080001e1   Thumb Code     0  entry7b.o(.ARM.Collect$$$$00000008)
    _main_cpp_init                           0x080001e1   Thumb Code     0  entry8b.o(.ARM.Collect$$$$0000000A)
    _main_init                               0x080001e1   Thumb Code     0  entry9a.o(.ARM.Collect$$$$0000000B)
    __rt_final_cpp                           0x080001e9   Thumb Code     0  entry10a.o(.ARM.Collect$$$$0000000D)
    __rt_final_exit                          0x080001e9   Thumb Code     0  entry11a.o(.ARM.Collect$$$$0000000F)
    Reset_Handler                            0x080001ed   Thumb Code     8  startup_stm32g431xx.o(.text)
    ADC1_2_IRQHandler                        0x08000207   Thumb Code     0  startup_stm32g431xx.o(.text)
    COMP1_2_3_IRQHandler                     0x08000207   Thumb Code     0  startup_stm32g431xx.o(.text)
    COMP4_IRQHandler                         0x08000207   Thumb Code     0  startup_stm32g431xx.o(.text)
    CORDIC_IRQHandler                        0x08000207   Thumb Code     0  startup_stm32g431xx.o(.text)
    CRS_IRQHandler                           0x08000207   Thumb Code     0  startup_stm32g431xx.o(.text)
    DMA1_Channel1_IRQHandler                 0x08000207   Thumb Code     0  startup_stm32g431xx.o(.text)
    DMA1_Channel2_IRQHandler                 0x08000207   Thumb Code     0  startup_stm32g431xx.o(.text)
    DMA1_Channel3_IRQHandler                 0x08000207   Thumb Code     0  startup_stm32g431xx.o(.text)
    DMA1_Channel4_IRQHandler                 0x08000207   Thumb Code     0  startup_stm32g431xx.o(.text)
    DMA1_Channel5_IRQHandler                 0x08000207   Thumb Code     0  startup_stm32g431xx.o(.text)
    DMA1_Channel6_IRQHandler                 0x08000207   Thumb Code     0  startup_stm32g431xx.o(.text)
    DMA2_Channel1_IRQHandler                 0x08000207   Thumb Code     0  startup_stm32g431xx.o(.text)
    DMA2_Channel2_IRQHandler                 0x08000207   Thumb Code     0  startup_stm32g431xx.o(.text)
    DMA2_Channel3_IRQHandler                 0x08000207   Thumb Code     0  startup_stm32g431xx.o(.text)
    DMA2_Channel4_IRQHandler                 0x08000207   Thumb Code     0  startup_stm32g431xx.o(.text)
    DMA2_Channel5_IRQHandler                 0x08000207   Thumb Code     0  startup_stm32g431xx.o(.text)
    DMA2_Channel6_IRQHandler                 0x08000207   Thumb Code     0  startup_stm32g431xx.o(.text)
    DMAMUX_OVR_IRQHandler                    0x08000207   Thumb Code     0  startup_stm32g431xx.o(.text)
    EXTI0_IRQHandler                         0x08000207   Thumb Code     0  startup_stm32g431xx.o(.text)
    EXTI15_10_IRQHandler                     0x08000207   Thumb Code     0  startup_stm32g431xx.o(.text)
    EXTI1_IRQHandler                         0x08000207   Thumb Code     0  startup_stm32g431xx.o(.text)
    EXTI2_IRQHandler                         0x08000207   Thumb Code     0  startup_stm32g431xx.o(.text)
    EXTI3_IRQHandler                         0x08000207   Thumb Code     0  startup_stm32g431xx.o(.text)
    EXTI4_IRQHandler                         0x08000207   Thumb Code     0  startup_stm32g431xx.o(.text)
    EXTI9_5_IRQHandler                       0x08000207   Thumb Code     0  startup_stm32g431xx.o(.text)
    FDCAN1_IT0_IRQHandler                    0x08000207   Thumb Code     0  startup_stm32g431xx.o(.text)
    FDCAN1_IT1_IRQHandler                    0x08000207   Thumb Code     0  startup_stm32g431xx.o(.text)
    FLASH_IRQHandler                         0x08000207   Thumb Code     0  startup_stm32g431xx.o(.text)
    FMAC_IRQHandler                          0x08000207   Thumb Code     0  startup_stm32g431xx.o(.text)
    FPU_IRQHandler                           0x08000207   Thumb Code     0  startup_stm32g431xx.o(.text)
    I2C1_ER_IRQHandler                       0x08000207   Thumb Code     0  startup_stm32g431xx.o(.text)
    I2C1_EV_IRQHandler                       0x08000207   Thumb Code     0  startup_stm32g431xx.o(.text)
    I2C2_ER_IRQHandler                       0x08000207   Thumb Code     0  startup_stm32g431xx.o(.text)
    I2C2_EV_IRQHandler                       0x08000207   Thumb Code     0  startup_stm32g431xx.o(.text)
    I2C3_ER_IRQHandler                       0x08000207   Thumb Code     0  startup_stm32g431xx.o(.text)
    I2C3_EV_IRQHandler                       0x08000207   Thumb Code     0  startup_stm32g431xx.o(.text)
    LPTIM1_IRQHandler                        0x08000207   Thumb Code     0  startup_stm32g431xx.o(.text)
    LPUART1_IRQHandler                       0x08000207   Thumb Code     0  startup_stm32g431xx.o(.text)
    PVD_PVM_IRQHandler                       0x08000207   Thumb Code     0  startup_stm32g431xx.o(.text)
    RCC_IRQHandler                           0x08000207   Thumb Code     0  startup_stm32g431xx.o(.text)
    RNG_IRQHandler                           0x08000207   Thumb Code     0  startup_stm32g431xx.o(.text)
    RTC_Alarm_IRQHandler                     0x08000207   Thumb Code     0  startup_stm32g431xx.o(.text)
    RTC_TAMP_LSECSS_IRQHandler               0x08000207   Thumb Code     0  startup_stm32g431xx.o(.text)
    RTC_WKUP_IRQHandler                      0x08000207   Thumb Code     0  startup_stm32g431xx.o(.text)
    SAI1_IRQHandler                          0x08000207   Thumb Code     0  startup_stm32g431xx.o(.text)
    SPI1_IRQHandler                          0x08000207   Thumb Code     0  startup_stm32g431xx.o(.text)
    SPI2_IRQHandler                          0x08000207   Thumb Code     0  startup_stm32g431xx.o(.text)
    SPI3_IRQHandler                          0x08000207   Thumb Code     0  startup_stm32g431xx.o(.text)
    TIM1_BRK_TIM15_IRQHandler                0x08000207   Thumb Code     0  startup_stm32g431xx.o(.text)
    TIM1_CC_IRQHandler                       0x08000207   Thumb Code     0  startup_stm32g431xx.o(.text)
    TIM1_TRG_COM_TIM17_IRQHandler            0x08000207   Thumb Code     0  startup_stm32g431xx.o(.text)
    TIM1_UP_TIM16_IRQHandler                 0x08000207   Thumb Code     0  startup_stm32g431xx.o(.text)
    TIM7_IRQHandler                          0x08000207   Thumb Code     0  startup_stm32g431xx.o(.text)
    TIM8_BRK_IRQHandler                      0x08000207   Thumb Code     0  startup_stm32g431xx.o(.text)
    TIM8_CC_IRQHandler                       0x08000207   Thumb Code     0  startup_stm32g431xx.o(.text)
    TIM8_TRG_COM_IRQHandler                  0x08000207   Thumb Code     0  startup_stm32g431xx.o(.text)
    TIM8_UP_IRQHandler                       0x08000207   Thumb Code     0  startup_stm32g431xx.o(.text)
    UART4_IRQHandler                         0x08000207   Thumb Code     0  startup_stm32g431xx.o(.text)
    UCPD1_IRQHandler                         0x08000207   Thumb Code     0  startup_stm32g431xx.o(.text)
    USART2_IRQHandler                        0x08000207   Thumb Code     0  startup_stm32g431xx.o(.text)
    USART3_IRQHandler                        0x08000207   Thumb Code     0  startup_stm32g431xx.o(.text)
    USBWakeUp_IRQHandler                     0x08000207   Thumb Code     0  startup_stm32g431xx.o(.text)
    USB_HP_IRQHandler                        0x08000207   Thumb Code     0  startup_stm32g431xx.o(.text)
    USB_LP_IRQHandler                        0x08000207   Thumb Code     0  startup_stm32g431xx.o(.text)
    WWDG_IRQHandler                          0x08000207   Thumb Code     0  startup_stm32g431xx.o(.text)
    __aeabi_uldivmod                         0x08000211   Thumb Code    98  uldiv.o(.text)
    __aeabi_memset                           0x08000273   Thumb Code    14  memseta.o(.text)
    __aeabi_memset4                          0x08000273   Thumb Code     0  memseta.o(.text)
    __aeabi_memset8                          0x08000273   Thumb Code     0  memseta.o(.text)
    __aeabi_memclr                           0x08000281   Thumb Code     4  memseta.o(.text)
    __aeabi_memclr4                          0x08000281   Thumb Code     0  memseta.o(.text)
    __aeabi_memclr8                          0x08000281   Thumb Code     0  memseta.o(.text)
    _memset$wrapper                          0x08000285   Thumb Code    18  memseta.o(.text)
    strlen                                   0x08000297   Thumb Code    14  strlen.o(.text)
    __aeabi_dmul                             0x080002a5   Thumb Code   228  dmul.o(.text)
    __aeabi_ddiv                             0x08000389   Thumb Code   222  ddiv.o(.text)
    __aeabi_ui2d                             0x08000467   Thumb Code    26  dfltui.o(.text)
    __aeabi_f2d                              0x08000481   Thumb Code    38  f2d.o(.text)
    __aeabi_d2f                              0x080004a7   Thumb Code    56  d2f.o(.text)
    __aeabi_uidiv                            0x080004df   Thumb Code     0  uidiv.o(.text)
    __aeabi_uidivmod                         0x080004df   Thumb Code    44  uidiv.o(.text)
    __aeabi_llsl                             0x0800050b   Thumb Code    30  llshl.o(.text)
    _ll_shift_l                              0x0800050b   Thumb Code     0  llshl.o(.text)
    __aeabi_llsr                             0x08000529   Thumb Code    32  llushr.o(.text)
    _ll_ushift_r                             0x08000529   Thumb Code     0  llushr.o(.text)
    __I$use$fp                               0x08000549   Thumb Code     0  iusefp.o(.text)
    _float_round                             0x08000549   Thumb Code    18  fepilogue.o(.text)
    _float_epilogue                          0x0800055b   Thumb Code    92  fepilogue.o(.text)
    _double_round                            0x080005b7   Thumb Code    30  depilogue.o(.text)
    _double_epilogue                         0x080005d5   Thumb Code   156  depilogue.o(.text)
    __aeabi_dadd                             0x08000671   Thumb Code   322  dadd.o(.text)
    __aeabi_dsub                             0x080007b3   Thumb Code     6  dadd.o(.text)
    __aeabi_drsub                            0x080007b9   Thumb Code     6  dadd.o(.text)
    __aeabi_d2ulz                            0x080007bf   Thumb Code    48  dfixul.o(.text)
    __aeabi_cdrcmple                         0x080007f1   Thumb Code    48  cdrcmple.o(.text)
    __scatterload                            0x08000821   Thumb Code    28  init.o(.text)
    __scatterload_rt2                        0x08000821   Thumb Code     0  init.o(.text)
    __aeabi_lasr                             0x08000845   Thumb Code    36  llsshr.o(.text)
    _ll_sshift_r                             0x08000845   Thumb Code     0  llsshr.o(.text)
    ADC1_GetValue                            0x08000869   Thumb Code    18  adc.o(i.ADC1_GetValue)
    ADC1_Init                                0x08000881   Thumb Code   136  adc.o(i.ADC1_Init)
    ADC2_GetValue                            0x08000911   Thumb Code    18  adc.o(i.ADC2_GetValue)
    ADC2_Init                                0x08000929   Thumb Code   110  adc.o(i.ADC2_Init)
    ADC_Enable                               0x080009a5   Thumb Code   110  stm32g4xx_hal_adc.o(i.ADC_Enable)
    BusFault_Handler                         0x08000a19   Thumb Code     2  stm32g4xx_it.o(i.BusFault_Handler)
    DebugMon_Handler                         0x08000a1b   Thumb Code     2  stm32g4xx_it.o(i.DebugMon_Handler)
    Delay_LCD                                0x08000a1d   Thumb Code    28  lcd.o(i.Delay_LCD)
    Error_Handler                            0x08000a39   Thumb Code     4  main.o(i.Error_Handler)
    HAL_ADCEx_MultiModeConfigChannel         0x08000a3d   Thumb Code   208  stm32g4xx_hal_adc_ex.o(i.HAL_ADCEx_MultiModeConfigChannel)
    HAL_ADC_ConfigChannel                    0x08000b15   Thumb Code  1006  stm32g4xx_hal_adc.o(i.HAL_ADC_ConfigChannel)
    HAL_ADC_GetValue                         0x08000f39   Thumb Code     6  stm32g4xx_hal_adc.o(i.HAL_ADC_GetValue)
    HAL_ADC_Init                             0x08000f41   Thumb Code   476  stm32g4xx_hal_adc.o(i.HAL_ADC_Init)
    HAL_ADC_MspInit                          0x0800113d   Thumb Code   146  adc.o(i.HAL_ADC_MspInit)
    HAL_ADC_Start                            0x080011e1   Thumb Code   230  stm32g4xx_hal_adc.o(i.HAL_ADC_Start)
    HAL_DMA_Abort                            0x080012d5   Thumb Code   106  stm32g4xx_hal_dma.o(i.HAL_DMA_Abort)
    HAL_DMA_Abort_IT                         0x0800133f   Thumb Code   120  stm32g4xx_hal_dma.o(i.HAL_DMA_Abort_IT)
    HAL_Delay                                0x080013b9   Thumb Code    32  stm32g4xx_hal.o(i.HAL_Delay)
    HAL_GPIO_Init                            0x080013dd   Thumb Code   422  stm32g4xx_hal_gpio.o(i.HAL_GPIO_Init)
    HAL_GPIO_ReadPin                         0x080015a5   Thumb Code    10  stm32g4xx_hal_gpio.o(i.HAL_GPIO_ReadPin)
    HAL_GPIO_WritePin                        0x080015af   Thumb Code    10  stm32g4xx_hal_gpio.o(i.HAL_GPIO_WritePin)
    HAL_GetTick                              0x080015b9   Thumb Code     6  stm32g4xx_hal.o(i.HAL_GetTick)
    HAL_IncTick                              0x080015c5   Thumb Code    12  stm32g4xx_hal.o(i.HAL_IncTick)
    HAL_Init                                 0x080015d5   Thumb Code    30  stm32g4xx_hal.o(i.HAL_Init)
    HAL_InitTick                             0x080015f5   Thumb Code    58  stm32g4xx_hal.o(i.HAL_InitTick)
    HAL_MspInit                              0x08001639   Thumb Code    42  stm32g4xx_hal_msp.o(i.HAL_MspInit)
    HAL_NVIC_EnableIRQ                       0x08001669   Thumb Code    26  stm32g4xx_hal_cortex.o(i.HAL_NVIC_EnableIRQ)
    HAL_NVIC_SetPriority                     0x08001685   Thumb Code    60  stm32g4xx_hal_cortex.o(i.HAL_NVIC_SetPriority)
    HAL_NVIC_SetPriorityGrouping             0x080016c5   Thumb Code    26  stm32g4xx_hal_cortex.o(i.HAL_NVIC_SetPriorityGrouping)
    HAL_PWREx_ControlVoltageScaling          0x080016e9   Thumb Code   174  stm32g4xx_hal_pwr_ex.o(i.HAL_PWREx_ControlVoltageScaling)
    HAL_PWREx_DisableUCPDDeadBattery         0x080017a5   Thumb Code    12  stm32g4xx_hal_pwr_ex.o(i.HAL_PWREx_DisableUCPDDeadBattery)
    HAL_RCCEx_PeriphCLKConfig                0x080017b5   Thumb Code   638  stm32g4xx_hal_rcc_ex.o(i.HAL_RCCEx_PeriphCLKConfig)
    HAL_RCC_ClockConfig                      0x08001a3d   Thumb Code   444  stm32g4xx_hal_rcc.o(i.HAL_RCC_ClockConfig)
    HAL_RCC_GetPCLK1Freq                     0x08001c19   Thumb Code    24  stm32g4xx_hal_rcc.o(i.HAL_RCC_GetPCLK1Freq)
    HAL_RCC_GetPCLK2Freq                     0x08001c3d   Thumb Code    24  stm32g4xx_hal_rcc.o(i.HAL_RCC_GetPCLK2Freq)
    HAL_RCC_GetSysClockFreq                  0x08001c61   Thumb Code    98  stm32g4xx_hal_rcc.o(i.HAL_RCC_GetSysClockFreq)
    HAL_RCC_OscConfig                        0x08001cd1   Thumb Code  1036  stm32g4xx_hal_rcc.o(i.HAL_RCC_OscConfig)
    HAL_RTC_GetDate                          0x080020dd   Thumb Code    62  stm32g4xx_hal_rtc.o(i.HAL_RTC_GetDate)
    HAL_RTC_GetTime                          0x08002125   Thumb Code    82  stm32g4xx_hal_rtc.o(i.HAL_RTC_GetTime)
    HAL_RTC_Init                             0x08002181   Thumb Code   138  stm32g4xx_hal_rtc.o(i.HAL_RTC_Init)
    HAL_RTC_MspInit                          0x08002215   Thumb Code    22  rtc.o(i.HAL_RTC_MspInit)
    HAL_RTC_SetDate                          0x08002235   Thumb Code   158  stm32g4xx_hal_rtc.o(i.HAL_RTC_SetDate)
    HAL_RTC_SetTime                          0x080022dd   Thumb Code   200  stm32g4xx_hal_rtc.o(i.HAL_RTC_SetTime)
    HAL_RTC_WaitForSynchro                   0x080023ad   Thumb Code    48  stm32g4xx_hal_rtc.o(i.HAL_RTC_WaitForSynchro)
    HAL_SYSTICK_Config                       0x080023e1   Thumb Code    40  stm32g4xx_hal_cortex.o(i.HAL_SYSTICK_Config)
    HAL_TIMEx_Break2Callback                 0x08002409   Thumb Code     2  stm32g4xx_hal_tim_ex.o(i.HAL_TIMEx_Break2Callback)
    HAL_TIMEx_BreakCallback                  0x0800240b   Thumb Code     2  stm32g4xx_hal_tim_ex.o(i.HAL_TIMEx_BreakCallback)
    HAL_TIMEx_CommutCallback                 0x0800240d   Thumb Code     2  stm32g4xx_hal_tim_ex.o(i.HAL_TIMEx_CommutCallback)
    HAL_TIMEx_ConfigBreakDeadTime            0x08002411   Thumb Code   164  stm32g4xx_hal_tim_ex.o(i.HAL_TIMEx_ConfigBreakDeadTime)
    HAL_TIMEx_DirectionChangeCallback        0x080024bd   Thumb Code     2  stm32g4xx_hal_tim_ex.o(i.HAL_TIMEx_DirectionChangeCallback)
    HAL_TIMEx_EncoderIndexCallback           0x080024bf   Thumb Code     2  stm32g4xx_hal_tim_ex.o(i.HAL_TIMEx_EncoderIndexCallback)
    HAL_TIMEx_IndexErrorCallback             0x080024c1   Thumb Code     2  stm32g4xx_hal_tim_ex.o(i.HAL_TIMEx_IndexErrorCallback)
    HAL_TIMEx_MasterConfigSynchronization    0x080024c5   Thumb Code   132  stm32g4xx_hal_tim_ex.o(i.HAL_TIMEx_MasterConfigSynchronization)
    HAL_TIMEx_TransitionErrorCallback        0x08002561   Thumb Code     2  stm32g4xx_hal_tim_ex.o(i.HAL_TIMEx_TransitionErrorCallback)
    HAL_TIM_Base_Init                        0x08002563   Thumb Code    98  stm32g4xx_hal_tim.o(i.HAL_TIM_Base_Init)
    HAL_TIM_Base_MspInit                     0x080025c5   Thumb Code   276  tim.o(i.HAL_TIM_Base_MspInit)
    HAL_TIM_Base_Start                       0x080026f1   Thumb Code    84  stm32g4xx_hal_tim.o(i.HAL_TIM_Base_Start)
    HAL_TIM_Base_Start_IT                    0x0800275d   Thumb Code    94  stm32g4xx_hal_tim.o(i.HAL_TIM_Base_Start_IT)
    HAL_TIM_ConfigClockSource                0x080027d5   Thumb Code   240  stm32g4xx_hal_tim.o(i.HAL_TIM_ConfigClockSource)
    HAL_TIM_IC_CaptureCallback               0x080028cd   Thumb Code   142  main.o(i.HAL_TIM_IC_CaptureCallback)
    HAL_TIM_IC_ConfigChannel                 0x08002965   Thumb Code   270  stm32g4xx_hal_tim.o(i.HAL_TIM_IC_ConfigChannel)
    HAL_TIM_IC_Init                          0x08002a73   Thumb Code    98  stm32g4xx_hal_tim.o(i.HAL_TIM_IC_Init)
    HAL_TIM_IC_MspInit                       0x08002ad5   Thumb Code     2  stm32g4xx_hal_tim.o(i.HAL_TIM_IC_MspInit)
    HAL_TIM_IC_Start_IT                      0x08002ad9   Thumb Code   272  stm32g4xx_hal_tim.o(i.HAL_TIM_IC_Start_IT)
    HAL_TIM_IRQHandler                       0x08002c01   Thumb Code   508  stm32g4xx_hal_tim.o(i.HAL_TIM_IRQHandler)
    HAL_TIM_MspPostInit                      0x08002dfd   Thumb Code   104  tim.o(i.HAL_TIM_MspPostInit)
    HAL_TIM_OC_ConfigChannel                 0x08002e71   Thumb Code   104  stm32g4xx_hal_tim.o(i.HAL_TIM_OC_ConfigChannel)
    HAL_TIM_OC_DelayElapsedCallback          0x08002ed9   Thumb Code    38  main.o(i.HAL_TIM_OC_DelayElapsedCallback)
    HAL_TIM_OC_Init                          0x08002f05   Thumb Code    98  stm32g4xx_hal_tim.o(i.HAL_TIM_OC_Init)
    HAL_TIM_OC_MspInit                       0x08002f67   Thumb Code     2  stm32g4xx_hal_tim.o(i.HAL_TIM_OC_MspInit)
    HAL_TIM_OC_Start_IT                      0x08002f69   Thumb Code   258  stm32g4xx_hal_tim.o(i.HAL_TIM_OC_Start_IT)
    HAL_TIM_PWM_ConfigChannel                0x0800308d   Thumb Code   286  stm32g4xx_hal_tim.o(i.HAL_TIM_PWM_ConfigChannel)
    HAL_TIM_PWM_Init                         0x080031ab   Thumb Code    98  stm32g4xx_hal_tim.o(i.HAL_TIM_PWM_Init)
    HAL_TIM_PWM_MspInit                      0x0800320d   Thumb Code     2  stm32g4xx_hal_tim.o(i.HAL_TIM_PWM_MspInit)
    HAL_TIM_PWM_PulseFinishedCallback        0x0800320f   Thumb Code     2  stm32g4xx_hal_tim.o(i.HAL_TIM_PWM_PulseFinishedCallback)
    HAL_TIM_PWM_Start                        0x08003211   Thumb Code   218  stm32g4xx_hal_tim.o(i.HAL_TIM_PWM_Start)
    HAL_TIM_PeriodElapsedCallback            0x0800330d   Thumb Code    18  main.o(i.HAL_TIM_PeriodElapsedCallback)
    HAL_TIM_ReadCapturedValue                0x08003329   Thumb Code    42  stm32g4xx_hal_tim.o(i.HAL_TIM_ReadCapturedValue)
    HAL_TIM_SlaveConfigSynchro               0x08003353   Thumb Code    86  stm32g4xx_hal_tim.o(i.HAL_TIM_SlaveConfigSynchro)
    HAL_TIM_TriggerCallback                  0x080033a9   Thumb Code     2  stm32g4xx_hal_tim.o(i.HAL_TIM_TriggerCallback)
    HAL_UARTEx_DisableFifoMode               0x080033ab   Thumb Code    62  stm32g4xx_hal_uart_ex.o(i.HAL_UARTEx_DisableFifoMode)
    HAL_UARTEx_RxEventCallback               0x080033e9   Thumb Code     2  stm32g4xx_hal_uart.o(i.HAL_UARTEx_RxEventCallback)
    HAL_UARTEx_RxFifoFullCallback            0x080033eb   Thumb Code     2  stm32g4xx_hal_uart_ex.o(i.HAL_UARTEx_RxFifoFullCallback)
    HAL_UARTEx_SetRxFifoThreshold            0x080033ed   Thumb Code    76  stm32g4xx_hal_uart_ex.o(i.HAL_UARTEx_SetRxFifoThreshold)
    HAL_UARTEx_SetTxFifoThreshold            0x08003439   Thumb Code    76  stm32g4xx_hal_uart_ex.o(i.HAL_UARTEx_SetTxFifoThreshold)
    HAL_UARTEx_TxFifoEmptyCallback           0x08003485   Thumb Code     2  stm32g4xx_hal_uart_ex.o(i.HAL_UARTEx_TxFifoEmptyCallback)
    HAL_UARTEx_WakeupCallback                0x08003487   Thumb Code     2  stm32g4xx_hal_uart_ex.o(i.HAL_UARTEx_WakeupCallback)
    HAL_UART_ErrorCallback                   0x08003489   Thumb Code     2  stm32g4xx_hal_uart.o(i.HAL_UART_ErrorCallback)
    HAL_UART_IRQHandler                      0x0800348d   Thumb Code   632  stm32g4xx_hal_uart.o(i.HAL_UART_IRQHandler)
    HAL_UART_Init                            0x08003711   Thumb Code   106  stm32g4xx_hal_uart.o(i.HAL_UART_Init)
    HAL_UART_MspInit                         0x0800377d   Thumb Code   106  uart.o(i.HAL_UART_MspInit)
    HAL_UART_Receive_IT                      0x080037f1   Thumb Code    70  stm32g4xx_hal_uart.o(i.HAL_UART_Receive_IT)
    HAL_UART_RxCpltCallback                  0x0800383d   Thumb Code    28  main.o(i.HAL_UART_RxCpltCallback)
    HAL_UART_Transmit                        0x08003861   Thumb Code   188  stm32g4xx_hal_uart.o(i.HAL_UART_Transmit)
    HAL_UART_TxCpltCallback                  0x0800391d   Thumb Code     2  stm32g4xx_hal_uart.o(i.HAL_UART_TxCpltCallback)
    HardFault_Handler                        0x0800391f   Thumb Code     2  stm32g4xx_it.o(i.HardFault_Handler)
    I2CInit                                  0x08003921   Thumb Code    38  i2c_hal.o(i.I2CInit)
    I2CReceiveByte                           0x0800394d   Thumb Code    78  i2c_hal.o(i.I2CReceiveByte)
    I2CSendAck                               0x0800399b   Thumb Code    48  i2c_hal.o(i.I2CSendAck)
    I2CSendByte                              0x080039cb   Thumb Code    78  i2c_hal.o(i.I2CSendByte)
    I2CSendNotAck                            0x08003a19   Thumb Code    48  i2c_hal.o(i.I2CSendNotAck)
    I2CStart                                 0x08003a49   Thumb Code    54  i2c_hal.o(i.I2CStart)
    I2CStop                                  0x08003a7f   Thumb Code    54  i2c_hal.o(i.I2CStop)
    I2CWaitAck                               0x08003ab5   Thumb Code    80  i2c_hal.o(i.I2CWaitAck)
    IIC_24C02_ReadDate                       0x08003b05   Thumb Code    82  i2c_hal.o(i.IIC_24C02_ReadDate)
    IIC_24C02_WriteDate                      0x08003b57   Thumb Code    66  i2c_hal.o(i.IIC_24C02_WriteDate)
    Key_Led_Init                             0x08003b99   Thumb Code   206  key_led.o(i.Key_Led_Init)
    Key_Proc                                 0x08003c79   Thumb Code    96  main.o(i.Key_Proc)
    Key_Scan                                 0x08003ce5   Thumb Code    60  key_led.o(i.Key_Scan)
    LCD_BusIn                                0x08003d25   Thumb Code    40  lcd.o(i.LCD_BusIn)
    LCD_BusOut                               0x08003d51   Thumb Code    42  lcd.o(i.LCD_BusOut)
    LCD_Clear                                0x08003d81   Thumb Code    36  lcd.o(i.LCD_Clear)
    LCD_CtrlLinesConfig                      0x08003da5   Thumb Code   136  lcd.o(i.LCD_CtrlLinesConfig)
    LCD_DisplayChar                          0x08003e35   Thumb Code    18  lcd.o(i.LCD_DisplayChar)
    LCD_DisplayStringLine                    0x08003e4d   Thumb Code    42  lcd.o(i.LCD_DisplayStringLine)
    LCD_DrawChar                             0x08003e79   Thumb Code    84  lcd.o(i.LCD_DrawChar)
    LCD_Init                                 0x08003ed1   Thumb Code    46  lcd.o(i.LCD_Init)
    LCD_ReadReg                              0x08003f05   Thumb Code   120  lcd.o(i.LCD_ReadReg)
    LCD_SetBackColor                         0x08003f85   Thumb Code    12  lcd.o(i.LCD_SetBackColor)
    LCD_SetCursor                            0x08003f95   Thumb Code    24  lcd.o(i.LCD_SetCursor)
    LCD_SetTextColor                         0x08003fad   Thumb Code    12  lcd.o(i.LCD_SetTextColor)
    LCD_WriteRAM                             0x08003fbd   Thumb Code    80  lcd.o(i.LCD_WriteRAM)
    LCD_WriteRAM_Prepare                     0x08004015   Thumb Code    82  lcd.o(i.LCD_WriteRAM_Prepare)
    LCD_WriteReg                             0x08004071   Thumb Code   100  lcd.o(i.LCD_WriteReg)
    LED_Disp                                 0x080040dd   Thumb Code    74  key_led.o(i.LED_Disp)
    Lcd_Proc                                 0x08004185   Thumb Code   432  main.o(i.Lcd_Proc)
    MemManage_Handler                        0x08004401   Thumb Code     2  stm32g4xx_it.o(i.MemManage_Handler)
    NMI_Handler                              0x08004403   Thumb Code     2  stm32g4xx_it.o(i.NMI_Handler)
    PendSV_Handler                           0x08004405   Thumb Code     2  stm32g4xx_it.o(i.PendSV_Handler)
    REG_8230_Init                            0x08004407   Thumb Code   274  lcd.o(i.REG_8230_Init)
    REG_932X_Init                            0x08004519   Thumb Code   514  lcd.o(i.REG_932X_Init)
    RTC_Bcd2ToByte                           0x0800471b   Thumb Code    18  stm32g4xx_hal_rtc.o(i.RTC_Bcd2ToByte)
    RTC_ByteToBcd2                           0x0800472d   Thumb Code    24  stm32g4xx_hal_rtc.o(i.RTC_ByteToBcd2)
    RTC_EnterInitMode                        0x08004745   Thumb Code    72  stm32g4xx_hal_rtc.o(i.RTC_EnterInitMode)
    RTC_ExitInitMode                         0x08004791   Thumb Code    84  stm32g4xx_hal_rtc.o(i.RTC_ExitInitMode)
    RTC_Init                                 0x080047e9   Thumb Code   142  rtc.o(i.RTC_Init)
    SCL_Output                               0x08004881   Thumb Code    20  i2c_hal.o(i.SCL_Output)
    SDA_Input                                0x08004899   Thumb Code    18  i2c_hal.o(i.SDA_Input)
    SDA_Input_Mode                           0x080048b1   Thumb Code    40  i2c_hal.o(i.SDA_Input_Mode)
    SDA_Output                               0x080048dd   Thumb Code    20  i2c_hal.o(i.SDA_Output)
    SDA_Output_Mode                          0x080048f5   Thumb Code    40  i2c_hal.o(i.SDA_Output_Mode)
    SVC_Handler                              0x08004921   Thumb Code     2  stm32g4xx_it.o(i.SVC_Handler)
    SysTick_Handler                          0x08004923   Thumb Code     4  stm32g4xx_it.o(i.SysTick_Handler)
    SystemClock_Config                       0x08004929   Thumb Code   156  main.o(i.SystemClock_Config)
    SystemInit                               0x080049cd   Thumb Code    12  system_stm32g4xx.o(i.SystemInit)
    TIM15_PWM_Init                           0x080049dd   Thumb Code   220  tim.o(i.TIM15_PWM_Init)
    TIM2_IC_Init                             0x08004ac1   Thumb Code   200  tim.o(i.TIM2_IC_Init)
    TIM2_IRQHandler                          0x08004b8d   Thumb Code     6  stm32g4xx_it.o(i.TIM2_IRQHandler)
    TIM3_IC_Init                             0x08004b99   Thumb Code   198  tim.o(i.TIM3_IC_Init)
    TIM3_IRQHandler                          0x08004c69   Thumb Code     6  stm32g4xx_it.o(i.TIM3_IRQHandler)
    TIM4_IRQHandler                          0x08004c75   Thumb Code     6  stm32g4xx_it.o(i.TIM4_IRQHandler)
    TIM4_OC_Init                             0x08004c81   Thumb Code   172  tim.o(i.TIM4_OC_Init)
    TIM6_DAC_IRQHandler                      0x08004d35   Thumb Code     6  stm32g4xx_it.o(i.TIM6_DAC_IRQHandler)
    TIM6_Init                                0x08004d41   Thumb Code    66  tim.o(i.TIM6_Init)
    TIM_Base_SetConfig                       0x08004d8d   Thumb Code   146  stm32g4xx_hal_tim.o(i.TIM_Base_SetConfig)
    TIM_CCxChannelCmd                        0x08004e3d   Thumb Code    26  stm32g4xx_hal_tim.o(i.TIM_CCxChannelCmd)
    TIM_ETR_SetConfig                        0x08004e57   Thumb Code    20  stm32g4xx_hal_tim.o(i.TIM_ETR_SetConfig)
    TIM_OC2_SetConfig                        0x08004f1d   Thumb Code   120  stm32g4xx_hal_tim.o(i.TIM_OC2_SetConfig)
    TIM_TI1_SetConfig                        0x08005271   Thumb Code    88  stm32g4xx_hal_tim.o(i.TIM_TI1_SetConfig)
    UART_AdvFeatureConfig                    0x0800537d   Thumb Code   200  stm32g4xx_hal_uart.o(i.UART_AdvFeatureConfig)
    UART_CheckIdleState                      0x08005445   Thumb Code    96  stm32g4xx_hal_uart.o(i.UART_CheckIdleState)
    UART_Init                                0x080054f1   Thumb Code    94  uart.o(i.UART_Init)
    UART_SetConfig                           0x080058d1   Thumb Code   582  stm32g4xx_hal_uart.o(i.UART_SetConfig)
    UART_Start_Receive_IT                    0x08005b45   Thumb Code   198  stm32g4xx_hal_uart.o(i.UART_Start_Receive_IT)
    UART_WaitOnFlagUntilTimeout              0x08005c1d   Thumb Code   164  stm32g4xx_hal_uart.o(i.UART_WaitOnFlagUntilTimeout)
    USART1_IRQHandler                        0x08005cc1   Thumb Code     6  stm32g4xx_it.o(i.USART1_IRQHandler)
    Uart_Proc                                0x08005ccd   Thumb Code    56  main.o(i.Uart_Proc)
    UsageFault_Handler                       0x08005d21   Thumb Code     2  stm32g4xx_it.o(i.UsageFault_Handler)
    __0sprintf                               0x08005d25   Thumb Code    34  printfa.o(i.__0sprintf)
    __1sprintf                               0x08005d25   Thumb Code     0  printfa.o(i.__0sprintf)
    __2sprintf                               0x08005d25   Thumb Code     0  printfa.o(i.__0sprintf)
    __c89sprintf                             0x08005d25   Thumb Code     0  printfa.o(i.__0sprintf)
    sprintf                                  0x08005d25   Thumb Code     0  printfa.o(i.__0sprintf)
    __scatterload_copy                       0x08005d6d   Thumb Code    14  handlers.o(i.__scatterload_copy)
    __scatterload_null                       0x08005d7b   Thumb Code     2  handlers.o(i.__scatterload_null)
    __scatterload_zeroinit                   0x08005d7d   Thumb Code    14  handlers.o(i.__scatterload_zeroinit)
    main                                     0x08006655   Thumb Code   218  main.o(i.main)
    ASCII_Table                              0x0800674c   Data        4560  lcd.o(.constdata)
    UARTPrescTable                           0x0800791c   Data          24  stm32g4xx_hal_uart.o(.constdata)
    AHBPrescTable                            0x08007944   Data          16  system_stm32g4xx.o(.constdata)
    APBPrescTable                            0x08007954   Data           8  system_stm32g4xx.o(.constdata)
    Region$$Table$$Base                      0x0800795c   Number         0  anon$$obj.o(Region$$Table)
    Region$$Table$$Limit                     0x0800797c   Number         0  anon$$obj.o(Region$$Table)
    Key_Val                                  0x20000000   Data           1  main.o(.data)
    Key_Down                                 0x20000001   Data           1  main.o(.data)
    Key_Up                                   0x20000002   Data           1  main.o(.data)
    Key_Old                                  0x20000003   Data           1  main.o(.data)
    RxDate                                   0x20000004   Data           1  main.o(.data)
    PWM_PA2                                  0x20000005   Data           1  main.o(.data)
    PWM_PA3                                  0x20000006   Data           1  main.o(.data)
    PWM1_IC_T                                0x20000008   Data           2  main.o(.data)
    PWM1_IC_t                                0x2000000a   Data           2  main.o(.data)
    PWM2_IC_T                                0x2000000c   Data           2  main.o(.data)
    PWM2_IC_t                                0x2000000e   Data           2  main.o(.data)
    Tim_Count                                0x20000010   Data           4  main.o(.data)
    uwTick_Key_Set_Point                     0x20000014   Data           4  main.o(.data)
    uwTick_Lcd_Set_Point                     0x20000018   Data           4  main.o(.data)
    uwTick_Uart_Set_Point                    0x2000001c   Data           4  main.o(.data)
    PWM1_Duty                                0x20000020   Data           4  main.o(.data)
    PWM2_Duty                                0x20000024   Data           4  main.o(.data)
    sDate                                    0x20000028   Data           4  main.o(.data)
    AT24C02Date                              0x2000002c   Data           5  main.o(.data)
    AT24C02_Read_Date                        0x20000031   Data           5  main.o(.data)
    dummy                                    0x2000003a   Data           2  lcd.o(.data)
    uwTickPrio                               0x20000040   Data           4  stm32g4xx_hal.o(.data)
    uwTickFreq                               0x20000044   Data           4  stm32g4xx_hal.o(.data)
    uwTick                                   0x20000048   Data           4  stm32g4xx_hal.o(.data)
    SystemCoreClock                          0x2000004c   Data           4  system_stm32g4xx.o(.data)
    StrShow                                  0x20000050   Data          21  main.o(.bss)
    TxDate                                   0x20000065   Data          50  main.o(.bss)
    sTime                                    0x20000098   Data          20  main.o(.bss)
    huart1                                   0x200000ac   Data         144  uart.o(.bss)
    hadc1                                    0x2000013c   Data         108  adc.o(.bss)
    hadc2                                    0x200001a8   Data         108  adc.o(.bss)
    htim2                                    0x20000214   Data          76  tim.o(.bss)
    htim3                                    0x20000260   Data          76  tim.o(.bss)
    htim4                                    0x200002ac   Data          76  tim.o(.bss)
    htim6                                    0x200002f8   Data          76  tim.o(.bss)
    htim15                                   0x20000344   Data          76  tim.o(.bss)
    hrtc                                     0x20000390   Data          40  rtc.o(.bss)
    __initial_sp                             0x200007b8   Data           0  startup_stm32g431xx.o(STACK)



==============================================================================

Memory Map of the image

  Image Entry point : 0x080001d9

  Load Region LR_IROM1 (Base: 0x08000000, Size: 0x000079cc, Max: 0x00020000, ABSOLUTE)

    Execution Region ER_IROM1 (Exec base: 0x08000000, Load base: 0x08000000, Size: 0x0000797c, Max: 0x00020000, ABSOLUTE)

    Exec Addr    Load Addr    Size         Type   Attr      Idx    E Section Name        Object

    0x08000000   0x08000000   0x000001d8   Data   RO            3    RESET               startup_stm32g431xx.o
    0x080001d8   0x080001d8   0x00000000   Code   RO         5113  * .ARM.Collect$$$$00000000  mc_w.l(entry.o)
    0x080001d8   0x080001d8   0x00000004   Code   RO         5393    .ARM.Collect$$$$00000001  mc_w.l(entry2.o)
    0x080001dc   0x080001dc   0x00000004   Code   RO         5396    .ARM.Collect$$$$00000004  mc_w.l(entry5.o)
    0x080001e0   0x080001e0   0x00000000   Code   RO         5398    .ARM.Collect$$$$00000008  mc_w.l(entry7b.o)
    0x080001e0   0x080001e0   0x00000000   Code   RO         5400    .ARM.Collect$$$$0000000A  mc_w.l(entry8b.o)
    0x080001e0   0x080001e0   0x00000008   Code   RO         5401    .ARM.Collect$$$$0000000B  mc_w.l(entry9a.o)
    0x080001e8   0x080001e8   0x00000000   Code   RO         5403    .ARM.Collect$$$$0000000D  mc_w.l(entry10a.o)
    0x080001e8   0x080001e8   0x00000000   Code   RO         5405    .ARM.Collect$$$$0000000F  mc_w.l(entry11a.o)
    0x080001e8   0x080001e8   0x00000004   Code   RO         5394    .ARM.Collect$$$$00002712  mc_w.l(entry2.o)
    0x080001ec   0x080001ec   0x00000024   Code   RO            4    .text               startup_stm32g431xx.o
    0x08000210   0x08000210   0x00000062   Code   RO         5116    .text               mc_w.l(uldiv.o)
    0x08000272   0x08000272   0x00000024   Code   RO         5118    .text               mc_w.l(memseta.o)
    0x08000296   0x08000296   0x0000000e   Code   RO         5120    .text               mc_w.l(strlen.o)
    0x080002a4   0x080002a4   0x000000e4   Code   RO         5383    .text               mf_w.l(dmul.o)
    0x08000388   0x08000388   0x000000de   Code   RO         5385    .text               mf_w.l(ddiv.o)
    0x08000466   0x08000466   0x0000001a   Code   RO         5387    .text               mf_w.l(dfltui.o)
    0x08000480   0x08000480   0x00000026   Code   RO         5389    .text               mf_w.l(f2d.o)
    0x080004a6   0x080004a6   0x00000038   Code   RO         5391    .text               mf_w.l(d2f.o)
    0x080004de   0x080004de   0x0000002c   Code   RO         5410    .text               mc_w.l(uidiv.o)
    0x0800050a   0x0800050a   0x0000001e   Code   RO         5412    .text               mc_w.l(llshl.o)
    0x08000528   0x08000528   0x00000020   Code   RO         5414    .text               mc_w.l(llushr.o)
    0x08000548   0x08000548   0x00000000   Code   RO         5416    .text               mc_w.l(iusefp.o)
    0x08000548   0x08000548   0x0000006e   Code   RO         5417    .text               mf_w.l(fepilogue.o)
    0x080005b6   0x080005b6   0x000000ba   Code   RO         5419    .text               mf_w.l(depilogue.o)
    0x08000670   0x08000670   0x0000014e   Code   RO         5421    .text               mf_w.l(dadd.o)
    0x080007be   0x080007be   0x00000030   Code   RO         5423    .text               mf_w.l(dfixul.o)
    0x080007ee   0x080007ee   0x00000002   PAD
    0x080007f0   0x080007f0   0x00000030   Code   RO         5425    .text               mf_w.l(cdrcmple.o)
    0x08000820   0x08000820   0x00000024   Code   RO         5427    .text               mc_w.l(init.o)
    0x08000844   0x08000844   0x00000024   Code   RO         5430    .text               mc_w.l(llsshr.o)
    0x08000868   0x08000868   0x00000018   Code   RO          760    i.ADC1_GetValue     adc.o
    0x08000880   0x08000880   0x00000090   Code   RO          761    i.ADC1_Init         adc.o
    0x08000910   0x08000910   0x00000018   Code   RO          762    i.ADC2_GetValue     adc.o
    0x08000928   0x08000928   0x0000007c   Code   RO          763    i.ADC2_Init         adc.o
    0x080009a4   0x080009a4   0x00000074   Code   RO         4184    i.ADC_Enable        stm32g4xx_hal_adc.o
    0x08000a18   0x08000a18   0x00000002   Code   RO          244    i.BusFault_Handler  stm32g4xx_it.o
    0x08000a1a   0x08000a1a   0x00000002   Code   RO          245    i.DebugMon_Handler  stm32g4xx_it.o
    0x08000a1c   0x08000a1c   0x0000001c   Code   RO          518    i.Delay_LCD         lcd.o
    0x08000a38   0x08000a38   0x00000004   Code   RO           13    i.Error_Handler     main.o
    0x08000a3c   0x08000a3c   0x000000d8   Code   RO         4434    i.HAL_ADCEx_MultiModeConfigChannel  stm32g4xx_hal_adc_ex.o
    0x08000b14   0x08000b14   0x00000424   Code   RO         4186    i.HAL_ADC_ConfigChannel  stm32g4xx_hal_adc.o
    0x08000f38   0x08000f38   0x00000006   Code   RO         4193    i.HAL_ADC_GetValue  stm32g4xx_hal_adc.o
    0x08000f3e   0x08000f3e   0x00000002   PAD
    0x08000f40   0x08000f40   0x000001fc   Code   RO         4195    i.HAL_ADC_Init      stm32g4xx_hal_adc.o
    0x0800113c   0x0800113c   0x000000a4   Code   RO          764    i.HAL_ADC_MspInit   adc.o
    0x080011e0   0x080011e0   0x000000f4   Code   RO         4201    i.HAL_ADC_Start     stm32g4xx_hal_adc.o
    0x080012d4   0x080012d4   0x0000006a   Code   RO         3248    i.HAL_DMA_Abort     stm32g4xx_hal_dma.o
    0x0800133e   0x0800133e   0x00000078   Code   RO         3249    i.HAL_DMA_Abort_IT  stm32g4xx_hal_dma.o
    0x080013b6   0x080013b6   0x00000002   PAD
    0x080013b8   0x080013b8   0x00000024   Code   RO         2419    i.HAL_Delay         stm32g4xx_hal.o
    0x080013dc   0x080013dc   0x000001c8   Code   RO         3110    i.HAL_GPIO_Init     stm32g4xx_hal_gpio.o
    0x080015a4   0x080015a4   0x0000000a   Code   RO         3112    i.HAL_GPIO_ReadPin  stm32g4xx_hal_gpio.o
    0x080015ae   0x080015ae   0x0000000a   Code   RO         3114    i.HAL_GPIO_WritePin  stm32g4xx_hal_gpio.o
    0x080015b8   0x080015b8   0x0000000c   Code   RO         2423    i.HAL_GetTick       stm32g4xx_hal.o
    0x080015c4   0x080015c4   0x00000010   Code   RO         2426    i.HAL_IncTick       stm32g4xx_hal.o
    0x080015d4   0x080015d4   0x0000001e   Code   RO         2427    i.HAL_Init          stm32g4xx_hal.o
    0x080015f2   0x080015f2   0x00000002   PAD
    0x080015f4   0x080015f4   0x00000044   Code   RO         2428    i.HAL_InitTick      stm32g4xx_hal.o
    0x08001638   0x08001638   0x00000030   Code   RO          349    i.HAL_MspInit       stm32g4xx_hal_msp.o
    0x08001668   0x08001668   0x0000001a   Code   RO         3517    i.HAL_NVIC_EnableIRQ  stm32g4xx_hal_cortex.o
    0x08001682   0x08001682   0x00000002   PAD
    0x08001684   0x08001684   0x00000040   Code   RO         3523    i.HAL_NVIC_SetPriority  stm32g4xx_hal_cortex.o
    0x080016c4   0x080016c4   0x00000024   Code   RO         3524    i.HAL_NVIC_SetPriorityGrouping  stm32g4xx_hal_cortex.o
    0x080016e8   0x080016e8   0x000000bc   Code   RO         2173    i.HAL_PWREx_ControlVoltageScaling  stm32g4xx_hal_pwr_ex.o
    0x080017a4   0x080017a4   0x00000010   Code   RO         2185    i.HAL_PWREx_DisableUCPDDeadBattery  stm32g4xx_hal_pwr_ex.o
    0x080017b4   0x080017b4   0x00000288   Code   RO         2772    i.HAL_RCCEx_PeriphCLKConfig  stm32g4xx_hal_rcc_ex.o
    0x08001a3c   0x08001a3c   0x000001dc   Code   RO         2647    i.HAL_RCC_ClockConfig  stm32g4xx_hal_rcc.o
    0x08001c18   0x08001c18   0x00000024   Code   RO         2655    i.HAL_RCC_GetPCLK1Freq  stm32g4xx_hal_rcc.o
    0x08001c3c   0x08001c3c   0x00000024   Code   RO         2656    i.HAL_RCC_GetPCLK2Freq  stm32g4xx_hal_rcc.o
    0x08001c60   0x08001c60   0x00000070   Code   RO         2657    i.HAL_RCC_GetSysClockFreq  stm32g4xx_hal_rcc.o
    0x08001cd0   0x08001cd0   0x0000040c   Code   RO         2660    i.HAL_RCC_OscConfig  stm32g4xx_hal_rcc.o
    0x080020dc   0x080020dc   0x00000048   Code   RO         4633    i.HAL_RTC_GetDate   stm32g4xx_hal_rtc.o
    0x08002124   0x08002124   0x0000005c   Code   RO         4635    i.HAL_RTC_GetTime   stm32g4xx_hal_rtc.o
    0x08002180   0x08002180   0x00000094   Code   RO         4636    i.HAL_RTC_Init      stm32g4xx_hal_rtc.o
    0x08002214   0x08002214   0x00000020   Code   RO          991    i.HAL_RTC_MspInit   rtc.o
    0x08002234   0x08002234   0x000000a8   Code   RO         4642    i.HAL_RTC_SetDate   stm32g4xx_hal_rtc.o
    0x080022dc   0x080022dc   0x000000d0   Code   RO         4643    i.HAL_RTC_SetTime   stm32g4xx_hal_rtc.o
    0x080023ac   0x080023ac   0x00000034   Code   RO         4644    i.HAL_RTC_WaitForSynchro  stm32g4xx_hal_rtc.o
    0x080023e0   0x080023e0   0x00000028   Code   RO         3528    i.HAL_SYSTICK_Config  stm32g4xx_hal_cortex.o
    0x08002408   0x08002408   0x00000002   Code   RO         1743    i.HAL_TIMEx_Break2Callback  stm32g4xx_hal_tim_ex.o
    0x0800240a   0x0800240a   0x00000002   Code   RO         1744    i.HAL_TIMEx_BreakCallback  stm32g4xx_hal_tim_ex.o
    0x0800240c   0x0800240c   0x00000002   Code   RO         1745    i.HAL_TIMEx_CommutCallback  stm32g4xx_hal_tim_ex.o
    0x0800240e   0x0800240e   0x00000002   PAD
    0x08002410   0x08002410   0x000000ac   Code   RO         1748    i.HAL_TIMEx_ConfigBreakDeadTime  stm32g4xx_hal_tim_ex.o
    0x080024bc   0x080024bc   0x00000002   Code   RO         1756    i.HAL_TIMEx_DirectionChangeCallback  stm32g4xx_hal_tim_ex.o
    0x080024be   0x080024be   0x00000002   Code   RO         1770    i.HAL_TIMEx_EncoderIndexCallback  stm32g4xx_hal_tim_ex.o
    0x080024c0   0x080024c0   0x00000002   Code   RO         1784    i.HAL_TIMEx_IndexErrorCallback  stm32g4xx_hal_tim_ex.o
    0x080024c2   0x080024c2   0x00000002   PAD
    0x080024c4   0x080024c4   0x0000009c   Code   RO         1785    i.HAL_TIMEx_MasterConfigSynchronization  stm32g4xx_hal_tim_ex.o
    0x08002560   0x08002560   0x00000002   Code   RO         1806    i.HAL_TIMEx_TransitionErrorCallback  stm32g4xx_hal_tim_ex.o
    0x08002562   0x08002562   0x00000062   Code   RO         1029    i.HAL_TIM_Base_Init  stm32g4xx_hal_tim.o
    0x080025c4   0x080025c4   0x0000012c   Code   RO          815    i.HAL_TIM_Base_MspInit  tim.o
    0x080026f0   0x080026f0   0x0000006c   Code   RO         1032    i.HAL_TIM_Base_Start  stm32g4xx_hal_tim.o
    0x0800275c   0x0800275c   0x00000078   Code   RO         1034    i.HAL_TIM_Base_Start_IT  stm32g4xx_hal_tim.o
    0x080027d4   0x080027d4   0x000000f8   Code   RO         1038    i.HAL_TIM_ConfigClockSource  stm32g4xx_hal_tim.o
    0x080028cc   0x080028cc   0x00000098   Code   RO           14    i.HAL_TIM_IC_CaptureCallback  main.o
    0x08002964   0x08002964   0x0000010e   Code   RO         1065    i.HAL_TIM_IC_ConfigChannel  stm32g4xx_hal_tim.o
    0x08002a72   0x08002a72   0x00000062   Code   RO         1068    i.HAL_TIM_IC_Init   stm32g4xx_hal_tim.o
    0x08002ad4   0x08002ad4   0x00000002   Code   RO         1070    i.HAL_TIM_IC_MspInit  stm32g4xx_hal_tim.o
    0x08002ad6   0x08002ad6   0x00000002   PAD
    0x08002ad8   0x08002ad8   0x00000128   Code   RO         1073    i.HAL_TIM_IC_Start_IT  stm32g4xx_hal_tim.o
    0x08002c00   0x08002c00   0x000001fc   Code   RO         1077    i.HAL_TIM_IRQHandler  stm32g4xx_hal_tim.o
    0x08002dfc   0x08002dfc   0x00000074   Code   RO          816    i.HAL_TIM_MspPostInit  tim.o
    0x08002e70   0x08002e70   0x00000068   Code   RO         1078    i.HAL_TIM_OC_ConfigChannel  stm32g4xx_hal_tim.o
    0x08002ed8   0x08002ed8   0x0000002c   Code   RO           15    i.HAL_TIM_OC_DelayElapsedCallback  main.o
    0x08002f04   0x08002f04   0x00000062   Code   RO         1082    i.HAL_TIM_OC_Init   stm32g4xx_hal_tim.o
    0x08002f66   0x08002f66   0x00000002   Code   RO         1084    i.HAL_TIM_OC_MspInit  stm32g4xx_hal_tim.o
    0x08002f68   0x08002f68   0x00000124   Code   RO         1087    i.HAL_TIM_OC_Start_IT  stm32g4xx_hal_tim.o
    0x0800308c   0x0800308c   0x0000011e   Code   RO         1101    i.HAL_TIM_PWM_ConfigChannel  stm32g4xx_hal_tim.o
    0x080031aa   0x080031aa   0x00000062   Code   RO         1104    i.HAL_TIM_PWM_Init  stm32g4xx_hal_tim.o
    0x0800320c   0x0800320c   0x00000002   Code   RO         1106    i.HAL_TIM_PWM_MspInit  stm32g4xx_hal_tim.o
    0x0800320e   0x0800320e   0x00000002   Code   RO         1107    i.HAL_TIM_PWM_PulseFinishedCallback  stm32g4xx_hal_tim.o
    0x08003210   0x08003210   0x000000fc   Code   RO         1109    i.HAL_TIM_PWM_Start  stm32g4xx_hal_tim.o
    0x0800330c   0x0800330c   0x0000001c   Code   RO           16    i.HAL_TIM_PeriodElapsedCallback  main.o
    0x08003328   0x08003328   0x0000002a   Code   RO         1117    i.HAL_TIM_ReadCapturedValue  stm32g4xx_hal_tim.o
    0x08003352   0x08003352   0x00000056   Code   RO         1118    i.HAL_TIM_SlaveConfigSynchro  stm32g4xx_hal_tim.o
    0x080033a8   0x080033a8   0x00000002   Code   RO         1120    i.HAL_TIM_TriggerCallback  stm32g4xx_hal_tim.o
    0x080033aa   0x080033aa   0x0000003e   Code   RO         4067    i.HAL_UARTEx_DisableFifoMode  stm32g4xx_hal_uart_ex.o
    0x080033e8   0x080033e8   0x00000002   Code   RO         3656    i.HAL_UARTEx_RxEventCallback  stm32g4xx_hal_uart.o
    0x080033ea   0x080033ea   0x00000002   Code   RO         4074    i.HAL_UARTEx_RxFifoFullCallback  stm32g4xx_hal_uart_ex.o
    0x080033ec   0x080033ec   0x0000004c   Code   RO         4075    i.HAL_UARTEx_SetRxFifoThreshold  stm32g4xx_hal_uart_ex.o
    0x08003438   0x08003438   0x0000004c   Code   RO         4076    i.HAL_UARTEx_SetTxFifoThreshold  stm32g4xx_hal_uart_ex.o
    0x08003484   0x08003484   0x00000002   Code   RO         4078    i.HAL_UARTEx_TxFifoEmptyCallback  stm32g4xx_hal_uart_ex.o
    0x08003486   0x08003486   0x00000002   Code   RO         4079    i.HAL_UARTEx_WakeupCallback  stm32g4xx_hal_uart_ex.o
    0x08003488   0x08003488   0x00000002   Code   RO         3672    i.HAL_UART_ErrorCallback  stm32g4xx_hal_uart.o
    0x0800348a   0x0800348a   0x00000002   PAD
    0x0800348c   0x0800348c   0x00000284   Code   RO         3675    i.HAL_UART_IRQHandler  stm32g4xx_hal_uart.o
    0x08003710   0x08003710   0x0000006a   Code   RO         3676    i.HAL_UART_Init     stm32g4xx_hal_uart.o
    0x0800377a   0x0800377a   0x00000002   PAD
    0x0800377c   0x0800377c   0x00000074   Code   RO          724    i.HAL_UART_MspInit  uart.o
    0x080037f0   0x080037f0   0x0000004c   Code   RO         3681    i.HAL_UART_Receive_IT  stm32g4xx_hal_uart.o
    0x0800383c   0x0800383c   0x00000024   Code   RO           17    i.HAL_UART_RxCpltCallback  main.o
    0x08003860   0x08003860   0x000000bc   Code   RO         3685    i.HAL_UART_Transmit  stm32g4xx_hal_uart.o
    0x0800391c   0x0800391c   0x00000002   Code   RO         3688    i.HAL_UART_TxCpltCallback  stm32g4xx_hal_uart.o
    0x0800391e   0x0800391e   0x00000002   Code   RO          246    i.HardFault_Handler  stm32g4xx_it.o
    0x08003920   0x08003920   0x0000002c   Code   RO          373    i.I2CInit           i2c_hal.o
    0x0800394c   0x0800394c   0x0000004e   Code   RO          374    i.I2CReceiveByte    i2c_hal.o
    0x0800399a   0x0800399a   0x00000030   Code   RO          375    i.I2CSendAck        i2c_hal.o
    0x080039ca   0x080039ca   0x0000004e   Code   RO          376    i.I2CSendByte       i2c_hal.o
    0x08003a18   0x08003a18   0x00000030   Code   RO          377    i.I2CSendNotAck     i2c_hal.o
    0x08003a48   0x08003a48   0x00000036   Code   RO          378    i.I2CStart          i2c_hal.o
    0x08003a7e   0x08003a7e   0x00000036   Code   RO          379    i.I2CStop           i2c_hal.o
    0x08003ab4   0x08003ab4   0x00000050   Code   RO          380    i.I2CWaitAck        i2c_hal.o
    0x08003b04   0x08003b04   0x00000052   Code   RO          381    i.IIC_24C02_ReadDate  i2c_hal.o
    0x08003b56   0x08003b56   0x00000042   Code   RO          382    i.IIC_24C02_WriteDate  i2c_hal.o
    0x08003b98   0x08003b98   0x000000e0   Code   RO          482    i.Key_Led_Init      key_led.o
    0x08003c78   0x08003c78   0x0000006c   Code   RO           18    i.Key_Proc          main.o
    0x08003ce4   0x08003ce4   0x00000040   Code   RO          483    i.Key_Scan          key_led.o
    0x08003d24   0x08003d24   0x0000002c   Code   RO          519    i.LCD_BusIn         lcd.o
    0x08003d50   0x08003d50   0x00000030   Code   RO          520    i.LCD_BusOut        lcd.o
    0x08003d80   0x08003d80   0x00000024   Code   RO          521    i.LCD_Clear         lcd.o
    0x08003da4   0x08003da4   0x00000090   Code   RO          523    i.LCD_CtrlLinesConfig  lcd.o
    0x08003e34   0x08003e34   0x00000018   Code   RO          524    i.LCD_DisplayChar   lcd.o
    0x08003e4c   0x08003e4c   0x0000002a   Code   RO          527    i.LCD_DisplayStringLine  lcd.o
    0x08003e76   0x08003e76   0x00000002   PAD
    0x08003e78   0x08003e78   0x00000058   Code   RO          528    i.LCD_DrawChar      lcd.o
    0x08003ed0   0x08003ed0   0x00000034   Code   RO          534    i.LCD_Init          lcd.o
    0x08003f04   0x08003f04   0x00000080   Code   RO          537    i.LCD_ReadReg       lcd.o
    0x08003f84   0x08003f84   0x00000010   Code   RO          538    i.LCD_SetBackColor  lcd.o
    0x08003f94   0x08003f94   0x00000018   Code   RO          539    i.LCD_SetCursor     lcd.o
    0x08003fac   0x08003fac   0x00000010   Code   RO          541    i.LCD_SetTextColor  lcd.o
    0x08003fbc   0x08003fbc   0x00000058   Code   RO          544    i.LCD_WriteRAM      lcd.o
    0x08004014   0x08004014   0x0000005c   Code   RO          545    i.LCD_WriteRAM_Prepare  lcd.o
    0x08004070   0x08004070   0x0000006c   Code   RO          546    i.LCD_WriteReg      lcd.o
    0x080040dc   0x080040dc   0x00000054   Code   RO          484    i.LED_Disp          key_led.o
    0x08004130   0x08004130   0x0000000c   Code   RO         4209    i.LL_ADC_GetOffsetChannel  stm32g4xx_hal_adc.o
    0x0800413c   0x0800413c   0x00000008   Code   RO         4210    i.LL_ADC_INJ_IsConversionOngoing  stm32g4xx_hal_adc.o
    0x08004144   0x08004144   0x00000008   Code   RO         4211    i.LL_ADC_REG_IsConversionOngoing  stm32g4xx_hal_adc.o
    0x0800414c   0x0800414c   0x00000008   Code   RO         4444    i.LL_ADC_REG_IsConversionOngoing  stm32g4xx_hal_adc_ex.o
    0x08004154   0x08004154   0x0000001e   Code   RO         4214    i.LL_ADC_SetChannelSamplingTime  stm32g4xx_hal_adc.o
    0x08004172   0x08004172   0x00000010   Code   RO         4215    i.LL_ADC_SetOffsetState  stm32g4xx_hal_adc.o
    0x08004182   0x08004182   0x00000002   PAD
    0x08004184   0x08004184   0x0000027c   Code   RO           19    i.Lcd_Proc          main.o
    0x08004400   0x08004400   0x00000002   Code   RO          247    i.MemManage_Handler  stm32g4xx_it.o
    0x08004402   0x08004402   0x00000002   Code   RO          248    i.NMI_Handler       stm32g4xx_it.o
    0x08004404   0x08004404   0x00000002   Code   RO          249    i.PendSV_Handler    stm32g4xx_it.o
    0x08004406   0x08004406   0x00000112   Code   RO          547    i.REG_8230_Init     lcd.o
    0x08004518   0x08004518   0x00000202   Code   RO          548    i.REG_932X_Init     lcd.o
    0x0800471a   0x0800471a   0x00000012   Code   RO         4645    i.RTC_Bcd2ToByte    stm32g4xx_hal_rtc.o
    0x0800472c   0x0800472c   0x00000018   Code   RO         4646    i.RTC_ByteToBcd2    stm32g4xx_hal_rtc.o
    0x08004744   0x08004744   0x0000004c   Code   RO         4647    i.RTC_EnterInitMode  stm32g4xx_hal_rtc.o
    0x08004790   0x08004790   0x00000058   Code   RO         4648    i.RTC_ExitInitMode  stm32g4xx_hal_rtc.o
    0x080047e8   0x080047e8   0x00000098   Code   RO          992    i.RTC_Init          rtc.o
    0x08004880   0x08004880   0x00000018   Code   RO          383    i.SCL_Output        i2c_hal.o
    0x08004898   0x08004898   0x00000018   Code   RO          384    i.SDA_Input         i2c_hal.o
    0x080048b0   0x080048b0   0x0000002c   Code   RO          385    i.SDA_Input_Mode    i2c_hal.o
    0x080048dc   0x080048dc   0x00000018   Code   RO          386    i.SDA_Output        i2c_hal.o
    0x080048f4   0x080048f4   0x0000002c   Code   RO          387    i.SDA_Output_Mode   i2c_hal.o
    0x08004920   0x08004920   0x00000002   Code   RO          250    i.SVC_Handler       stm32g4xx_it.o
    0x08004922   0x08004922   0x00000004   Code   RO          251    i.SysTick_Handler   stm32g4xx_it.o
    0x08004926   0x08004926   0x00000002   PAD
    0x08004928   0x08004928   0x000000a4   Code   RO           20    i.SystemClock_Config  main.o
    0x080049cc   0x080049cc   0x00000010   Code   RO         5079    i.SystemInit        system_stm32g4xx.o
    0x080049dc   0x080049dc   0x000000e4   Code   RO          817    i.TIM15_PWM_Init    tim.o
    0x08004ac0   0x08004ac0   0x000000cc   Code   RO          818    i.TIM2_IC_Init      tim.o
    0x08004b8c   0x08004b8c   0x0000000c   Code   RO          252    i.TIM2_IRQHandler   stm32g4xx_it.o
    0x08004b98   0x08004b98   0x000000d0   Code   RO          819    i.TIM3_IC_Init      tim.o
    0x08004c68   0x08004c68   0x0000000c   Code   RO          253    i.TIM3_IRQHandler   stm32g4xx_it.o
    0x08004c74   0x08004c74   0x0000000c   Code   RO          254    i.TIM4_IRQHandler   stm32g4xx_it.o
    0x08004c80   0x08004c80   0x000000b4   Code   RO          820    i.TIM4_OC_Init      tim.o
    0x08004d34   0x08004d34   0x0000000c   Code   RO          255    i.TIM6_DAC_IRQHandler  stm32g4xx_it.o
    0x08004d40   0x08004d40   0x0000004c   Code   RO          821    i.TIM6_Init         tim.o
    0x08004d8c   0x08004d8c   0x000000b0   Code   RO         1122    i.TIM_Base_SetConfig  stm32g4xx_hal_tim.o
    0x08004e3c   0x08004e3c   0x0000001a   Code   RO         1123    i.TIM_CCxChannelCmd  stm32g4xx_hal_tim.o
    0x08004e56   0x08004e56   0x00000014   Code   RO         1133    i.TIM_ETR_SetConfig  stm32g4xx_hal_tim.o
    0x08004e6a   0x08004e6a   0x00000002   PAD
    0x08004e6c   0x08004e6c   0x00000014   Code   RO         1134    i.TIM_ITRx_SetConfig  stm32g4xx_hal_tim.o
    0x08004e80   0x08004e80   0x0000009c   Code   RO         1135    i.TIM_OC1_SetConfig  stm32g4xx_hal_tim.o
    0x08004f1c   0x08004f1c   0x00000090   Code   RO         1136    i.TIM_OC2_SetConfig  stm32g4xx_hal_tim.o
    0x08004fac   0x08004fac   0x00000090   Code   RO         1137    i.TIM_OC3_SetConfig  stm32g4xx_hal_tim.o
    0x0800503c   0x0800503c   0x00000090   Code   RO         1138    i.TIM_OC4_SetConfig  stm32g4xx_hal_tim.o
    0x080050cc   0x080050cc   0x00000070   Code   RO         1139    i.TIM_OC5_SetConfig  stm32g4xx_hal_tim.o
    0x0800513c   0x0800513c   0x00000070   Code   RO         1140    i.TIM_OC6_SetConfig  stm32g4xx_hal_tim.o
    0x080051ac   0x080051ac   0x000000a0   Code   RO         1141    i.TIM_SlaveTimer_SetConfig  stm32g4xx_hal_tim.o
    0x0800524c   0x0800524c   0x00000022   Code   RO         1142    i.TIM_TI1_ConfigInputStage  stm32g4xx_hal_tim.o
    0x0800526e   0x0800526e   0x00000002   PAD
    0x08005270   0x08005270   0x0000006c   Code   RO         1143    i.TIM_TI1_SetConfig  stm32g4xx_hal_tim.o
    0x080052dc   0x080052dc   0x00000024   Code   RO         1144    i.TIM_TI2_ConfigInputStage  stm32g4xx_hal_tim.o
    0x08005300   0x08005300   0x00000036   Code   RO         1145    i.TIM_TI2_SetConfig  stm32g4xx_hal_tim.o
    0x08005336   0x08005336   0x00000002   PAD
    0x08005338   0x08005338   0x00000044   Code   RO         4080    i.UARTEx_SetNbDataToProcess  stm32g4xx_hal_uart_ex.o
    0x0800537c   0x0800537c   0x000000c8   Code   RO         3690    i.UART_AdvFeatureConfig  stm32g4xx_hal_uart.o
    0x08005444   0x08005444   0x00000060   Code   RO         3691    i.UART_CheckIdleState  stm32g4xx_hal_uart.o
    0x080054a4   0x080054a4   0x00000014   Code   RO         3692    i.UART_DMAAbortOnError  stm32g4xx_hal_uart.o
    0x080054b8   0x080054b8   0x00000038   Code   RO         3702    i.UART_EndRxTransfer  stm32g4xx_hal_uart.o
    0x080054f0   0x080054f0   0x00000068   Code   RO          725    i.UART_Init         uart.o
    0x08005558   0x08005558   0x00000080   Code   RO         3704    i.UART_RxISR_16BIT  stm32g4xx_hal_uart.o
    0x080055d8   0x080055d8   0x0000013c   Code   RO         3705    i.UART_RxISR_16BIT_FIFOEN  stm32g4xx_hal_uart.o
    0x08005714   0x08005714   0x00000080   Code   RO         3706    i.UART_RxISR_8BIT   stm32g4xx_hal_uart.o
    0x08005794   0x08005794   0x0000013c   Code   RO         3707    i.UART_RxISR_8BIT_FIFOEN  stm32g4xx_hal_uart.o
    0x080058d0   0x080058d0   0x00000274   Code   RO         3708    i.UART_SetConfig    stm32g4xx_hal_uart.o
    0x08005b44   0x08005b44   0x000000d8   Code   RO         3710    i.UART_Start_Receive_IT  stm32g4xx_hal_uart.o
    0x08005c1c   0x08005c1c   0x000000a4   Code   RO         3715    i.UART_WaitOnFlagUntilTimeout  stm32g4xx_hal_uart.o
    0x08005cc0   0x08005cc0   0x0000000c   Code   RO          256    i.USART1_IRQHandler  stm32g4xx_it.o
    0x08005ccc   0x08005ccc   0x00000054   Code   RO           21    i.Uart_Proc         main.o
    0x08005d20   0x08005d20   0x00000002   Code   RO          257    i.UsageFault_Handler  stm32g4xx_it.o
    0x08005d22   0x08005d22   0x00000002   PAD
    0x08005d24   0x08005d24   0x00000028   Code   RO         5357    i.__0sprintf        mc_w.l(printfa.o)
    0x08005d4c   0x08005d4c   0x00000020   Code   RO         3530    i.__NVIC_SetPriority  stm32g4xx_hal_cortex.o
    0x08005d6c   0x08005d6c   0x0000000e   Code   RO         5435    i.__scatterload_copy  mc_w.l(handlers.o)
    0x08005d7a   0x08005d7a   0x00000002   Code   RO         5436    i.__scatterload_null  mc_w.l(handlers.o)
    0x08005d7c   0x08005d7c   0x0000000e   Code   RO         5437    i.__scatterload_zeroinit  mc_w.l(handlers.o)
    0x08005d8a   0x08005d8a   0x00000002   PAD
    0x08005d8c   0x08005d8c   0x00000184   Code   RO         5362    i._fp_digits        mc_w.l(printfa.o)
    0x08005f10   0x08005f10   0x000006dc   Code   RO         5363    i._printf_core      mc_w.l(printfa.o)
    0x080065ec   0x080065ec   0x00000024   Code   RO         5364    i._printf_post_padding  mc_w.l(printfa.o)
    0x08006610   0x08006610   0x0000002e   Code   RO         5365    i._printf_pre_padding  mc_w.l(printfa.o)
    0x0800663e   0x0800663e   0x0000000a   Code   RO         5367    i._sputc            mc_w.l(printfa.o)
    0x08006648   0x08006648   0x0000000c   Code   RO          388    i.delay1            i2c_hal.o
    0x08006654   0x08006654   0x000000f8   Code   RO           22    i.main              main.o
    0x0800674c   0x0800674c   0x000011d0   Data   RO          549    .constdata          lcd.o
    0x0800791c   0x0800791c   0x00000018   Data   RO         3716    .constdata          stm32g4xx_hal_uart.o
    0x08007934   0x08007934   0x00000010   Data   RO         4081    .constdata          stm32g4xx_hal_uart_ex.o
    0x08007944   0x08007944   0x00000010   Data   RO         5080    .constdata          system_stm32g4xx.o
    0x08007954   0x08007954   0x00000008   Data   RO         5081    .constdata          system_stm32g4xx.o
    0x0800795c   0x0800795c   0x00000020   Data   RO         5433    Region$$Table       anon$$obj.o


    Execution Region RW_IRAM1 (Exec base: 0x20000000, Load base: 0x0800797c, Size: 0x000007b8, Max: 0x00008000, ABSOLUTE)

    Exec Addr    Load Addr    Size         Type   Attr      Idx    E Section Name        Object

    0x20000000   0x0800797c   0x00000036   Data   RW           24    .data               main.o
    0x20000036   0x080079b2   0x00000006   Data   RW          550    .data               lcd.o
    0x2000003c   0x080079b8   0x00000004   Data   RW          766    .data               adc.o
    0x20000040   0x080079bc   0x0000000c   Data   RW         2447    .data               stm32g4xx_hal.o
    0x2000004c   0x080079c8   0x00000004   Data   RW         5082    .data               system_stm32g4xx.o
    0x20000050        -       0x0000005c   Zero   RW           23    .bss                main.o
    0x200000ac        -       0x00000090   Zero   RW          726    .bss                uart.o
    0x2000013c        -       0x000000d8   Zero   RW          765    .bss                adc.o
    0x20000214        -       0x0000017c   Zero   RW          822    .bss                tim.o
    0x20000390        -       0x00000028   Zero   RW          993    .bss                rtc.o
    0x200003b8        -       0x00000400   Zero   RW            1    STACK               startup_stm32g431xx.o


==============================================================================

Image component sizes


      Code (inc. data)   RO Data    RW Data    ZI Data      Debug   Object Name

       480         52          0          4        216       3524   adc.o
       804         28          0          0          0       9256   i2c_hal.o
       372         32          0          0          0       2177   key_led.o
      1766         76       4560          6          0      11342   lcd.o
      1504        316          0         54         92     695808   main.o
       184         20          0          0         40       1548   rtc.o
        36          8        472          0       1024        824   startup_stm32g431xx.o
       162         24          0         12          0       4229   stm32g4xx_hal.o
      2008        106          0          0          0      75655   stm32g4xx_hal_adc.o
       224          8          0          0          0      67591   stm32g4xx_hal_adc_ex.o
       198         14          0          0          0      33751   stm32g4xx_hal_cortex.o
       226          0          0          0          0       1899   stm32g4xx_hal_dma.o
       476         34          0          0          0       3055   stm32g4xx_hal_gpio.o
        48          6          0          0          0        810   stm32g4xx_hal_msp.o
       204         18          0          0          0       1377   stm32g4xx_hal_pwr_ex.o
      1696         92          0          0          0       5896   stm32g4xx_hal_rcc.o
       648         10          0          0          0       1852   stm32g4xx_hal_rcc_ex.o
       946         60          0          0          0       8047   stm32g4xx_hal_rtc.o
      4460        374          0          0          0      28385   stm32g4xx_hal_tim.o
       342         32          0          0          0       6192   stm32g4xx_hal_tim_ex.o
      3288        128         24          0          0      35274   stm32g4xx_hal_uart.o
       288          6         16          0          0       5262   stm32g4xx_hal_uart_ex.o
        80         30          0          0          0       6194   stm32g4xx_it.o
        16          4         24          4          0       1067   system_stm32g4xx.o
      1312         76          0          0        380     514648   tim.o
       220         20          0          0        144       1716   uart.o

    ----------------------------------------------------------------------
     22020       1574       5128         80       1896    1527379   Object Totals
         0          0         32          0          0          0   (incl. Generated)
        32          0          0          0          0          0   (incl. Padding)

    ----------------------------------------------------------------------

      Code (inc. data)   RO Data    RW Data    ZI Data      Debug   Library Member Name

         0          0          0          0          0          0   entry.o
         0          0          0          0          0          0   entry10a.o
         0          0          0          0          0          0   entry11a.o
         8          4          0          0          0          0   entry2.o
         4          0          0          0          0          0   entry5.o
         0          0          0          0          0          0   entry7b.o
         0          0          0          0          0          0   entry8b.o
         8          4          0          0          0          0   entry9a.o
        30          0          0          0          0          0   handlers.o
        36          8          0          0          0         68   init.o
         0          0          0          0          0          0   iusefp.o
        30          0          0          0          0         68   llshl.o
        36          0          0          0          0         68   llsshr.o
        32          0          0          0          0         68   llushr.o
        36          0          0          0          0        108   memseta.o
      2276         86          0          0          0        520   printfa.o
        14          0          0          0          0         68   strlen.o
        44          0          0          0          0         80   uidiv.o
        98          0          0          0          0         92   uldiv.o
        48          0          0          0          0         68   cdrcmple.o
        56          0          0          0          0         88   d2f.o
       334          0          0          0          0        148   dadd.o
       222          0          0          0          0        100   ddiv.o
       186          0          0          0          0        176   depilogue.o
        48          0          0          0          0         68   dfixul.o
        26          0          0          0          0         76   dfltui.o
       228          0          0          0          0         96   dmul.o
        38          0          0          0          0         68   f2d.o
       110          0          0          0          0        168   fepilogue.o

    ----------------------------------------------------------------------
      3952        102          0          0          0       2196   Library Totals
         4          0          0          0          0          0   (incl. Padding)

    ----------------------------------------------------------------------

      Code (inc. data)   RO Data    RW Data    ZI Data      Debug   Library Name

      2652        102          0          0          0       1140   mc_w.l
      1296          0          0          0          0       1056   mf_w.l

    ----------------------------------------------------------------------
      3952        102          0          0          0       2196   Library Totals

    ----------------------------------------------------------------------

==============================================================================


      Code (inc. data)   RO Data    RW Data    ZI Data      Debug   

     25972       1676       5128         80       1896    1510087   Grand Totals
     25972       1676       5128         80       1896    1510087   ELF Image Totals
     25972       1676       5128         80          0          0   ROM Totals

==============================================================================

    Total RO  Size (Code + RO Data)                31100 (  30.37kB)
    Total RW  Size (RW Data + ZI Data)              1976 (   1.93kB)
    Total ROM Size (Code + RO Data + RW Data)      31180 (  30.45kB)

==============================================================================

