Component: ARM Compiler 5.06 update 5 (build 528) Tool: armlink [4d35e2]

==============================================================================

Section Cross References

    startup_stm32g431xx.o(RESET) refers to startup_stm32g431xx.o(STACK) for __initial_sp
    startup_stm32g431xx.o(RESET) refers to startup_stm32g431xx.o(.text) for Reset_Handler
    startup_stm32g431xx.o(RESET) refers to stm32g4xx_it.o(i.NMI_Handler) for NMI_Handler
    startup_stm32g431xx.o(RESET) refers to stm32g4xx_it.o(i.HardFault_Handler) for HardFault_Handler
    startup_stm32g431xx.o(RESET) refers to stm32g4xx_it.o(i.MemManage_Handler) for MemManage_Handler
    startup_stm32g431xx.o(RESET) refers to stm32g4xx_it.o(i.BusFault_Handler) for BusFault_Handler
    startup_stm32g431xx.o(RESET) refers to stm32g4xx_it.o(i.UsageFault_Handler) for UsageFault_Handler
    startup_stm32g431xx.o(RESET) refers to stm32g4xx_it.o(i.SVC_Handler) for SVC_Handler
    startup_stm32g431xx.o(RESET) refers to stm32g4xx_it.o(i.DebugMon_Handler) for DebugMon_Handler
    startup_stm32g431xx.o(RESET) refers to stm32g4xx_it.o(i.PendSV_Handler) for PendSV_Handler
    startup_stm32g431xx.o(RESET) refers to stm32g4xx_it.o(i.SysTick_Handler) for SysTick_Handler
    startup_stm32g431xx.o(RESET) refers to stm32g4xx_it.o(i.TIM2_IRQHandler) for TIM2_IRQHandler
    startup_stm32g431xx.o(RESET) refers to stm32g4xx_it.o(i.TIM3_IRQHandler) for TIM3_IRQHandler
    startup_stm32g431xx.o(RESET) refers to stm32g4xx_it.o(i.TIM4_IRQHandler) for TIM4_IRQHandler
    startup_stm32g431xx.o(RESET) refers to stm32g4xx_it.o(i.USART1_IRQHandler) for USART1_IRQHandler
    startup_stm32g431xx.o(.text) refers to system_stm32g4xx.o(i.SystemInit) for SystemInit
    startup_stm32g431xx.o(.text) refers to entry.o(.ARM.Collect$$$$00000000) for __main
    main.o(i.Key_Proc) refers to adc.o(i.Read_Btn) for Read_Btn
    main.o(i.Key_Proc) refers to led.o(i.LED_Disp) for LED_Disp
    main.o(i.Key_Proc) refers to stm32g4xx_hal.o(.data) for uwTick
    main.o(i.Key_Proc) refers to main.o(.data) for .data
    main.o(i.LCD_Proc) refers to seg.o(i.Seg_Display_Num) for Seg_Display_Num
    main.o(i.LCD_Proc) refers to adc.o(i.Read_Btn) for Read_Btn
    main.o(i.LCD_Proc) refers to adc.o(i.Get_Btn) for Get_Btn
    main.o(i.LCD_Proc) refers to printfa.o(i.__0sprintf) for __2sprintf
    main.o(i.LCD_Proc) refers to lcd.o(i.LCD_DisplayStringLine) for LCD_DisplayStringLine
    main.o(i.LCD_Proc) refers to ds18b20_hal.o(i.ds18b20_read) for ds18b20_read
    main.o(i.LCD_Proc) refers to dfltui.o(.text) for __aeabi_ui2d
    main.o(i.LCD_Proc) refers to dmul.o(.text) for __aeabi_dmul
    main.o(i.LCD_Proc) refers to stm32g4xx_hal.o(.data) for uwTick
    main.o(i.LCD_Proc) refers to main.o(.data) for .data
    main.o(i.LCD_Proc) refers to main.o(.bss) for .bss
    main.o(i.SystemClock_Config) refers to memseta.o(.text) for __aeabi_memclr4
    main.o(i.SystemClock_Config) refers to stm32g4xx_hal_pwr_ex.o(i.HAL_PWREx_ControlVoltageScaling) for HAL_PWREx_ControlVoltageScaling
    main.o(i.SystemClock_Config) refers to stm32g4xx_hal_rcc.o(i.HAL_RCC_OscConfig) for HAL_RCC_OscConfig
    main.o(i.SystemClock_Config) refers to stm32g4xx_hal_rcc.o(i.HAL_RCC_ClockConfig) for HAL_RCC_ClockConfig
    main.o(i.SystemClock_Config) refers to stm32g4xx_hal_rcc_ex.o(i.HAL_RCCEx_PeriphCLKConfig) for HAL_RCCEx_PeriphCLKConfig
    main.o(i.main) refers to stm32g4xx_hal.o(i.HAL_Init) for HAL_Init
    main.o(i.main) refers to main.o(i.SystemClock_Config) for SystemClock_Config
    main.o(i.main) refers to led.o(i.LED_Init) for LED_Init
    main.o(i.main) refers to key.o(i.Key_Init) for Key_Init
    main.o(i.main) refers to lcd.o(i.LCD_Init) for LCD_Init
    main.o(i.main) refers to seg.o(i.SEG_Init) for SEG_Init
    main.o(i.main) refers to adc.o(i.ADC2_Init) for ADC2_Init
    main.o(i.main) refers to ds18b20_hal.o(i.ds18b20_init_x) for ds18b20_init_x
    main.o(i.main) refers to lcd.o(i.LCD_Clear) for LCD_Clear
    main.o(i.main) refers to lcd.o(i.LCD_SetBackColor) for LCD_SetBackColor
    main.o(i.main) refers to lcd.o(i.LCD_SetTextColor) for LCD_SetTextColor
    main.o(i.main) refers to main.o(i.Key_Proc) for Key_Proc
    main.o(i.main) refers to main.o(i.LCD_Proc) for LCD_Proc
    stm32g4xx_it.o(i.SysTick_Handler) refers to stm32g4xx_hal.o(i.HAL_IncTick) for HAL_IncTick
    stm32g4xx_it.o(i.TIM2_IRQHandler) refers to stm32g4xx_hal_tim.o(i.HAL_TIM_IRQHandler) for HAL_TIM_IRQHandler
    stm32g4xx_it.o(i.TIM2_IRQHandler) refers to tim.o(.bss) for htim2
    stm32g4xx_it.o(i.TIM3_IRQHandler) refers to stm32g4xx_hal_tim.o(i.HAL_TIM_IRQHandler) for HAL_TIM_IRQHandler
    stm32g4xx_it.o(i.TIM3_IRQHandler) refers to tim.o(.bss) for htim3
    stm32g4xx_it.o(i.TIM4_IRQHandler) refers to stm32g4xx_hal_tim.o(i.HAL_TIM_IRQHandler) for HAL_TIM_IRQHandler
    stm32g4xx_it.o(i.TIM4_IRQHandler) refers to tim.o(.bss) for htim4
    stm32g4xx_it.o(i.USART1_IRQHandler) refers to stm32g4xx_hal_uart.o(i.HAL_UART_IRQHandler) for HAL_UART_IRQHandler
[...]
    Removing stm32g4xx_hal_adc_ex.o(i.HAL_ADCEx_DisableVoltageRegulator), (32 bytes).
    Removing stm32g4xx_hal_adc_ex.o(i.HAL_ADCEx_EnableInjectedQueue), (48 bytes).
    Removing stm32g4xx_hal_adc_ex.o(i.HAL_ADCEx_EndOfSamplingCallback), (2 bytes).
    Removing stm32g4xx_hal_adc_ex.o(i.HAL_ADCEx_EnterADCDeepPowerDownMode), (36 bytes).
    Removing stm32g4xx_hal_adc_ex.o(i.HAL_ADCEx_InjectedConfigChannel), (1304 bytes).
    Removing stm32g4xx_hal_adc_ex.o(i.HAL_ADCEx_InjectedConvCpltCallback), (2 bytes).
    Removing stm32g4xx_hal_adc_ex.o(i.HAL_ADCEx_InjectedGetValue), (46 bytes).
    Removing stm32g4xx_hal_adc_ex.o(i.HAL_ADCEx_InjectedPollForConversion), (244 bytes).
    Removing stm32g4xx_hal_adc_ex.o(i.HAL_ADCEx_InjectedQueueOverflowCallback), (2 bytes).
    Removing stm32g4xx_hal_adc_ex.o(i.HAL_ADCEx_InjectedStart), (232 bytes).
    Removing stm32g4xx_hal_adc_ex.o(i.HAL_ADCEx_InjectedStart_IT), (296 bytes).
    Removing stm32g4xx_hal_adc_ex.o(i.HAL_ADCEx_InjectedStop), (84 bytes).
    Removing stm32g4xx_hal_adc_ex.o(i.HAL_ADCEx_InjectedStop_IT), (94 bytes).
    Removing stm32g4xx_hal_adc_ex.o(i.HAL_ADCEx_LevelOutOfWindow2Callback), (2 bytes).
    Removing stm32g4xx_hal_adc_ex.o(i.HAL_ADCEx_LevelOutOfWindow3Callback), (2 bytes).
    Removing stm32g4xx_hal_adc_ex.o(i.HAL_ADCEx_MultiModeConfigChannel), (216 bytes).
    Removing stm32g4xx_hal_adc_ex.o(i.HAL_ADCEx_MultiModeGetValue), (12 bytes).
    Removing stm32g4xx_hal_adc_ex.o(i.HAL_ADCEx_MultiModeStart_DMA), (200 bytes).
    Removing stm32g4xx_hal_adc_ex.o(i.HAL_ADCEx_MultiModeStop_DMA), (232 bytes).
    Removing stm32g4xx_hal_adc_ex.o(i.HAL_ADCEx_RegularMultiModeStop_DMA), (252 bytes).
    Removing stm32g4xx_hal_adc_ex.o(i.HAL_ADCEx_RegularStop), (92 bytes).
    Removing stm32g4xx_hal_adc_ex.o(i.HAL_ADCEx_RegularStop_DMA), (138 bytes).
    Removing stm32g4xx_hal_adc_ex.o(i.HAL_ADCEx_RegularStop_IT), (102 bytes).
    Removing stm32g4xx_hal_adc_ex.o(i.LL_ADC_GetOffsetChannel), (12 bytes).
    Removing stm32g4xx_hal_adc_ex.o(i.LL_ADC_INJ_IsConversionOngoing), (8 bytes).
    Removing stm32g4xx_hal_adc_ex.o(i.LL_ADC_REG_IsConversionOngoing), (8 bytes).
    Removing stm32g4xx_hal_adc_ex.o(i.LL_ADC_SetChannelSamplingTime), (30 bytes).
    Removing stm32g4xx_hal_adc_ex.o(i.LL_ADC_SetOffsetState), (16 bytes).
    Removing stm32g4xx_hal_rtc.o(.rev16_text), (4 bytes).
    Removing stm32g4xx_hal_rtc.o(.revsh_text), (4 bytes).
    Removing stm32g4xx_hal_rtc.o(.rrx_text), (6 bytes).
    Removing stm32g4xx_hal_rtc.o(i.HAL_RTC_AlarmAEventCallback), (2 bytes).
    Removing stm32g4xx_hal_rtc.o(i.HAL_RTC_AlarmIRQHandler), (80 bytes).
    Removing stm32g4xx_hal_rtc.o(i.HAL_RTC_DST_Add1Hour), (32 bytes).
    Removing stm32g4xx_hal_rtc.o(i.HAL_RTC_DST_ClearStoreOperation), (32 bytes).
    Removing stm32g4xx_hal_rtc.o(i.HAL_RTC_DST_ReadStoreOperation), (16 bytes).
    Removing stm32g4xx_hal_rtc.o(i.HAL_RTC_DST_SetStoreOperation), (32 bytes).
    Removing stm32g4xx_hal_rtc.o(i.HAL_RTC_DST_Sub1Hour), (32 bytes).
    Removing stm32g4xx_hal_rtc.o(i.HAL_RTC_DeInit), (212 bytes).
    Removing stm32g4xx_hal_rtc.o(i.HAL_RTC_DeactivateAlarm), (196 bytes).
    Removing stm32g4xx_hal_rtc.o(i.HAL_RTC_GetAlarm), (140 bytes).
    Removing stm32g4xx_hal_rtc.o(i.HAL_RTC_GetDate), (72 bytes).
    Removing stm32g4xx_hal_rtc.o(i.HAL_RTC_GetState), (6 bytes).
    Removing stm32g4xx_hal_rtc.o(i.HAL_RTC_GetTime), (92 bytes).
    Removing stm32g4xx_hal_rtc.o(i.HAL_RTC_Init), (148 bytes).
    Removing stm32g4xx_hal_rtc.o(i.HAL_RTC_MspDeInit), (2 bytes).
    Removing stm32g4xx_hal_rtc.o(i.HAL_RTC_MspInit), (2 bytes).
    Removing stm32g4xx_hal_rtc.o(i.HAL_RTC_PollForAlarmAEvent), (80 bytes).
    Removing stm32g4xx_hal_rtc.o(i.HAL_RTC_SetAlarm), (352 bytes).
    Removing stm32g4xx_hal_rtc.o(i.HAL_RTC_SetAlarm_IT), (396 bytes).
    Removing stm32g4xx_hal_rtc.o(i.HAL_RTC_SetDate), (168 bytes).
    Removing stm32g4xx_hal_rtc.o(i.HAL_RTC_SetTime), (208 bytes).
    Removing stm32g4xx_hal_rtc.o(i.HAL_RTC_WaitForSynchro), (52 bytes).
    Removing stm32g4xx_hal_rtc.o(i.RTC_Bcd2ToByte), (18 bytes).
    Removing stm32g4xx_hal_rtc.o(i.RTC_ByteToBcd2), (24 bytes).
    Removing stm32g4xx_hal_rtc.o(i.RTC_EnterInitMode), (76 bytes).
    Removing stm32g4xx_hal_rtc.o(i.RTC_ExitInitMode), (88 bytes).
    Removing stm32g4xx_hal_rtc_ex.o(.rev16_text), (4 bytes).
    Removing stm32g4xx_hal_rtc_ex.o(.revsh_text), (4 bytes).
    Removing stm32g4xx_hal_rtc_ex.o(.rrx_text), (6 bytes).
    Removing stm32g4xx_hal_rtc_ex.o(i.HAL_RTCEx_AlarmBEventCallback), (2 bytes).
    Removing stm32g4xx_hal_rtc_ex.o(i.HAL_RTCEx_BKUPRead), (12 bytes).
    Removing stm32g4xx_hal_rtc_ex.o(i.HAL_RTCEx_BKUPWrite), (12 bytes).
    Removing stm32g4xx_hal_rtc_ex.o(i.HAL_RTCEx_DeactivateCalibrationOutPut), (64 bytes).
    Removing stm32g4xx_hal_rtc_ex.o(i.HAL_RTCEx_DeactivateInternalTamper), (44 bytes).
    Removing stm32g4xx_hal_rtc_ex.o(i.HAL_RTCEx_DeactivateInternalTimeStamp), (64 bytes).
    Removing stm32g4xx_hal_rtc_ex.o(i.HAL_RTCEx_DeactivateRefClock), (88 bytes).
    Removing stm32g4xx_hal_rtc_ex.o(i.HAL_RTCEx_DeactivateTamper), (64 bytes).
    Removing stm32g4xx_hal_rtc_ex.o(i.HAL_RTCEx_DeactivateTimeStamp), (84 bytes).
    Removing stm32g4xx_hal_rtc_ex.o(i.HAL_RTCEx_DeactivateWakeUpTimer), (148 bytes).
    Removing stm32g4xx_hal_rtc_ex.o(i.HAL_RTCEx_DisableBypassShadow), (64 bytes).
    Removing stm32g4xx_hal_rtc_ex.o(i.HAL_RTCEx_EnableBypassShadow), (64 bytes).
    Removing stm32g4xx_hal_rtc_ex.o(i.HAL_RTCEx_GetTimeStamp), (152 bytes).
    Removing stm32g4xx_hal_rtc_ex.o(i.HAL_RTCEx_GetWakeUpTimer), (12 bytes).
    Removing stm32g4xx_hal_rtc_ex.o(i.HAL_RTCEx_InternalTamper3EventCallback), (2 bytes).
    Removing stm32g4xx_hal_rtc_ex.o(i.HAL_RTCEx_InternalTamper4EventCallback), (2 bytes).
    Removing stm32g4xx_hal_rtc_ex.o(i.HAL_RTCEx_InternalTamper5EventCallback), (2 bytes).
    Removing stm32g4xx_hal_rtc_ex.o(i.HAL_RTCEx_InternalTamper6EventCallback), (2 bytes).
    Removing stm32g4xx_hal_rtc_ex.o(i.HAL_RTCEx_PollForAlarmBEvent), (80 bytes).
    Removing stm32g4xx_hal_rtc_ex.o(i.HAL_RTCEx_PollForInternalTamperEvent), (64 bytes).
    Removing stm32g4xx_hal_rtc_ex.o(i.HAL_RTCEx_PollForTamperEvent), (64 bytes).
    Removing stm32g4xx_hal_rtc_ex.o(i.HAL_RTCEx_PollForTimeStampEvent), (96 bytes).
    Removing stm32g4xx_hal_rtc_ex.o(i.HAL_RTCEx_PollForWakeUpTimerEvent), (80 bytes).
    Removing stm32g4xx_hal_rtc_ex.o(i.HAL_RTCEx_SetCalibrationOutPut), (76 bytes).
    Removing stm32g4xx_hal_rtc_ex.o(i.HAL_RTCEx_SetInternalTamper), (68 bytes).
    Removing stm32g4xx_hal_rtc_ex.o(i.HAL_RTCEx_SetInternalTamper_IT), (104 bytes).
    Removing stm32g4xx_hal_rtc_ex.o(i.HAL_RTCEx_SetInternalTimeStamp), (64 bytes).
    Removing stm32g4xx_hal_rtc_ex.o(i.HAL_RTCEx_SetRefClock), (88 bytes).
    Removing stm32g4xx_hal_rtc_ex.o(i.HAL_RTCEx_SetSmoothCalib), (156 bytes).
    Removing stm32g4xx_hal_rtc_ex.o(i.HAL_RTCEx_SetSynchroShift), (184 bytes).
    Removing stm32g4xx_hal_rtc_ex.o(i.HAL_RTCEx_SetTamper), (136 bytes).
    Removing stm32g4xx_hal_rtc_ex.o(i.HAL_RTCEx_SetTamper_IT), (176 bytes).
    Removing stm32g4xx_hal_rtc_ex.o(i.HAL_RTCEx_SetTimeStamp), (76 bytes).
    Removing stm32g4xx_hal_rtc_ex.o(i.HAL_RTCEx_SetTimeStamp_IT), (116 bytes).
    Removing stm32g4xx_hal_rtc_ex.o(i.HAL_RTCEx_SetWakeUpTimer), (168 bytes).
    Removing stm32g4xx_hal_rtc_ex.o(i.HAL_RTCEx_SetWakeUpTimer_IT), (204 bytes).
    Removing stm32g4xx_hal_rtc_ex.o(i.HAL_RTCEx_Tamper1EventCallback), (2 bytes).
    Removing stm32g4xx_hal_rtc_ex.o(i.HAL_RTCEx_Tamper2EventCallback), (2 bytes).
    Removing stm32g4xx_hal_rtc_ex.o(i.HAL_RTCEx_Tamper3EventCallback), (2 bytes).
    Removing stm32g4xx_hal_rtc_ex.o(i.HAL_RTCEx_TamperIRQHandler), (112 bytes).
    Removing stm32g4xx_hal_rtc_ex.o(i.HAL_RTCEx_TimeStampEventCallback), (2 bytes).
    Removing stm32g4xx_hal_rtc_ex.o(i.HAL_RTCEx_TimeStampIRQHandler), (64 bytes).
    Removing stm32g4xx_hal_rtc_ex.o(i.HAL_RTCEx_WakeUpTimerEventCallback), (2 bytes).
    Removing stm32g4xx_hal_rtc_ex.o(i.HAL_RTCEx_WakeUpTimerIRQHandler), (48 bytes).
    Removing system_stm32g4xx.o(.rev16_text), (4 bytes).
    Removing system_stm32g4xx.o(.revsh_text), (4 bytes).
    Removing system_stm32g4xx.o(.rrx_text), (6 bytes).
    Removing system_stm32g4xx.o(i.SystemCoreClockUpdate), (128 bytes).
    Removing system_stm32g4xx.o(.constdata), (8 bytes).

787 unused section(s) (total 61926 bytes) removed from the image.

==============================================================================

Image Symbol Table

    Local Symbols

    Symbol Name                              Value     Ov Type        Size  Object(Section)

    ../Core/Src/main.c                       0x00000000   Number         0  main.o ABSOLUTE
    ../Core/Src/stm32g4xx_hal_msp.c          0x00000000   Number         0  stm32g4xx_hal_msp.o ABSOLUTE
    ../Core/Src/stm32g4xx_it.c               0x00000000   Number         0  stm32g4xx_it.o ABSOLUTE
    ../Core/Src/system_stm32g4xx.c           0x00000000   Number         0  system_stm32g4xx.o ABSOLUTE
    ../Drivers/STM32G4xx_HAL_Driver/Src/stm32g4xx_hal.c 0x00000000   Number         0  stm32g4xx_hal.o ABSOLUTE
    ../Drivers/STM32G4xx_HAL_Driver/Src/stm32g4xx_hal_cortex.c 0x00000000   Number         0  stm32g4xx_hal_cortex.o ABSOLUTE
    ../Drivers/STM32G4xx_HAL_Driver/Src/stm32g4xx_hal_dma.c 0x00000000   Number         0  stm32g4xx_hal_dma.o ABSOLUTE
    ../Drivers/STM32G4xx_HAL_Driver/Src/stm32g4xx_hal_dma_ex.c 0x00000000   Number         0  stm32g4xx_hal_dma_ex.o ABSOLUTE
    ../Drivers/STM32G4xx_HAL_Driver/Src/stm32g4xx_hal_exti.c 0x00000000   Number         0  stm32g4xx_hal_exti.o ABSOLUTE
    ../Drivers/STM32G4xx_HAL_Driver/Src/stm32g4xx_hal_flash.c 0x00000000   Number         0  stm32g4xx_hal_flash.o ABSOLUTE
    ../Drivers/STM32G4xx_HAL_Driver/Src/stm32g4xx_hal_flash_ex.c 0x00000000   Number         0  stm32g4xx_hal_flash_ex.o ABSOLUTE
    ../Drivers/STM32G4xx_HAL_Driver/Src/stm32g4xx_hal_flash_ramfunc.c 0x00000000   Number         0  stm32g4xx_hal_flash_ramfunc.o ABSOLUTE
    ../Drivers/STM32G4xx_HAL_Driver/Src/stm32g4xx_hal_gpio.c 0x00000000   Number         0  stm32g4xx_hal_gpio.o ABSOLUTE
    ../Drivers/STM32G4xx_HAL_Driver/Src/stm32g4xx_hal_pwr.c 0x00000000   Number         0  stm32g4xx_hal_pwr.o ABSOLUTE
    ../Drivers/STM32G4xx_HAL_Driver/Src/stm32g4xx_hal_pwr_ex.c 0x00000000   Number         0  stm32g4xx_hal_pwr_ex.o ABSOLUTE
    ../Drivers/STM32G4xx_HAL_Driver/Src/stm32g4xx_hal_rcc.c 0x00000000   Number         0  stm32g4xx_hal_rcc.o ABSOLUTE
    ../Drivers/STM32G4xx_HAL_Driver/Src/stm32g4xx_hal_rcc_ex.c 0x00000000   Number         0  stm32g4xx_hal_rcc_ex.o ABSOLUTE
    ../Drivers/STM32G4xx_HAL_Driver/Src/stm32g4xx_hal_tim.c 0x00000000   Number         0  stm32g4xx_hal_tim.o ABSOLUTE
    ../Drivers/STM32G4xx_HAL_Driver/Src/stm32g4xx_hal_tim_ex.c 0x00000000   Number         0  stm32g4xx_hal_tim_ex.o ABSOLUTE
    ../clib/microlib/division.c              0x00000000   Number         0  uldiv.o ABSOLUTE
    ../clib/microlib/division.c              0x00000000   Number         0  uidiv.o ABSOLUTE
    ../clib/microlib/init/entry.s            0x00000000   Number         0  entry7b.o ABSOLUTE
    ../clib/microlib/init/entry.s            0x00000000   Number         0  entry7a.o ABSOLUTE
    ../clib/microlib/init/entry.s            0x00000000   Number         0  entry2.o ABSOLUTE
    ../clib/microlib/init/entry.s            0x00000000   Number         0  entry5.o ABSOLUTE
    ../clib/microlib/init/entry.s            0x00000000   Number         0  entry11a.o ABSOLUTE
    ../clib/microlib/init/entry.s            0x00000000   Number         0  entry10b.o ABSOLUTE
    ../clib/microlib/init/entry.s            0x00000000   Number         0  entry10a.o ABSOLUTE
    ../clib/microlib/init/entry.s            0x00000000   Number         0  entry9b.o ABSOLUTE
    ../clib/microlib/init/entry.s            0x00000000   Number         0  entry9a.o ABSOLUTE
    ../clib/microlib/init/entry.s            0x00000000   Number         0  entry.o ABSOLUTE
    ../clib/microlib/init/entry.s            0x00000000   Number         0  entry8b.o ABSOLUTE
    ../clib/microlib/init/entry.s            0x00000000   Number         0  entry11b.o ABSOLUTE
    ../clib/microlib/init/entry.s            0x00000000   Number         0  entry8a.o ABSOLUTE
    ../clib/microlib/longlong.c              0x00000000   Number         0  llsshr.o ABSOLUTE
    ../clib/microlib/longlong.c              0x00000000   Number         0  llushr.o ABSOLUTE
    ../clib/microlib/longlong.c              0x00000000   Number         0  llshl.o ABSOLUTE
    ../clib/microlib/printf/printf.c         0x00000000   Number         0  printfa.o ABSOLUTE
    ../clib/microlib/printf/printf.c         0x00000000   Number         0  printfb.o ABSOLUTE
    ../clib/microlib/printf/printf.c         0x00000000   Number         0  printf0.o ABSOLUTE
    ../clib/microlib/printf/printf.c         0x00000000   Number         0  printf2.o ABSOLUTE
    ../clib/microlib/printf/printf.c         0x00000000   Number         0  printf3.o ABSOLUTE
    ../clib/microlib/printf/printf.c         0x00000000   Number         0  printf4.o ABSOLUTE
    ../clib/microlib/printf/printf.c         0x00000000   Number         0  printf5.o ABSOLUTE
    ../clib/microlib/printf/printf.c         0x00000000   Number         0  printf7.o ABSOLUTE
    ../clib/microlib/printf/printf.c         0x00000000   Number         0  printf1.o ABSOLUTE
    ../clib/microlib/printf/printf.c         0x00000000   Number         0  printf6.o ABSOLUTE
    ../clib/microlib/printf/printf.c         0x00000000   Number         0  printf8.o ABSOLUTE
    ../clib/microlib/printf/stubs.s          0x00000000   Number         0  stubs.o ABSOLUTE
    ../clib/microlib/stdio/fputc.c           0x00000000   Number         0  fputc.o ABSOLUTE
    ../clib/microlib/stdio/semi.s            0x00000000   Number         0  semi.o ABSOLUTE
    ../clib/microlib/stdio/streams.c         0x00000000   Number         0  stdout.o ABSOLUTE
    ../clib/microlib/string/memset.c         0x00000000   Number         0  memseta.o ABSOLUTE
    ../clib/microlib/stubs.s                 0x00000000   Number         0  iusefp.o ABSOLUTE
    ../clib/microlib/stubs.s                 0x00000000   Number         0  iusesemip.o ABSOLUTE
    ../fplib/microlib/fpadd.c                0x00000000   Number         0  dadd.o ABSOLUTE
    ../fplib/microlib/fpdiv.c                0x00000000   Number         0  ddiv.o ABSOLUTE
    ../fplib/microlib/fpepilogue.c           0x00000000   Number         0  depilogue.o ABSOLUTE
    ../fplib/microlib/fpfix.c                0x00000000   Number         0  dfixul.o ABSOLUTE
    ../fplib/microlib/fpflt.c                0x00000000   Number         0  dfltui.o ABSOLUTE
    ../fplib/microlib/fpmul.c                0x00000000   Number         0  dmul.o ABSOLUTE
    ..\Core\Src\BSP\adc\adc.c                0x00000000   Number         0  adc.o ABSOLUTE
    ..\Core\Src\BSP\ds18b20\ds18b20_hal.c    0x00000000   Number         0  ds18b20_hal.o ABSOLUTE
    ..\Core\Src\BSP\iic\i2c.c                0x00000000   Number         0  i2c.o ABSOLUTE
    ..\Core\Src\BSP\key\key.c                0x00000000   Number         0  key.o ABSOLUTE
    ..\Core\Src\BSP\lcd\lcd.c                0x00000000   Number         0  lcd.o ABSOLUTE
    ..\Core\Src\BSP\led\led.c                0x00000000   Number         0  led.o ABSOLUTE
    ..\Core\Src\BSP\rtc\rtc.c                0x00000000   Number         0  rtc.o ABSOLUTE
    ..\Core\Src\BSP\seg\seg.c                0x00000000   Number         0  seg.o ABSOLUTE
    ..\Core\Src\BSP\tim\tim.c                0x00000000   Number         0  tim.o ABSOLUTE
    ..\Core\Src\BSP\usart\uart.c             0x00000000   Number         0  uart.o ABSOLUTE
    ..\Core\Src\main.c                       0x00000000   Number         0  main.o ABSOLUTE
    ..\Core\Src\stm32g4xx_hal_msp.c          0x00000000   Number         0  stm32g4xx_hal_msp.o ABSOLUTE
    ..\Core\Src\stm32g4xx_it.c               0x00000000   Number         0  stm32g4xx_it.o ABSOLUTE
    ..\Core\Src\system_stm32g4xx.c           0x00000000   Number         0  system_stm32g4xx.o ABSOLUTE
    ..\Drivers\STM32G4xx_HAL_Driver\Src\stm32g4xx_hal.c 0x00000000   Number         0  stm32g4xx_hal.o ABSOLUTE
    ..\Drivers\STM32G4xx_HAL_Driver\Src\stm32g4xx_hal_adc.c 0x00000000   Number         0  stm32g4xx_hal_adc.o ABSOLUTE
    ..\Drivers\STM32G4xx_HAL_Driver\Src\stm32g4xx_hal_adc_ex.c 0x00000000   Number         0  stm32g4xx_hal_adc_ex.o ABSOLUTE
    ..\Drivers\STM32G4xx_HAL_Driver\Src\stm32g4xx_hal_cortex.c 0x00000000   Number         0  stm32g4xx_hal_cortex.o ABSOLUTE
    ..\Drivers\STM32G4xx_HAL_Driver\Src\stm32g4xx_hal_dma.c 0x00000000   Number         0  stm32g4xx_hal_dma.o ABSOLUTE
    ..\Drivers\STM32G4xx_HAL_Driver\Src\stm32g4xx_hal_dma_ex.c 0x00000000   Number         0  stm32g4xx_hal_dma_ex.o ABSOLUTE
    ..\Drivers\STM32G4xx_HAL_Driver\Src\stm32g4xx_hal_exti.c 0x00000000   Number         0  stm32g4xx_hal_exti.o ABSOLUTE
    ..\Drivers\STM32G4xx_HAL_Driver\Src\stm32g4xx_hal_flash.c 0x00000000   Number         0  stm32g4xx_hal_flash.o ABSOLUTE
    ..\Drivers\STM32G4xx_HAL_Driver\Src\stm32g4xx_hal_flash_ex.c 0x00000000   Number         0  stm32g4xx_hal_flash_ex.o ABSOLUTE
    ..\Drivers\STM32G4xx_HAL_Driver\Src\stm32g4xx_hal_flash_ramfunc.c 0x00000000   Number         0  stm32g4xx_hal_flash_ramfunc.o ABSOLUTE
    ..\Drivers\STM32G4xx_HAL_Driver\Src\stm32g4xx_hal_gpio.c 0x00000000   Number         0  stm32g4xx_hal_gpio.o ABSOLUTE
    ..\Drivers\STM32G4xx_HAL_Driver\Src\stm32g4xx_hal_pwr.c 0x00000000   Number         0  stm32g4xx_hal_pwr.o ABSOLUTE
    ..\Drivers\STM32G4xx_HAL_Driver\Src\stm32g4xx_hal_pwr_ex.c 0x00000000   Number         0  stm32g4xx_hal_pwr_ex.o ABSOLUTE
    ..\Drivers\STM32G4xx_HAL_Driver\Src\stm32g4xx_hal_rcc.c 0x00000000   Number         0  stm32g4xx_hal_rcc.o ABSOLUTE
    ..\Drivers\STM32G4xx_HAL_Driver\Src\stm32g4xx_hal_rcc_ex.c 0x00000000   Number         0  stm32g4xx_hal_rcc_ex.o ABSOLUTE
    ..\Drivers\STM32G4xx_HAL_Driver\Src\stm32g4xx_hal_rtc.c 0x00000000   Number         0  stm32g4xx_hal_rtc.o ABSOLUTE
    ..\Drivers\STM32G4xx_HAL_Driver\Src\stm32g4xx_hal_rtc_ex.c 0x00000000   Number         0  stm32g4xx_hal_rtc_ex.o ABSOLUTE
    ..\Drivers\STM32G4xx_HAL_Driver\Src\stm32g4xx_hal_tim.c 0x00000000   Number         0  stm32g4xx_hal_tim.o ABSOLUTE
    ..\Drivers\STM32G4xx_HAL_Driver\Src\stm32g4xx_hal_tim_ex.c 0x00000000   Number         0  stm32g4xx_hal_tim_ex.o ABSOLUTE
    ..\Drivers\STM32G4xx_HAL_Driver\Src\stm32g4xx_hal_uart.c 0x00000000   Number         0  stm32g4xx_hal_uart.o ABSOLUTE
    ..\Drivers\STM32G4xx_HAL_Driver\Src\stm32g4xx_hal_uart_ex.c 0x00000000   Number         0  stm32g4xx_hal_uart_ex.o ABSOLUTE
    ..\Drivers\STM32G4xx_HAL_Driver\Src\stm32g4xx_hal_usart.c 0x00000000   Number         0  stm32g4xx_hal_usart.o ABSOLUTE
    ..\Drivers\STM32G4xx_HAL_Driver\Src\stm32g4xx_hal_usart_ex.c 0x00000000   Number         0  stm32g4xx_hal_usart_ex.o ABSOLUTE
    ..\Drivers\STM32G4xx_HAL_Driver\Src\stm32g4xx_ll_adc.c 0x00000000   Number         0  stm32g4xx_ll_adc.o ABSOLUTE
    ..\\Core\\Src\\BSP\\adc\\adc.c           0x00000000   Number         0  adc.o ABSOLUTE
    ..\\Core\\Src\\BSP\\ds18b20\\ds18b20_hal.c 0x00000000   Number         0  ds18b20_hal.o ABSOLUTE
    ..\\Core\\Src\\BSP\\iic\\i2c.c           0x00000000   Number         0  i2c.o ABSOLUTE
    ..\\Core\\Src\\BSP\\key\\key.c           0x00000000   Number         0  key.o ABSOLUTE
    ..\\Core\\Src\\BSP\\lcd\\lcd.c           0x00000000   Number         0  lcd.o ABSOLUTE
    ..\\Core\\Src\\BSP\\led\\led.c           0x00000000   Number         0  led.o ABSOLUTE
    ..\\Core\\Src\\BSP\\rtc\\rtc.c           0x00000000   Number         0  rtc.o ABSOLUTE
    ..\\Core\\Src\\BSP\\seg\\seg.c           0x00000000   Number         0  seg.o ABSOLUTE
    ..\\Core\\Src\\BSP\\tim\\tim.c           0x00000000   Number         0  tim.o ABSOLUTE
    ..\\Core\\Src\\BSP\\usart\\uart.c        0x00000000   Number         0  uart.o ABSOLUTE
    ..\\Drivers\\STM32G4xx_HAL_Driver\\Src\\stm32g4xx_hal_adc.c 0x00000000   Number         0  stm32g4xx_hal_adc.o ABSOLUTE
    ..\\Drivers\\STM32G4xx_HAL_Driver\\Src\\stm32g4xx_hal_adc_ex.c 0x00000000   Number         0  stm32g4xx_hal_adc_ex.o ABSOLUTE
    ..\\Drivers\\STM32G4xx_HAL_Driver\\Src\\stm32g4xx_hal_rtc.c 0x00000000   Number         0  stm32g4xx_hal_rtc.o ABSOLUTE
    ..\\Drivers\\STM32G4xx_HAL_Driver\\Src\\stm32g4xx_hal_rtc_ex.c 0x00000000   Number         0  stm32g4xx_hal_rtc_ex.o ABSOLUTE
    ..\\Drivers\\STM32G4xx_HAL_Driver\\Src\\stm32g4xx_hal_uart.c 0x00000000   Number         0  stm32g4xx_hal_uart.o ABSOLUTE
    ..\\Drivers\\STM32G4xx_HAL_Driver\\Src\\stm32g4xx_hal_uart_ex.c 0x00000000   Number         0  stm32g4xx_hal_uart_ex.o ABSOLUTE
    ..\\Drivers\\STM32G4xx_HAL_Driver\\Src\\stm32g4xx_hal_usart.c 0x00000000   Number         0  stm32g4xx_hal_usart.o ABSOLUTE
    ..\\Drivers\\STM32G4xx_HAL_Driver\\Src\\stm32g4xx_hal_usart_ex.c 0x00000000   Number         0  stm32g4xx_hal_usart_ex.o ABSOLUTE
    cdrcmple.s                               0x00000000   Number         0  cdrcmple.o ABSOLUTE
    dc.s                                     0x00000000   Number         0  dc.o ABSOLUTE
    handlers.s                               0x00000000   Number         0  handlers.o ABSOLUTE
    init.s                                   0x00000000   Number         0  init.o ABSOLUTE
    startup_stm32g431xx.s                    0x00000000   Number         0  startup_stm32g431xx.o ABSOLUTE
    RESET                                    0x08000000   Section      472  startup_stm32g431xx.o(RESET)
    .ARM.Collect$$$$00000000                 0x080001d8   Section        0  entry.o(.ARM.Collect$$$$00000000)
    .ARM.Collect$$$$00000001                 0x080001d8   Section        4  entry2.o(.ARM.Collect$$$$00000001)
    .ARM.Collect$$$$00000004                 0x080001dc   Section        4  entry5.o(.ARM.Collect$$$$00000004)
    .ARM.Collect$$$$00000008                 0x080001e0   Section        0  entry7b.o(.ARM.Collect$$$$00000008)
    .ARM.Collect$$$$0000000A                 0x080001e0   Section        0  entry8b.o(.ARM.Collect$$$$0000000A)
    .ARM.Collect$$$$0000000B                 0x080001e0   Section        8  entry9a.o(.ARM.Collect$$$$0000000B)
    .ARM.Collect$$$$0000000D                 0x080001e8   Section        0  entry10a.o(.ARM.Collect$$$$0000000D)
    .ARM.Collect$$$$0000000F                 0x080001e8   Section        0  entry11a.o(.ARM.Collect$$$$0000000F)
    .ARM.Collect$$$$00002712                 0x080001e8   Section        4  entry2.o(.ARM.Collect$$$$00002712)
    __lit__00000000                          0x080001e8   Data           4  entry2.o(.ARM.Collect$$$$00002712)
    .text                                    0x080001ec   Section       36  startup_stm32g431xx.o(.text)
    $v0                                      0x080001ec   Number         0  startup_stm32g431xx.o(.text)
    .text                                    0x08000210   Section        0  uldiv.o(.text)
    .text                                    0x08000272   Section        0  memseta.o(.text)
    .text                                    0x08000296   Section        0  dmul.o(.text)
    .text                                    0x0800037a   Section        0  dfltui.o(.text)
    .text                                    0x08000394   Section        0  uidiv.o(.text)
    .text                                    0x080003c0   Section        0  llshl.o(.text)
    .text                                    0x080003de   Section        0  llushr.o(.text)
    .text                                    0x080003fe   Section        0  depilogue.o(.text)
    .text                                    0x080003fe   Section        0  iusefp.o(.text)
    .text                                    0x080004b8   Section        0  dadd.o(.text)
    .text                                    0x08000606   Section        0  ddiv.o(.text)
    .text                                    0x080006e4   Section        0  dfixul.o(.text)
    .text                                    0x08000714   Section       48  cdrcmple.o(.text)
    .text                                    0x08000744   Section       36  init.o(.text)
    .text                                    0x08000768   Section        0  llsshr.o(.text)
    i.ADC2_Init                              0x0800078c   Section        0  adc.o(i.ADC2_Init)
    i.ADC_Enable                             0x08000808   Section        0  stm32g4xx_hal_adc.o(i.ADC_Enable)
    i.BusFault_Handler                       0x0800087c   Section        0  stm32g4xx_it.o(i.BusFault_Handler)
    i.DebugMon_Handler                       0x0800087e   Section        0  stm32g4xx_it.o(i.DebugMon_Handler)
    i.Delay_LCD                              0x08000880   Section        0  lcd.o(i.Delay_LCD)
    i.Error_Handler                          0x0800089c   Section        0  main.o(i.Error_Handler)
    i.GetADC2                                0x080008a0   Section        0  adc.o(i.GetADC2)
    i.Get_Btn                                0x080008b8   Section        0  adc.o(i.Get_Btn)
    i.HAL_ADC_ConfigChannel                  0x0800091c   Section        0  stm32g4xx_hal_adc.o(i.HAL_ADC_ConfigChannel)
    i.HAL_ADC_GetValue                       0x08000d40   Section        0  stm32g4xx_hal_adc.o(i.HAL_ADC_GetValue)
    i.HAL_ADC_Init                           0x08000d48   Section        0  stm32g4xx_hal_adc.o(i.HAL_ADC_Init)
    i.HAL_ADC_MspInit                        0x08000f44   Section        0  adc.o(i.HAL_ADC_MspInit)
    i.HAL_ADC_Start                          0x0800100c   Section        0  stm32g4xx_hal_adc.o(i.HAL_ADC_Start)
    i.HAL_DMA_Abort                          0x08001100   Section        0  stm32g4xx_hal_dma.o(i.HAL_DMA_Abort)
    i.HAL_DMA_Abort_IT                       0x0800116a   Section        0  stm32g4xx_hal_dma.o(i.HAL_DMA_Abort_IT)
    i.HAL_Delay                              0x080011e4   Section        0  stm32g4xx_hal.o(i.HAL_Delay)
    i.HAL_GPIO_Init                          0x08001208   Section        0  stm32g4xx_hal_gpio.o(i.HAL_GPIO_Init)
    i.HAL_GPIO_ReadPin                       0x080013d0   Section        0  stm32g4xx_hal_gpio.o(i.HAL_GPIO_ReadPin)
    i.HAL_GPIO_WritePin                      0x080013da   Section        0  stm32g4xx_hal_gpio.o(i.HAL_GPIO_WritePin)
    i.HAL_GetTick                            0x080013e4   Section        0  stm32g4xx_hal.o(i.HAL_GetTick)
    i.HAL_IncTick                            0x080013f0   Section        0  stm32g4xx_hal.o(i.HAL_IncTick)
    i.HAL_Init                               0x08001400   Section        0  stm32g4xx_hal.o(i.HAL_Init)
    i.HAL_InitTick                           0x08001420   Section        0  stm32g4xx_hal.o(i.HAL_InitTick)
    i.HAL_MspInit                            0x08001464   Section        0  stm32g4xx_hal_msp.o(i.HAL_MspInit)
    i.HAL_NVIC_SetPriority                   0x08001494   Section        0  stm32g4xx_hal_cortex.o(i.HAL_NVIC_SetPriority)
    i.HAL_NVIC_SetPriorityGrouping           0x080014d4   Section        0  stm32g4xx_hal_cortex.o(i.HAL_NVIC_SetPriorityGrouping)
    i.HAL_PWREx_ControlVoltageScaling        0x080014f8   Section        0  stm32g4xx_hal_pwr_ex.o(i.HAL_PWREx_ControlVoltageScaling)
    i.HAL_PWREx_DisableUCPDDeadBattery       0x080015b4   Section        0  stm32g4xx_hal_pwr_ex.o(i.HAL_PWREx_DisableUCPDDeadBattery)
    i.HAL_RCCEx_PeriphCLKConfig              0x080015c4   Section        0  stm32g4xx_hal_rcc_ex.o(i.HAL_RCCEx_PeriphCLKConfig)
    i.HAL_RCC_ClockConfig                    0x0800184c   Section        0  stm32g4xx_hal_rcc.o(i.HAL_RCC_ClockConfig)
    i.HAL_RCC_GetSysClockFreq                0x08001a28   Section        0  stm32g4xx_hal_rcc.o(i.HAL_RCC_GetSysClockFreq)
    i.HAL_RCC_OscConfig                      0x08001a98   Section        0  stm32g4xx_hal_rcc.o(i.HAL_RCC_OscConfig)
    i.HAL_SYSTICK_Config                     0x08001ea4   Section        0  stm32g4xx_hal_cortex.o(i.HAL_SYSTICK_Config)
    i.HAL_TIMEx_Break2Callback               0x08001ecc   Section        0  stm32g4xx_hal_tim_ex.o(i.HAL_TIMEx_Break2Callback)
    i.HAL_TIMEx_BreakCallback                0x08001ece   Section        0  stm32g4xx_hal_tim_ex.o(i.HAL_TIMEx_BreakCallback)
    i.HAL_TIMEx_CommutCallback               0x08001ed0   Section        0  stm32g4xx_hal_tim_ex.o(i.HAL_TIMEx_CommutCallback)
    i.HAL_TIMEx_DirectionChangeCallback      0x08001ed2   Section        0  stm32g4xx_hal_tim_ex.o(i.HAL_TIMEx_DirectionChangeCallback)
    i.HAL_TIMEx_EncoderIndexCallback         0x08001ed4   Section        0  stm32g4xx_hal_tim_ex.o(i.HAL_TIMEx_EncoderIndexCallback)
    i.HAL_TIMEx_IndexErrorCallback           0x08001ed6   Section        0  stm32g4xx_hal_tim_ex.o(i.HAL_TIMEx_IndexErrorCallback)
    i.HAL_TIMEx_TransitionErrorCallback      0x08001ed8   Section        0  stm32g4xx_hal_tim_ex.o(i.HAL_TIMEx_TransitionErrorCallback)
    i.HAL_TIM_IC_CaptureCallback             0x08001eda   Section        0  stm32g4xx_hal_tim.o(i.HAL_TIM_IC_CaptureCallback)
    i.HAL_TIM_IRQHandler                     0x08001edc   Section        0  stm32g4xx_hal_tim.o(i.HAL_TIM_IRQHandler)
    i.HAL_TIM_OC_DelayElapsedCallback        0x080020d8   Section        0  stm32g4xx_hal_tim.o(i.HAL_TIM_OC_DelayElapsedCallback)
    i.HAL_TIM_PWM_PulseFinishedCallback      0x080020da   Section        0  stm32g4xx_hal_tim.o(i.HAL_TIM_PWM_PulseFinishedCallback)
    i.HAL_TIM_PeriodElapsedCallback          0x080020dc   Section        0  stm32g4xx_hal_tim.o(i.HAL_TIM_PeriodElapsedCallback)
    i.HAL_TIM_TriggerCallback                0x080020de   Section        0  stm32g4xx_hal_tim.o(i.HAL_TIM_TriggerCallback)
    i.HAL_UARTEx_RxEventCallback             0x080020e0   Section        0  stm32g4xx_hal_uart.o(i.HAL_UARTEx_RxEventCallback)
    i.HAL_UARTEx_RxFifoFullCallback          0x080020e2   Section        0  stm32g4xx_hal_uart_ex.o(i.HAL_UARTEx_RxFifoFullCallback)
    i.HAL_UARTEx_TxFifoEmptyCallback         0x080020e4   Section        0  stm32g4xx_hal_uart_ex.o(i.HAL_UARTEx_TxFifoEmptyCallback)
    i.HAL_UARTEx_WakeupCallback              0x080020e6   Section        0  stm32g4xx_hal_uart_ex.o(i.HAL_UARTEx_WakeupCallback)
    i.HAL_UART_ErrorCallback                 0x080020e8   Section        0  stm32g4xx_hal_uart.o(i.HAL_UART_ErrorCallback)
    i.HAL_UART_IRQHandler                    0x080020ec   Section        0  stm32g4xx_hal_uart.o(i.HAL_UART_IRQHandler)
    i.HAL_UART_TxCpltCallback                0x08002370   Section        0  stm32g4xx_hal_uart.o(i.HAL_UART_TxCpltCallback)
    i.HardFault_Handler                      0x08002372   Section        0  stm32g4xx_it.o(i.HardFault_Handler)
    i.Key_Init                               0x08002374   Section        0  key.o(i.Key_Init)
    i.Key_Proc                               0x080023d4   Section        0  main.o(i.Key_Proc)
    i.LCD_BusIn                              0x08002424   Section        0  lcd.o(i.LCD_BusIn)
    i.LCD_BusOut                             0x08002450   Section        0  lcd.o(i.LCD_BusOut)
    i.LCD_Clear                              0x08002480   Section        0  lcd.o(i.LCD_Clear)
    i.LCD_CtrlLinesConfig                    0x080024a4   Section        0  lcd.o(i.LCD_CtrlLinesConfig)
    i.LCD_DisplayChar                        0x08002534   Section        0  lcd.o(i.LCD_DisplayChar)
    i.LCD_DisplayStringLine                  0x0800254c   Section        0  lcd.o(i.LCD_DisplayStringLine)
    i.LCD_DrawChar                           0x08002578   Section        0  lcd.o(i.LCD_DrawChar)
    i.LCD_Init                               0x080025d0   Section        0  lcd.o(i.LCD_Init)
    i.LCD_Proc                               0x08002604   Section        0  main.o(i.LCD_Proc)
    i.LCD_ReadReg                            0x080026a4   Section        0  lcd.o(i.LCD_ReadReg)
    i.LCD_SetBackColor                       0x08002724   Section        0  lcd.o(i.LCD_SetBackColor)
    i.LCD_SetCursor                          0x08002734   Section        0  lcd.o(i.LCD_SetCursor)
    i.LCD_SetTextColor                       0x0800274c   Section        0  lcd.o(i.LCD_SetTextColor)
    i.LCD_WriteRAM                           0x0800275c   Section        0  lcd.o(i.LCD_WriteRAM)
    i.LCD_WriteRAM_Prepare                   0x080027b4   Section        0  lcd.o(i.LCD_WriteRAM_Prepare)
    i.LCD_WriteReg                           0x08002810   Section        0  lcd.o(i.LCD_WriteReg)
    i.LED_Disp                               0x0800287c   Section        0  led.o(i.LED_Disp)
    i.LED_Init                               0x080028d0   Section        0  led.o(i.LED_Init)
    i.LL_ADC_GetOffsetChannel                0x0800296c   Section        0  stm32g4xx_hal_adc.o(i.LL_ADC_GetOffsetChannel)
    LL_ADC_GetOffsetChannel                  0x0800296d   Thumb Code    12  stm32g4xx_hal_adc.o(i.LL_ADC_GetOffsetChannel)
    i.LL_ADC_INJ_IsConversionOngoing         0x08002978   Section        0  stm32g4xx_hal_adc.o(i.LL_ADC_INJ_IsConversionOngoing)
    LL_ADC_INJ_IsConversionOngoing           0x08002979   Thumb Code     8  stm32g4xx_hal_adc.o(i.LL_ADC_INJ_IsConversionOngoing)
    i.LL_ADC_REG_IsConversionOngoing         0x08002980   Section        0  stm32g4xx_hal_adc.o(i.LL_ADC_REG_IsConversionOngoing)
    LL_ADC_REG_IsConversionOngoing           0x08002981   Thumb Code     8  stm32g4xx_hal_adc.o(i.LL_ADC_REG_IsConversionOngoing)
    i.LL_ADC_SetChannelSamplingTime          0x08002988   Section        0  stm32g4xx_hal_adc.o(i.LL_ADC_SetChannelSamplingTime)
    LL_ADC_SetChannelSamplingTime            0x08002989   Thumb Code    30  stm32g4xx_hal_adc.o(i.LL_ADC_SetChannelSamplingTime)
    i.LL_ADC_SetOffsetState                  0x080029a6   Section        0  stm32g4xx_hal_adc.o(i.LL_ADC_SetOffsetState)
    LL_ADC_SetOffsetState                    0x080029a7   Thumb Code    16  stm32g4xx_hal_adc.o(i.LL_ADC_SetOffsetState)
    i.MemManage_Handler                      0x080029b6   Section        0  stm32g4xx_it.o(i.MemManage_Handler)
    i.NMI_Handler                            0x080029b8   Section        0  stm32g4xx_it.o(i.NMI_Handler)
    i.PendSV_Handler                         0x080029ba   Section        0  stm32g4xx_it.o(i.PendSV_Handler)
    i.REG_8230_Init                          0x080029bc   Section        0  lcd.o(i.REG_8230_Init)
    i.REG_932X_Init                          0x08002ace   Section        0  lcd.o(i.REG_932X_Init)
    i.Read_Btn                               0x08002cd0   Section        0  adc.o(i.Read_Btn)
    i.SEG_Init                               0x08002d40   Section        0  seg.o(i.SEG_Init)
    i.SVC_Handler                            0x08002d88   Section        0  stm32g4xx_it.o(i.SVC_Handler)
    i.Seg_Display_Num                        0x08002d8a   Section        0  seg.o(i.Seg_Display_Num)
    i.Seg_Display_Value                      0x08002db0   Section        0  seg.o(i.Seg_Display_Value)
    i.SysTick_Handler                        0x08002e80   Section        0  stm32g4xx_it.o(i.SysTick_Handler)
    i.SystemClock_Config                     0x08002e84   Section        0  main.o(i.SystemClock_Config)
    i.SystemInit                             0x08002f14   Section        0  system_stm32g4xx.o(i.SystemInit)
    i.TIM2_IRQHandler                        0x08002f24   Section        0  stm32g4xx_it.o(i.TIM2_IRQHandler)
    i.TIM3_IRQHandler                        0x08002f30   Section        0  stm32g4xx_it.o(i.TIM3_IRQHandler)
    i.TIM4_IRQHandler                        0x08002f3c   Section        0  stm32g4xx_it.o(i.TIM4_IRQHandler)
    i.UART_DMAAbortOnError                   0x08002f48   Section        0  stm32g4xx_hal_uart.o(i.UART_DMAAbortOnError)
    UART_DMAAbortOnError                     0x08002f49   Thumb Code    20  stm32g4xx_hal_uart.o(i.UART_DMAAbortOnError)
    i.UART_EndRxTransfer                     0x08002f5c   Section        0  stm32g4xx_hal_uart.o(i.UART_EndRxTransfer)
    UART_EndRxTransfer                       0x08002f5d   Thumb Code    50  stm32g4xx_hal_uart.o(i.UART_EndRxTransfer)
    i.USART1_IRQHandler                      0x08002f94   Section        0  stm32g4xx_it.o(i.USART1_IRQHandler)
    i.UsageFault_Handler                     0x08002fa0   Section        0  stm32g4xx_it.o(i.UsageFault_Handler)
    i.__0sprintf                             0x08002fa4   Section        0  printfa.o(i.__0sprintf)
    i.__NVIC_SetPriority                     0x08002fcc   Section        0  stm32g4xx_hal_cortex.o(i.__NVIC_SetPriority)
    __NVIC_SetPriority                       0x08002fcd   Thumb Code    32  stm32g4xx_hal_cortex.o(i.__NVIC_SetPriority)
    i.__scatterload_copy                     0x08002fec   Section       14  handlers.o(i.__scatterload_copy)
    i.__scatterload_null                     0x08002ffa   Section        2  handlers.o(i.__scatterload_null)
    i.__scatterload_zeroinit                 0x08002ffc   Section       14  handlers.o(i.__scatterload_zeroinit)
    i._fp_digits                             0x0800300c   Section        0  printfa.o(i._fp_digits)
    _fp_digits                               0x0800300d   Thumb Code   366  printfa.o(i._fp_digits)
    i._printf_core                           0x08003190   Section        0  printfa.o(i._printf_core)
    _printf_core                             0x08003191   Thumb Code  1744  printfa.o(i._printf_core)
    i._printf_post_padding                   0x0800386c   Section        0  printfa.o(i._printf_post_padding)
    _printf_post_padding                     0x0800386d   Thumb Code    36  printfa.o(i._printf_post_padding)
    i._printf_pre_padding                    0x08003890   Section        0  printfa.o(i._printf_pre_padding)
    _printf_pre_padding                      0x08003891   Thumb Code    46  printfa.o(i._printf_pre_padding)
    i._sputc                                 0x080038be   Section        0  printfa.o(i._sputc)
    _sputc                                   0x080038bf   Thumb Code    10  printfa.o(i._sputc)
    i.ds18b20_init_x                         0x080038c8   Section        0  ds18b20_hal.o(i.ds18b20_init_x)
    i.ds18b20_read                           0x08003908   Section        0  ds18b20_hal.o(i.ds18b20_read)
    i.main                                   0x0800393e   Section        0  main.o(i.main)
    i.mode_input1                            0x0800397c   Section        0  ds18b20_hal.o(i.mode_input1)
    i.mode_output1                           0x080039a0   Section        0  ds18b20_hal.o(i.mode_output1)
    i.ow_bit_io                              0x080039ca   Section        0  ds18b20_hal.o(i.ow_bit_io)
    i.ow_byte_rd                             0x08003a0e   Section        0  ds18b20_hal.o(i.ow_byte_rd)
    i.ow_byte_wr                             0x08003a14   Section        0  ds18b20_hal.o(i.ow_byte_wr)
    i.ow_reset                               0x08003a38   Section        0  ds18b20_hal.o(i.ow_reset)
    .constdata                               0x08003a84   Section     4560  lcd.o(.constdata)
    .constdata                               0x08004c54   Section       16  system_stm32g4xx.o(.constdata)
    .data                                    0x20000000   Section       16  main.o(.data)
    .data                                    0x20000010   Section        6  lcd.o(.data)
    TextColor                                0x20000010   Data           2  lcd.o(.data)
    BackColor                                0x20000012   Data           2  lcd.o(.data)
    .data                                    0x20000018   Section        4  adc.o(.data)
    HAL_RCC_ADC12_CLK_ENABLED                0x20000018   Data           4  adc.o(.data)
    .data                                    0x2000001c   Section       17  seg.o(.data)
    .data                                    0x20000030   Section       12  stm32g4xx_hal.o(.data)
    .data                                    0x2000003c   Section        4  system_stm32g4xx.o(.data)
    .bss                                     0x20000040   Section       21  main.o(.bss)
    .bss                                     0x20000058   Section      144  uart.o(.bss)
    .bss                                     0x200000e8   Section      216  adc.o(.bss)
    .bss                                     0x200001c0   Section      304  tim.o(.bss)
    STACK                                    0x200002f0   Section     1024  startup_stm32g431xx.o(STACK)

    Global Symbols

    Symbol Name                              Value     Ov Type        Size  Object(Section)

    BuildAttributes$$THM_ISAv4$E$P$D$K$B$S$7EM$VFPi3$EXTD16$VFPS$VFMA$PE$A:L22UL41UL21$X:L11$S22US41US21$IEEE1$IW$USESV6$~STKCKD$USESV7$~SHL$OSPACE$ROPI$EBA8$MICROLIB$REQ8$PRES8$EABIv2 0x00000000   Number         0  anon$$obj.o ABSOLUTE
    __ARM_use_no_argv                        0x00000000   Number         0  main.o ABSOLUTE
    _printf_a                                0x00000000   Number         0  stubs.o ABSOLUTE
    _printf_c                                0x00000000   Number         0  stubs.o ABSOLUTE
    _printf_charcount                        0x00000000   Number         0  stubs.o ABSOLUTE
    _printf_d                                0x00000000   Number         0  stubs.o ABSOLUTE
    _printf_e                                0x00000000   Number         0  stubs.o ABSOLUTE
    _printf_f                                0x00000000   Number         0  stubs.o ABSOLUTE
    _printf_flags                            0x00000000   Number         0  stubs.o ABSOLUTE
    _printf_fp_dec                           0x00000000   Number         0  stubs.o ABSOLUTE
    _printf_fp_hex                           0x00000000   Number         0  stubs.o ABSOLUTE
    _printf_g                                0x00000000   Number         0  stubs.o ABSOLUTE
    _printf_i                                0x00000000   Number         0  stubs.o ABSOLUTE
    _printf_int_dec                          0x00000000   Number         0  stubs.o ABSOLUTE
    _printf_l                                0x00000000   Number         0  stubs.o ABSOLUTE
    _printf_lc                               0x00000000   Number         0  stubs.o ABSOLUTE
    _printf_ll                               0x00000000   Number         0  stubs.o ABSOLUTE
    _printf_lld                              0x00000000   Number         0  stubs.o ABSOLUTE
    _printf_lli                              0x00000000   Number         0  stubs.o ABSOLUTE
    _printf_llo                              0x00000000   Number         0  stubs.o ABSOLUTE
    _printf_llu                              0x00000000   Number         0  stubs.o ABSOLUTE
    _printf_llx                              0x00000000   Number         0  stubs.o ABSOLUTE
    _printf_longlong_dec                     0x00000000   Number         0  stubs.o ABSOLUTE
    _printf_longlong_hex                     0x00000000   Number         0  stubs.o ABSOLUTE
    _printf_longlong_oct                     0x00000000   Number         0  stubs.o ABSOLUTE
    _printf_ls                               0x00000000   Number         0  stubs.o ABSOLUTE
    _printf_mbtowc                           0x00000000   Number         0  stubs.o ABSOLUTE
    _printf_n                                0x00000000   Number         0  stubs.o ABSOLUTE
    _printf_o                                0x00000000   Number         0  stubs.o ABSOLUTE
    _printf_p                                0x00000000   Number         0  stubs.o ABSOLUTE
    _printf_percent                          0x00000000   Number         0  stubs.o ABSOLUTE
    _printf_pre_padding                      0x00000000   Number         0  stubs.o ABSOLUTE
    _printf_return_value                     0x00000000   Number         0  stubs.o ABSOLUTE
    _printf_s                                0x00000000   Number         0  stubs.o ABSOLUTE
    _printf_sizespec                         0x00000000   Number         0  stubs.o ABSOLUTE
    _printf_str                              0x00000000   Number         0  stubs.o ABSOLUTE
    _printf_truncate_signed                  0x00000000   Number         0  stubs.o ABSOLUTE
    _printf_truncate_unsigned                0x00000000   Number         0  stubs.o ABSOLUTE
    _printf_u                                0x00000000   Number         0  stubs.o ABSOLUTE
    _printf_wc                               0x00000000   Number         0  stubs.o ABSOLUTE
    _printf_wctomb                           0x00000000   Number         0  stubs.o ABSOLUTE
    _printf_widthprec                        0x00000000   Number         0  stubs.o ABSOLUTE
    _printf_x                                0x00000000   Number         0  stubs.o ABSOLUTE
    __cpp_initialize__aeabi_                  - Undefined Weak Reference
    __cxa_finalize                            - Undefined Weak Reference
    __decompress                              - Undefined Weak Reference
    _clock_init                               - Undefined Weak Reference
    _microlib_exit                            - Undefined Weak Reference
    __Vectors_Size                           0x000001d8   Number         0  startup_stm32g431xx.o ABSOLUTE
    __Vectors                                0x08000000   Data           4  startup_stm32g431xx.o(RESET)
    __Vectors_End                            0x080001d8   Data           0  startup_stm32g431xx.o(RESET)
    __main                                   0x080001d9   Thumb Code     0  entry.o(.ARM.Collect$$$$00000000)
    _main_stk                                0x080001d9   Thumb Code     0  entry2.o(.ARM.Collect$$$$00000001)
    _main_scatterload                        0x080001dd   Thumb Code     0  entry5.o(.ARM.Collect$$$$00000004)
    __main_after_scatterload                 0x080001e1   Thumb Code     0  entry5.o(.ARM.Collect$$$$00000004)
    _main_clock                              0x080001e1   Thumb Code     0  entry7b.o(.ARM.Collect$$$$00000008)
    _main_cpp_init                           0x080001e1   Thumb Code     0  entry8b.o(.ARM.Collect$$$$0000000A)
    _main_init                               0x080001e1   Thumb Code     0  entry9a.o(.ARM.Collect$$$$0000000B)
    __rt_final_cpp                           0x080001e9   Thumb Code     0  entry10a.o(.ARM.Collect$$$$0000000D)
    __rt_final_exit                          0x080001e9   Thumb Code     0  entry11a.o(.ARM.Collect$$$$0000000F)
    Reset_Handler                            0x080001ed   Thumb Code     8  startup_stm32g431xx.o(.text)
    ADC1_2_IRQHandler                        0x08000207   Thumb Code     0  startup_stm32g431xx.o(.text)
    COMP1_2_3_IRQHandler                     0x08000207   Thumb Code     0  startup_stm32g431xx.o(.text)
    COMP4_IRQHandler                         0x08000207   Thumb Code     0  startup_stm32g431xx.o(.text)
    CORDIC_IRQHandler                        0x08000207   Thumb Code     0  startup_stm32g431xx.o(.text)
    CRS_IRQHandler                           0x08000207   Thumb Code     0  startup_stm32g431xx.o(.text)
    DMA1_Channel1_IRQHandler                 0x08000207   Thumb Code     0  startup_stm32g431xx.o(.text)
    DMA1_Channel2_IRQHandler                 0x08000207   Thumb Code     0  startup_stm32g431xx.o(.text)
    DMA1_Channel3_IRQHandler                 0x08000207   Thumb Code     0  startup_stm32g431xx.o(.text)
    DMA1_Channel4_IRQHandler                 0x08000207   Thumb Code     0  startup_stm32g431xx.o(.text)
    DMA1_Channel5_IRQHandler                 0x08000207   Thumb Code     0  startup_stm32g431xx.o(.text)
    DMA1_Channel6_IRQHandler                 0x08000207   Thumb Code     0  startup_stm32g431xx.o(.text)
    DMA2_Channel1_IRQHandler                 0x08000207   Thumb Code     0  startup_stm32g431xx.o(.text)
    DMA2_Channel2_IRQHandler                 0x08000207   Thumb Code     0  startup_stm32g431xx.o(.text)
    DMA2_Channel3_IRQHandler                 0x08000207   Thumb Code     0  startup_stm32g431xx.o(.text)
    DMA2_Channel4_IRQHandler                 0x08000207   Thumb Code     0  startup_stm32g431xx.o(.text)
    DMA2_Channel5_IRQHandler                 0x08000207   Thumb Code     0  startup_stm32g431xx.o(.text)
    DMA2_Channel6_IRQHandler                 0x08000207   Thumb Code     0  startup_stm32g431xx.o(.text)
    DMAMUX_OVR_IRQHandler                    0x08000207   Thumb Code     0  startup_stm32g431xx.o(.text)
    EXTI0_IRQHandler                         0x08000207   Thumb Code     0  startup_stm32g431xx.o(.text)
    EXTI15_10_IRQHandler                     0x08000207   Thumb Code     0  startup_stm32g431xx.o(.text)
    EXTI1_IRQHandler                         0x08000207   Thumb Code     0  startup_stm32g431xx.o(.text)
    EXTI2_IRQHandler                         0x08000207   Thumb Code     0  startup_stm32g431xx.o(.text)
    EXTI3_IRQHandler                         0x08000207   Thumb Code     0  startup_stm32g431xx.o(.text)
    EXTI4_IRQHandler                         0x08000207   Thumb Code     0  startup_stm32g431xx.o(.text)
    EXTI9_5_IRQHandler                       0x08000207   Thumb Code     0  startup_stm32g431xx.o(.text)
    FDCAN1_IT0_IRQHandler                    0x08000207   Thumb Code     0  startup_stm32g431xx.o(.text)
    FDCAN1_IT1_IRQHandler                    0x08000207   Thumb Code     0  startup_stm32g431xx.o(.text)
    FLASH_IRQHandler                         0x08000207   Thumb Code     0  startup_stm32g431xx.o(.text)
    FMAC_IRQHandler                          0x08000207   Thumb Code     0  startup_stm32g431xx.o(.text)
    FPU_IRQHandler                           0x08000207   Thumb Code     0  startup_stm32g431xx.o(.text)
    I2C1_ER_IRQHandler                       0x08000207   Thumb Code     0  startup_stm32g431xx.o(.text)
    I2C1_EV_IRQHandler                       0x08000207   Thumb Code     0  startup_stm32g431xx.o(.text)
    I2C2_ER_IRQHandler                       0x08000207   Thumb Code     0  startup_stm32g431xx.o(.text)
    I2C2_EV_IRQHandler                       0x08000207   Thumb Code     0  startup_stm32g431xx.o(.text)
    I2C3_ER_IRQHandler                       0x08000207   Thumb Code     0  startup_stm32g431xx.o(.text)
    I2C3_EV_IRQHandler                       0x08000207   Thumb Code     0  startup_stm32g431xx.o(.text)
    LPTIM1_IRQHandler                        0x08000207   Thumb Code     0  startup_stm32g431xx.o(.text)
    LPUART1_IRQHandler                       0x08000207   Thumb Code     0  startup_stm32g431xx.o(.text)
    PVD_PVM_IRQHandler                       0x08000207   Thumb Code     0  startup_stm32g431xx.o(.text)
    RCC_IRQHandler                           0x08000207   Thumb Code     0  startup_stm32g431xx.o(.text)
    RNG_IRQHandler                           0x08000207   Thumb Code     0  startup_stm32g431xx.o(.text)
    RTC_Alarm_IRQHandler                     0x08000207   Thumb Code     0  startup_stm32g431xx.o(.text)
    RTC_TAMP_LSECSS_IRQHandler               0x08000207   Thumb Code     0  startup_stm32g431xx.o(.text)
    RTC_WKUP_IRQHandler                      0x08000207   Thumb Code     0  startup_stm32g431xx.o(.text)
    SAI1_IRQHandler                          0x08000207   Thumb Code     0  startup_stm32g431xx.o(.text)
    SPI1_IRQHandler                          0x08000207   Thumb Code     0  startup_stm32g431xx.o(.text)
    SPI2_IRQHandler                          0x08000207   Thumb Code     0  startup_stm32g431xx.o(.text)
    SPI3_IRQHandler                          0x08000207   Thumb Code     0  startup_stm32g431xx.o(.text)
    TIM1_BRK_TIM15_IRQHandler                0x08000207   Thumb Code     0  startup_stm32g431xx.o(.text)
    TIM1_CC_IRQHandler                       0x08000207   Thumb Code     0  startup_stm32g431xx.o(.text)
    TIM1_TRG_COM_TIM17_IRQHandler            0x08000207   Thumb Code     0  startup_stm32g431xx.o(.text)
    TIM1_UP_TIM16_IRQHandler                 0x08000207   Thumb Code     0  startup_stm32g431xx.o(.text)
    TIM6_DAC_IRQHandler                      0x08000207   Thumb Code     0  startup_stm32g431xx.o(.text)
    TIM7_IRQHandler                          0x08000207   Thumb Code     0  startup_stm32g431xx.o(.text)
    TIM8_BRK_IRQHandler                      0x08000207   Thumb Code     0  startup_stm32g431xx.o(.text)
    TIM8_CC_IRQHandler                       0x08000207   Thumb Code     0  startup_stm32g431xx.o(.text)
    TIM8_TRG_COM_IRQHandler                  0x08000207   Thumb Code     0  startup_stm32g431xx.o(.text)
    TIM8_UP_IRQHandler                       0x08000207   Thumb Code     0  startup_stm32g431xx.o(.text)
    UART4_IRQHandler                         0x08000207   Thumb Code     0  startup_stm32g431xx.o(.text)
    UCPD1_IRQHandler                         0x08000207   Thumb Code     0  startup_stm32g431xx.o(.text)
    USART2_IRQHandler                        0x08000207   Thumb Code     0  startup_stm32g431xx.o(.text)
    USART3_IRQHandler                        0x08000207   Thumb Code     0  startup_stm32g431xx.o(.text)
    USBWakeUp_IRQHandler                     0x08000207   Thumb Code     0  startup_stm32g431xx.o(.text)
    USB_HP_IRQHandler                        0x08000207   Thumb Code     0  startup_stm32g431xx.o(.text)
    USB_LP_IRQHandler                        0x08000207   Thumb Code     0  startup_stm32g431xx.o(.text)
    WWDG_IRQHandler                          0x08000207   Thumb Code     0  startup_stm32g431xx.o(.text)
    __aeabi_uldivmod                         0x08000211   Thumb Code    98  uldiv.o(.text)
    __aeabi_memset                           0x08000273   Thumb Code    14  memseta.o(.text)
    __aeabi_memset4                          0x08000273   Thumb Code     0  memseta.o(.text)
    __aeabi_memset8                          0x08000273   Thumb Code     0  memseta.o(.text)
    __aeabi_memclr                           0x08000281   Thumb Code     4  memseta.o(.text)
    __aeabi_memclr4                          0x08000281   Thumb Code     0  memseta.o(.text)
    __aeabi_memclr8                          0x08000281   Thumb Code     0  memseta.o(.text)
    _memset$wrapper                          0x08000285   Thumb Code    18  memseta.o(.text)
    __aeabi_dmul                             0x08000297   Thumb Code   228  dmul.o(.text)
    __aeabi_ui2d                             0x0800037b   Thumb Code    26  dfltui.o(.text)
    __aeabi_uidiv                            0x08000395   Thumb Code     0  uidiv.o(.text)
    __aeabi_uidivmod                         0x08000395   Thumb Code    44  uidiv.o(.text)
    __aeabi_llsl                             0x080003c1   Thumb Code    30  llshl.o(.text)
    _ll_shift_l                              0x080003c1   Thumb Code     0  llshl.o(.text)
    __aeabi_llsr                             0x080003df   Thumb Code    32  llushr.o(.text)
    _ll_ushift_r                             0x080003df   Thumb Code     0  llushr.o(.text)
    __I$use$fp                               0x080003ff   Thumb Code     0  iusefp.o(.text)
    _double_round                            0x080003ff   Thumb Code    30  depilogue.o(.text)
    _double_epilogue                         0x0800041d   Thumb Code   156  depilogue.o(.text)
    __aeabi_dadd                             0x080004b9   Thumb Code   322  dadd.o(.text)
    __aeabi_dsub                             0x080005fb   Thumb Code     6  dadd.o(.text)
    __aeabi_drsub                            0x08000601   Thumb Code     6  dadd.o(.text)
    __aeabi_ddiv                             0x08000607   Thumb Code   222  ddiv.o(.text)
    __aeabi_d2ulz                            0x080006e5   Thumb Code    48  dfixul.o(.text)
    __aeabi_cdrcmple                         0x08000715   Thumb Code    48  cdrcmple.o(.text)
    __scatterload                            0x08000745   Thumb Code    28  init.o(.text)
    __scatterload_rt2                        0x08000745   Thumb Code     0  init.o(.text)
    __aeabi_lasr                             0x08000769   Thumb Code    36  llsshr.o(.text)
    _ll_sshift_r                             0x08000769   Thumb Code     0  llsshr.o(.text)
    ADC2_Init                                0x0800078d   Thumb Code   110  adc.o(i.ADC2_Init)
    ADC_Enable                               0x08000809   Thumb Code   110  stm32g4xx_hal_adc.o(i.ADC_Enable)
    BusFault_Handler                         0x0800087d   Thumb Code     2  stm32g4xx_it.o(i.BusFault_Handler)
    DebugMon_Handler                         0x0800087f   Thumb Code     2  stm32g4xx_it.o(i.DebugMon_Handler)
    Delay_LCD                                0x08000881   Thumb Code    28  lcd.o(i.Delay_LCD)
    Error_Handler                            0x0800089d   Thumb Code     4  main.o(i.Error_Handler)
    GetADC2                                  0x080008a1   Thumb Code    18  adc.o(i.GetADC2)
    Get_Btn                                  0x080008b9   Thumb Code    98  adc.o(i.Get_Btn)
    HAL_ADC_ConfigChannel                    0x0800091d   Thumb Code  1006  stm32g4xx_hal_adc.o(i.HAL_ADC_ConfigChannel)
    HAL_ADC_GetValue                         0x08000d41   Thumb Code     6  stm32g4xx_hal_adc.o(i.HAL_ADC_GetValue)
    HAL_ADC_Init                             0x08000d49   Thumb Code   476  stm32g4xx_hal_adc.o(i.HAL_ADC_Init)
    HAL_ADC_MspInit                          0x08000f45   Thumb Code   182  adc.o(i.HAL_ADC_MspInit)
    HAL_ADC_Start                            0x0800100d   Thumb Code   230  stm32g4xx_hal_adc.o(i.HAL_ADC_Start)
    HAL_DMA_Abort                            0x08001101   Thumb Code   106  stm32g4xx_hal_dma.o(i.HAL_DMA_Abort)
    HAL_DMA_Abort_IT                         0x0800116b   Thumb Code   120  stm32g4xx_hal_dma.o(i.HAL_DMA_Abort_IT)
    HAL_Delay                                0x080011e5   Thumb Code    32  stm32g4xx_hal.o(i.HAL_Delay)
    HAL_GPIO_Init                            0x08001209   Thumb Code   422  stm32g4xx_hal_gpio.o(i.HAL_GPIO_Init)
    HAL_GPIO_ReadPin                         0x080013d1   Thumb Code    10  stm32g4xx_hal_gpio.o(i.HAL_GPIO_ReadPin)
    HAL_GPIO_WritePin                        0x080013db   Thumb Code    10  stm32g4xx_hal_gpio.o(i.HAL_GPIO_WritePin)
    HAL_GetTick                              0x080013e5   Thumb Code     6  stm32g4xx_hal.o(i.HAL_GetTick)
    HAL_IncTick                              0x080013f1   Thumb Code    12  stm32g4xx_hal.o(i.HAL_IncTick)
    HAL_Init                                 0x08001401   Thumb Code    30  stm32g4xx_hal.o(i.HAL_Init)
    HAL_InitTick                             0x08001421   Thumb Code    58  stm32g4xx_hal.o(i.HAL_InitTick)
    HAL_MspInit                              0x08001465   Thumb Code    42  stm32g4xx_hal_msp.o(i.HAL_MspInit)
    HAL_NVIC_SetPriority                     0x08001495   Thumb Code    60  stm32g4xx_hal_cortex.o(i.HAL_NVIC_SetPriority)
    HAL_NVIC_SetPriorityGrouping             0x080014d5   Thumb Code    26  stm32g4xx_hal_cortex.o(i.HAL_NVIC_SetPriorityGrouping)
    HAL_PWREx_ControlVoltageScaling          0x080014f9   Thumb Code   174  stm32g4xx_hal_pwr_ex.o(i.HAL_PWREx_ControlVoltageScaling)
    HAL_PWREx_DisableUCPDDeadBattery         0x080015b5   Thumb Code    12  stm32g4xx_hal_pwr_ex.o(i.HAL_PWREx_DisableUCPDDeadBattery)
    HAL_RCCEx_PeriphCLKConfig                0x080015c5   Thumb Code   638  stm32g4xx_hal_rcc_ex.o(i.HAL_RCCEx_PeriphCLKConfig)
    HAL_RCC_ClockConfig                      0x0800184d   Thumb Code   444  stm32g4xx_hal_rcc.o(i.HAL_RCC_ClockConfig)
    HAL_RCC_GetSysClockFreq                  0x08001a29   Thumb Code    98  stm32g4xx_hal_rcc.o(i.HAL_RCC_GetSysClockFreq)
    HAL_RCC_OscConfig                        0x08001a99   Thumb Code  1036  stm32g4xx_hal_rcc.o(i.HAL_RCC_OscConfig)
    HAL_SYSTICK_Config                       0x08001ea5   Thumb Code    40  stm32g4xx_hal_cortex.o(i.HAL_SYSTICK_Config)
    HAL_TIMEx_Break2Callback                 0x08001ecd   Thumb Code     2  stm32g4xx_hal_tim_ex.o(i.HAL_TIMEx_Break2Callback)
    HAL_TIMEx_BreakCallback                  0x08001ecf   Thumb Code     2  stm32g4xx_hal_tim_ex.o(i.HAL_TIMEx_BreakCallback)
    HAL_TIMEx_CommutCallback                 0x08001ed1   Thumb Code     2  stm32g4xx_hal_tim_ex.o(i.HAL_TIMEx_CommutCallback)
    HAL_TIMEx_DirectionChangeCallback        0x08001ed3   Thumb Code     2  stm32g4xx_hal_tim_ex.o(i.HAL_TIMEx_DirectionChangeCallback)
    HAL_TIMEx_EncoderIndexCallback           0x08001ed5   Thumb Code     2  stm32g4xx_hal_tim_ex.o(i.HAL_TIMEx_EncoderIndexCallback)
    HAL_TIMEx_IndexErrorCallback             0x08001ed7   Thumb Code     2  stm32g4xx_hal_tim_ex.o(i.HAL_TIMEx_IndexErrorCallback)
    HAL_TIMEx_TransitionErrorCallback        0x08001ed9   Thumb Code     2  stm32g4xx_hal_tim_ex.o(i.HAL_TIMEx_TransitionErrorCallback)
    HAL_TIM_IC_CaptureCallback               0x08001edb   Thumb Code     2  stm32g4xx_hal_tim.o(i.HAL_TIM_IC_CaptureCallback)
    HAL_TIM_IRQHandler                       0x08001edd   Thumb Code   508  stm32g4xx_hal_tim.o(i.HAL_TIM_IRQHandler)
    HAL_TIM_OC_DelayElapsedCallback          0x080020d9   Thumb Code     2  stm32g4xx_hal_tim.o(i.HAL_TIM_OC_DelayElapsedCallback)
    HAL_TIM_PWM_PulseFinishedCallback        0x080020db   Thumb Code     2  stm32g4xx_hal_tim.o(i.HAL_TIM_PWM_PulseFinishedCallback)
    HAL_TIM_PeriodElapsedCallback            0x080020dd   Thumb Code     2  stm32g4xx_hal_tim.o(i.HAL_TIM_PeriodElapsedCallback)
    HAL_TIM_TriggerCallback                  0x080020df   Thumb Code     2  stm32g4xx_hal_tim.o(i.HAL_TIM_TriggerCallback)
    HAL_UARTEx_RxEventCallback               0x080020e1   Thumb Code     2  stm32g4xx_hal_uart.o(i.HAL_UARTEx_RxEventCallback)
    HAL_UARTEx_RxFifoFullCallback            0x080020e3   Thumb Code     2  stm32g4xx_hal_uart_ex.o(i.HAL_UARTEx_RxFifoFullCallback)
    HAL_UARTEx_TxFifoEmptyCallback           0x080020e5   Thumb Code     2  stm32g4xx_hal_uart_ex.o(i.HAL_UARTEx_TxFifoEmptyCallback)
    HAL_UARTEx_WakeupCallback                0x080020e7   Thumb Code     2  stm32g4xx_hal_uart_ex.o(i.HAL_UARTEx_WakeupCallback)
    HAL_UART_ErrorCallback                   0x080020e9   Thumb Code     2  stm32g4xx_hal_uart.o(i.HAL_UART_ErrorCallback)
    HAL_UART_IRQHandler                      0x080020ed   Thumb Code   632  stm32g4xx_hal_uart.o(i.HAL_UART_IRQHandler)
    HAL_UART_TxCpltCallback                  0x08002371   Thumb Code     2  stm32g4xx_hal_uart.o(i.HAL_UART_TxCpltCallback)
    HardFault_Handler                        0x08002373   Thumb Code     2  stm32g4xx_it.o(i.HardFault_Handler)
    Key_Init                                 0x08002375   Thumb Code    86  key.o(i.Key_Init)
    Key_Proc                                 0x080023d5   Thumb Code    70  main.o(i.Key_Proc)
    LCD_BusIn                                0x08002425   Thumb Code    40  lcd.o(i.LCD_BusIn)
    LCD_BusOut                               0x08002451   Thumb Code    42  lcd.o(i.LCD_BusOut)
    LCD_Clear                                0x08002481   Thumb Code    36  lcd.o(i.LCD_Clear)
    LCD_CtrlLinesConfig                      0x080024a5   Thumb Code   136  lcd.o(i.LCD_CtrlLinesConfig)
    LCD_DisplayChar                          0x08002535   Thumb Code    18  lcd.o(i.LCD_DisplayChar)
    LCD_DisplayStringLine                    0x0800254d   Thumb Code    42  lcd.o(i.LCD_DisplayStringLine)
    LCD_DrawChar                             0x08002579   Thumb Code    84  lcd.o(i.LCD_DrawChar)
    LCD_Init                                 0x080025d1   Thumb Code    46  lcd.o(i.LCD_Init)
    LCD_Proc                                 0x08002605   Thumb Code   112  main.o(i.LCD_Proc)
    LCD_ReadReg                              0x080026a5   Thumb Code   120  lcd.o(i.LCD_ReadReg)
    LCD_SetBackColor                         0x08002725   Thumb Code    12  lcd.o(i.LCD_SetBackColor)
    LCD_SetCursor                            0x08002735   Thumb Code    24  lcd.o(i.LCD_SetCursor)
    LCD_SetTextColor                         0x0800274d   Thumb Code    12  lcd.o(i.LCD_SetTextColor)
    LCD_WriteRAM                             0x0800275d   Thumb Code    80  lcd.o(i.LCD_WriteRAM)
    LCD_WriteRAM_Prepare                     0x080027b5   Thumb Code    82  lcd.o(i.LCD_WriteRAM_Prepare)
    LCD_WriteReg                             0x08002811   Thumb Code   100  lcd.o(i.LCD_WriteReg)
    LED_Disp                                 0x0800287d   Thumb Code    74  led.o(i.LED_Disp)
    LED_Init                                 0x080028d1   Thumb Code   142  led.o(i.LED_Init)
    MemManage_Handler                        0x080029b7   Thumb Code     2  stm32g4xx_it.o(i.MemManage_Handler)
    NMI_Handler                              0x080029b9   Thumb Code     2  stm32g4xx_it.o(i.NMI_Handler)
    PendSV_Handler                           0x080029bb   Thumb Code     2  stm32g4xx_it.o(i.PendSV_Handler)
    REG_8230_Init                            0x080029bd   Thumb Code   274  lcd.o(i.REG_8230_Init)
    REG_932X_Init                            0x08002acf   Thumb Code   514  lcd.o(i.REG_932X_Init)
    Read_Btn                                 0x08002cd1   Thumb Code   112  adc.o(i.Read_Btn)
    SEG_Init                                 0x08002d41   Thumb Code    68  seg.o(i.SEG_Init)
    SVC_Handler                              0x08002d89   Thumb Code     2  stm32g4xx_it.o(i.SVC_Handler)
    Seg_Display_Num                          0x08002d8b   Thumb Code    38  seg.o(i.Seg_Display_Num)
    Seg_Display_Value                        0x08002db1   Thumb Code   204  seg.o(i.Seg_Display_Value)
    SysTick_Handler                          0x08002e81   Thumb Code     4  stm32g4xx_it.o(i.SysTick_Handler)
    SystemClock_Config                       0x08002e85   Thumb Code   138  main.o(i.SystemClock_Config)
    SystemInit                               0x08002f15   Thumb Code    12  system_stm32g4xx.o(i.SystemInit)
    TIM2_IRQHandler                          0x08002f25   Thumb Code     6  stm32g4xx_it.o(i.TIM2_IRQHandler)
    TIM3_IRQHandler                          0x08002f31   Thumb Code     6  stm32g4xx_it.o(i.TIM3_IRQHandler)
    TIM4_IRQHandler                          0x08002f3d   Thumb Code     6  stm32g4xx_it.o(i.TIM4_IRQHandler)
    USART1_IRQHandler                        0x08002f95   Thumb Code     6  stm32g4xx_it.o(i.USART1_IRQHandler)
    UsageFault_Handler                       0x08002fa1   Thumb Code     2  stm32g4xx_it.o(i.UsageFault_Handler)
    __0sprintf                               0x08002fa5   Thumb Code    34  printfa.o(i.__0sprintf)
    __1sprintf                               0x08002fa5   Thumb Code     0  printfa.o(i.__0sprintf)
    __2sprintf                               0x08002fa5   Thumb Code     0  printfa.o(i.__0sprintf)
    __c89sprintf                             0x08002fa5   Thumb Code     0  printfa.o(i.__0sprintf)
    sprintf                                  0x08002fa5   Thumb Code     0  printfa.o(i.__0sprintf)
    __scatterload_copy                       0x08002fed   Thumb Code    14  handlers.o(i.__scatterload_copy)
    __scatterload_null                       0x08002ffb   Thumb Code     2  handlers.o(i.__scatterload_null)
    __scatterload_zeroinit                   0x08002ffd   Thumb Code    14  handlers.o(i.__scatterload_zeroinit)
    ds18b20_init_x                           0x080038c9   Thumb Code    58  ds18b20_hal.o(i.ds18b20_init_x)
    ds18b20_read                             0x08003909   Thumb Code    54  ds18b20_hal.o(i.ds18b20_read)
    main                                     0x0800393f   Thumb Code    62  main.o(i.main)
    mode_input1                              0x0800397d   Thumb Code    36  ds18b20_hal.o(i.mode_input1)
    mode_output1                             0x080039a1   Thumb Code    42  ds18b20_hal.o(i.mode_output1)
    ow_bit_io                                0x080039cb   Thumb Code    68  ds18b20_hal.o(i.ow_bit_io)
    ow_byte_rd                               0x08003a0f   Thumb Code     6  ds18b20_hal.o(i.ow_byte_rd)
    ow_byte_wr                               0x08003a15   Thumb Code    36  ds18b20_hal.o(i.ow_byte_wr)
    ow_reset                                 0x08003a39   Thumb Code    76  ds18b20_hal.o(i.ow_reset)
    ASCII_Table                              0x08003a84   Data        4560  lcd.o(.constdata)
    AHBPrescTable                            0x08004c54   Data          16  system_stm32g4xx.o(.constdata)
    Region$$Table$$Base                      0x08004c64   Number         0  anon$$obj.o(Region$$Table)
    Region$$Table$$Limit                     0x08004c84   Number         0  anon$$obj.o(Region$$Table)
    Key_Val                                  0x20000000   Data           1  main.o(.data)
    Key_Down                                 0x20000001   Data           1  main.o(.data)
    Key_Up                                   0x20000002   Data           1  main.o(.data)
    Key_Old                                  0x20000003   Data           1  main.o(.data)
    i                                        0x20000004   Data           1  main.o(.data)
    uwTick_LCD_Set_Point                     0x20000008   Data           4  main.o(.data)
    uwTick_Key_Set_Point                     0x2000000c   Data           4  main.o(.data)
    dummy                                    0x20000014   Data           2  lcd.o(.data)
    Seg                                      0x2000001c   Data          17  seg.o(.data)
    uwTickPrio                               0x20000030   Data           4  stm32g4xx_hal.o(.data)
    uwTickFreq                               0x20000034   Data           4  stm32g4xx_hal.o(.data)
    uwTick                                   0x20000038   Data           4  stm32g4xx_hal.o(.data)
    SystemCoreClock                          0x2000003c   Data           4  system_stm32g4xx.o(.data)
    str                                      0x20000040   Data          21  main.o(.bss)
    huart1                                   0x20000058   Data         144  uart.o(.bss)
    hadc1                                    0x200000e8   Data         108  adc.o(.bss)
    hadc2                                    0x20000154   Data         108  adc.o(.bss)
    htim2                                    0x200001c0   Data          76  tim.o(.bss)
    htim3                                    0x2000020c   Data          76  tim.o(.bss)
    htim4                                    0x20000258   Data          76  tim.o(.bss)
    htim15                                   0x200002a4   Data          76  tim.o(.bss)
    __initial_sp                             0x200006f0   Data           0  startup_stm32g431xx.o(STACK)



==============================================================================

Memory Map of the image

  Image Entry point : 0x080001d9

  Load Region LR_IROM1 (Base: 0x08000000, Size: 0x00004cc4, Max: 0x00020000, ABSOLUTE)

    Execution Region ER_IROM1 (Exec base: 0x08000000, Load base: 0x08000000, Size: 0x00004c84, Max: 0x00020000, ABSOLUTE)

    Exec Addr    Load Addr    Size         Type   Attr      Idx    E Section Name        Object

    0x08000000   0x08000000   0x000001d8   Data   RO            3    RESET               startup_stm32g431xx.o
    0x080001d8   0x080001d8   0x00000000   Code   RO         5623  * .ARM.Collect$$$$00000000  mc_w.l(entry.o)
    0x080001d8   0x080001d8   0x00000004   Code   RO         5895    .ARM.Collect$$$$00000001  mc_w.l(entry2.o)
    0x080001dc   0x080001dc   0x00000004   Code   RO         5898    .ARM.Collect$$$$00000004  mc_w.l(entry5.o)
    0x080001e0   0x080001e0   0x00000000   Code   RO         5900    .ARM.Collect$$$$00000008  mc_w.l(entry7b.o)
    0x080001e0   0x080001e0   0x00000000   Code   RO         5902    .ARM.Collect$$$$0000000A  mc_w.l(entry8b.o)
    0x080001e0   0x080001e0   0x00000008   Code   RO         5903    .ARM.Collect$$$$0000000B  mc_w.l(entry9a.o)
    0x080001e8   0x080001e8   0x00000000   Code   RO         5905    .ARM.Collect$$$$0000000D  mc_w.l(entry10a.o)
    0x080001e8   0x080001e8   0x00000000   Code   RO         5907    .ARM.Collect$$$$0000000F  mc_w.l(entry11a.o)
    0x080001e8   0x080001e8   0x00000004   Code   RO         5896    .ARM.Collect$$$$00002712  mc_w.l(entry2.o)
    0x080001ec   0x080001ec   0x00000024   Code   RO            4    .text               startup_stm32g431xx.o
    0x08000210   0x08000210   0x00000062   Code   RO         5626    .text               mc_w.l(uldiv.o)
    0x08000272   0x08000272   0x00000024   Code   RO         5628    .text               mc_w.l(memseta.o)
    0x08000296   0x08000296   0x000000e4   Code   RO         5891    .text               mf_w.l(dmul.o)
    0x0800037a   0x0800037a   0x0000001a   Code   RO         5893    .text               mf_w.l(dfltui.o)
    0x08000394   0x08000394   0x0000002c   Code   RO         5912    .text               mc_w.l(uidiv.o)
    0x080003c0   0x080003c0   0x0000001e   Code   RO         5914    .text               mc_w.l(llshl.o)
    0x080003de   0x080003de   0x00000020   Code   RO         5916    .text               mc_w.l(llushr.o)
    0x080003fe   0x080003fe   0x00000000   Code   RO         5918    .text               mc_w.l(iusefp.o)
    0x080003fe   0x080003fe   0x000000ba   Code   RO         5919    .text               mf_w.l(depilogue.o)
    0x080004b8   0x080004b8   0x0000014e   Code   RO         5921    .text               mf_w.l(dadd.o)
    0x08000606   0x08000606   0x000000de   Code   RO         5923    .text               mf_w.l(ddiv.o)
    0x080006e4   0x080006e4   0x00000030   Code   RO         5925    .text               mf_w.l(dfixul.o)
    0x08000714   0x08000714   0x00000030   Code   RO         5927    .text               mf_w.l(cdrcmple.o)
    0x08000744   0x08000744   0x00000024   Code   RO         5929    .text               mc_w.l(init.o)
    0x08000768   0x08000768   0x00000024   Code   RO         5932    .text               mc_w.l(llsshr.o)
    0x0800078c   0x0800078c   0x0000007c   Code   RO          903    i.ADC2_Init         adc.o
    0x08000808   0x08000808   0x00000074   Code   RO         4691    i.ADC_Enable        stm32g4xx_hal_adc.o
    0x0800087c   0x0800087c   0x00000002   Code   RO          214    i.BusFault_Handler  stm32g4xx_it.o
    0x0800087e   0x0800087e   0x00000002   Code   RO          215    i.DebugMon_Handler  stm32g4xx_it.o
    0x08000880   0x08000880   0x0000001c   Code   RO          527    i.Delay_LCD         lcd.o
    0x0800089c   0x0800089c   0x00000004   Code   RO           13    i.Error_Handler     main.o
    0x080008a0   0x080008a0   0x00000018   Code   RO          905    i.GetADC2           adc.o
    0x080008b8   0x080008b8   0x00000062   Code   RO          906    i.Get_Btn           adc.o
    0x0800091a   0x0800091a   0x00000002   PAD
    0x0800091c   0x0800091c   0x00000424   Code   RO         4693    i.HAL_ADC_ConfigChannel  stm32g4xx_hal_adc.o
    0x08000d40   0x08000d40   0x00000006   Code   RO         4700    i.HAL_ADC_GetValue  stm32g4xx_hal_adc.o
    0x08000d46   0x08000d46   0x00000002   PAD
    0x08000d48   0x08000d48   0x000001fc   Code   RO         4702    i.HAL_ADC_Init      stm32g4xx_hal_adc.o
    0x08000f44   0x08000f44   0x000000c8   Code   RO          907    i.HAL_ADC_MspInit   adc.o
    0x0800100c   0x0800100c   0x000000f4   Code   RO         4708    i.HAL_ADC_Start     stm32g4xx_hal_adc.o
    0x08001100   0x08001100   0x0000006a   Code   RO         3396    i.HAL_DMA_Abort     stm32g4xx_hal_dma.o
    0x0800116a   0x0800116a   0x00000078   Code   RO         3397    i.HAL_DMA_Abort_IT  stm32g4xx_hal_dma.o
    0x080011e2   0x080011e2   0x00000002   PAD
    0x080011e4   0x080011e4   0x00000024   Code   RO         2567    i.HAL_Delay         stm32g4xx_hal.o
    0x08001208   0x08001208   0x000001c8   Code   RO         3258    i.HAL_GPIO_Init     stm32g4xx_hal_gpio.o
    0x080013d0   0x080013d0   0x0000000a   Code   RO         3260    i.HAL_GPIO_ReadPin  stm32g4xx_hal_gpio.o
    0x080013da   0x080013da   0x0000000a   Code   RO         3262    i.HAL_GPIO_WritePin  stm32g4xx_hal_gpio.o
    0x080013e4   0x080013e4   0x0000000c   Code   RO         2571    i.HAL_GetTick       stm32g4xx_hal.o
    0x080013f0   0x080013f0   0x00000010   Code   RO         2574    i.HAL_IncTick       stm32g4xx_hal.o
    0x08001400   0x08001400   0x0000001e   Code   RO         2575    i.HAL_Init          stm32g4xx_hal.o
    0x0800141e   0x0800141e   0x00000002   PAD
    0x08001420   0x08001420   0x00000044   Code   RO         2576    i.HAL_InitTick      stm32g4xx_hal.o
    0x08001464   0x08001464   0x00000030   Code   RO          437    i.HAL_MspInit       stm32g4xx_hal_msp.o
    0x08001494   0x08001494   0x00000040   Code   RO         3671    i.HAL_NVIC_SetPriority  stm32g4xx_hal_cortex.o
    0x080014d4   0x080014d4   0x00000024   Code   RO         3672    i.HAL_NVIC_SetPriorityGrouping  stm32g4xx_hal_cortex.o
    0x080014f8   0x080014f8   0x000000bc   Code   RO         2321    i.HAL_PWREx_ControlVoltageScaling  stm32g4xx_hal_pwr_ex.o
    0x080015b4   0x080015b4   0x00000010   Code   RO         2333    i.HAL_PWREx_DisableUCPDDeadBattery  stm32g4xx_hal_pwr_ex.o
    0x080015c4   0x080015c4   0x00000288   Code   RO         2920    i.HAL_RCCEx_PeriphCLKConfig  stm32g4xx_hal_rcc_ex.o
    0x0800184c   0x0800184c   0x000001dc   Code   RO         2795    i.HAL_RCC_ClockConfig  stm32g4xx_hal_rcc.o
    0x08001a28   0x08001a28   0x00000070   Code   RO         2805    i.HAL_RCC_GetSysClockFreq  stm32g4xx_hal_rcc.o
    0x08001a98   0x08001a98   0x0000040c   Code   RO         2808    i.HAL_RCC_OscConfig  stm32g4xx_hal_rcc.o
    0x08001ea4   0x08001ea4   0x00000028   Code   RO         3676    i.HAL_SYSTICK_Config  stm32g4xx_hal_cortex.o
    0x08001ecc   0x08001ecc   0x00000002   Code   RO         1891    i.HAL_TIMEx_Break2Callback  stm32g4xx_hal_tim_ex.o
    0x08001ece   0x08001ece   0x00000002   Code   RO         1892    i.HAL_TIMEx_BreakCallback  stm32g4xx_hal_tim_ex.o
    0x08001ed0   0x08001ed0   0x00000002   Code   RO         1893    i.HAL_TIMEx_CommutCallback  stm32g4xx_hal_tim_ex.o
    0x08001ed2   0x08001ed2   0x00000002   Code   RO         1904    i.HAL_TIMEx_DirectionChangeCallback  stm32g4xx_hal_tim_ex.o
    0x08001ed4   0x08001ed4   0x00000002   Code   RO         1918    i.HAL_TIMEx_EncoderIndexCallback  stm32g4xx_hal_tim_ex.o
    0x08001ed6   0x08001ed6   0x00000002   Code   RO         1932    i.HAL_TIMEx_IndexErrorCallback  stm32g4xx_hal_tim_ex.o
    0x08001ed8   0x08001ed8   0x00000002   Code   RO         1954    i.HAL_TIMEx_TransitionErrorCallback  stm32g4xx_hal_tim_ex.o
    0x08001eda   0x08001eda   0x00000002   Code   RO         1211    i.HAL_TIM_IC_CaptureCallback  stm32g4xx_hal_tim.o
    0x08001edc   0x08001edc   0x000001fc   Code   RO         1225    i.HAL_TIM_IRQHandler  stm32g4xx_hal_tim.o
    0x080020d8   0x080020d8   0x00000002   Code   RO         1228    i.HAL_TIM_OC_DelayElapsedCallback  stm32g4xx_hal_tim.o
    0x080020da   0x080020da   0x00000002   Code   RO         1255    i.HAL_TIM_PWM_PulseFinishedCallback  stm32g4xx_hal_tim.o
    0x080020dc   0x080020dc   0x00000002   Code   RO         1263    i.HAL_TIM_PeriodElapsedCallback  stm32g4xx_hal_tim.o
    0x080020de   0x080020de   0x00000002   Code   RO         1268    i.HAL_TIM_TriggerCallback  stm32g4xx_hal_tim.o
    0x080020e0   0x080020e0   0x00000002   Code   RO         3804    i.HAL_UARTEx_RxEventCallback  stm32g4xx_hal_uart.o
    0x080020e2   0x080020e2   0x00000002   Code   RO         4222    i.HAL_UARTEx_RxFifoFullCallback  stm32g4xx_hal_uart_ex.o
    0x080020e4   0x080020e4   0x00000002   Code   RO         4226    i.HAL_UARTEx_TxFifoEmptyCallback  stm32g4xx_hal_uart_ex.o
    0x080020e6   0x080020e6   0x00000002   Code   RO         4227    i.HAL_UARTEx_WakeupCallback  stm32g4xx_hal_uart_ex.o
    0x080020e8   0x080020e8   0x00000002   Code   RO         3820    i.HAL_UART_ErrorCallback  stm32g4xx_hal_uart.o
    0x080020ea   0x080020ea   0x00000002   PAD
    0x080020ec   0x080020ec   0x00000284   Code   RO         3823    i.HAL_UART_IRQHandler  stm32g4xx_hal_uart.o
    0x08002370   0x08002370   0x00000002   Code   RO         3836    i.HAL_UART_TxCpltCallback  stm32g4xx_hal_uart.o
    0x08002372   0x08002372   0x00000002   Code   RO          216    i.HardFault_Handler  stm32g4xx_it.o
    0x08002374   0x08002374   0x00000060   Code   RO          494    i.Key_Init          key.o
    0x080023d4   0x080023d4   0x00000050   Code   RO           14    i.Key_Proc          main.o
    0x08002424   0x08002424   0x0000002c   Code   RO          528    i.LCD_BusIn         lcd.o
    0x08002450   0x08002450   0x00000030   Code   RO          529    i.LCD_BusOut        lcd.o
    0x08002480   0x08002480   0x00000024   Code   RO          530    i.LCD_Clear         lcd.o
    0x080024a4   0x080024a4   0x00000090   Code   RO          532    i.LCD_CtrlLinesConfig  lcd.o
    0x08002534   0x08002534   0x00000018   Code   RO          533    i.LCD_DisplayChar   lcd.o
    0x0800254c   0x0800254c   0x0000002a   Code   RO          536    i.LCD_DisplayStringLine  lcd.o
    0x08002576   0x08002576   0x00000002   PAD
    0x08002578   0x08002578   0x00000058   Code   RO          537    i.LCD_DrawChar      lcd.o
    0x080025d0   0x080025d0   0x00000034   Code   RO          543    i.LCD_Init          lcd.o
    0x08002604   0x08002604   0x000000a0   Code   RO           15    i.LCD_Proc          main.o
    0x080026a4   0x080026a4   0x00000080   Code   RO          546    i.LCD_ReadReg       lcd.o
    0x08002724   0x08002724   0x00000010   Code   RO          547    i.LCD_SetBackColor  lcd.o
    0x08002734   0x08002734   0x00000018   Code   RO          548    i.LCD_SetCursor     lcd.o
    0x0800274c   0x0800274c   0x00000010   Code   RO          550    i.LCD_SetTextColor  lcd.o
    0x0800275c   0x0800275c   0x00000058   Code   RO          553    i.LCD_WriteRAM      lcd.o
    0x080027b4   0x080027b4   0x0000005c   Code   RO          554    i.LCD_WriteRAM_Prepare  lcd.o
    0x08002810   0x08002810   0x0000006c   Code   RO          555    i.LCD_WriteReg      lcd.o
    0x0800287c   0x0800287c   0x00000054   Code   RO          461    i.LED_Disp          led.o
    0x080028d0   0x080028d0   0x0000009c   Code   RO          462    i.LED_Init          led.o
    0x0800296c   0x0800296c   0x0000000c   Code   RO         4716    i.LL_ADC_GetOffsetChannel  stm32g4xx_hal_adc.o
    0x08002978   0x08002978   0x00000008   Code   RO         4717    i.LL_ADC_INJ_IsConversionOngoing  stm32g4xx_hal_adc.o
    0x08002980   0x08002980   0x00000008   Code   RO         4718    i.LL_ADC_REG_IsConversionOngoing  stm32g4xx_hal_adc.o
    0x08002988   0x08002988   0x0000001e   Code   RO         4721    i.LL_ADC_SetChannelSamplingTime  stm32g4xx_hal_adc.o
    0x080029a6   0x080029a6   0x00000010   Code   RO         4722    i.LL_ADC_SetOffsetState  stm32g4xx_hal_adc.o
    0x080029b6   0x080029b6   0x00000002   Code   RO          217    i.MemManage_Handler  stm32g4xx_it.o
    0x080029b8   0x080029b8   0x00000002   Code   RO          218    i.NMI_Handler       stm32g4xx_it.o
    0x080029ba   0x080029ba   0x00000002   Code   RO          219    i.PendSV_Handler    stm32g4xx_it.o
    0x080029bc   0x080029bc   0x00000112   Code   RO          556    i.REG_8230_Init     lcd.o
    0x08002ace   0x08002ace   0x00000202   Code   RO          557    i.REG_932X_Init     lcd.o
    0x08002cd0   0x08002cd0   0x00000070   Code   RO          908    i.Read_Btn          adc.o
    0x08002d40   0x08002d40   0x00000048   Code   RO         1065    i.SEG_Init          seg.o
    0x08002d88   0x08002d88   0x00000002   Code   RO          220    i.SVC_Handler       stm32g4xx_it.o
    0x08002d8a   0x08002d8a   0x00000026   Code   RO         1066    i.Seg_Display_Num   seg.o
    0x08002db0   0x08002db0   0x000000d0   Code   RO         1067    i.Seg_Display_Value  seg.o
    0x08002e80   0x08002e80   0x00000004   Code   RO          221    i.SysTick_Handler   stm32g4xx_it.o
    0x08002e84   0x08002e84   0x00000090   Code   RO           16    i.SystemClock_Config  main.o
    0x08002f14   0x08002f14   0x00000010   Code   RO         5589    i.SystemInit        system_stm32g4xx.o
    0x08002f24   0x08002f24   0x0000000c   Code   RO          222    i.TIM2_IRQHandler   stm32g4xx_it.o
    0x08002f30   0x08002f30   0x0000000c   Code   RO          223    i.TIM3_IRQHandler   stm32g4xx_it.o
    0x08002f3c   0x08002f3c   0x0000000c   Code   RO          224    i.TIM4_IRQHandler   stm32g4xx_it.o
    0x08002f48   0x08002f48   0x00000014   Code   RO         3840    i.UART_DMAAbortOnError  stm32g4xx_hal_uart.o
    0x08002f5c   0x08002f5c   0x00000038   Code   RO         3850    i.UART_EndRxTransfer  stm32g4xx_hal_uart.o
    0x08002f94   0x08002f94   0x0000000c   Code   RO          225    i.USART1_IRQHandler  stm32g4xx_it.o
    0x08002fa0   0x08002fa0   0x00000002   Code   RO          226    i.UsageFault_Handler  stm32g4xx_it.o
    0x08002fa2   0x08002fa2   0x00000002   PAD
    0x08002fa4   0x08002fa4   0x00000028   Code   RO         5865    i.__0sprintf        mc_w.l(printfa.o)
    0x08002fcc   0x08002fcc   0x00000020   Code   RO         3678    i.__NVIC_SetPriority  stm32g4xx_hal_cortex.o
    0x08002fec   0x08002fec   0x0000000e   Code   RO         5937    i.__scatterload_copy  mc_w.l(handlers.o)
    0x08002ffa   0x08002ffa   0x00000002   Code   RO         5938    i.__scatterload_null  mc_w.l(handlers.o)
    0x08002ffc   0x08002ffc   0x0000000e   Code   RO         5939    i.__scatterload_zeroinit  mc_w.l(handlers.o)
    0x0800300a   0x0800300a   0x00000002   PAD
    0x0800300c   0x0800300c   0x00000184   Code   RO         5870    i._fp_digits        mc_w.l(printfa.o)
    0x08003190   0x08003190   0x000006dc   Code   RO         5871    i._printf_core      mc_w.l(printfa.o)
    0x0800386c   0x0800386c   0x00000024   Code   RO         5872    i._printf_post_padding  mc_w.l(printfa.o)
    0x08003890   0x08003890   0x0000002e   Code   RO         5873    i._printf_pre_padding  mc_w.l(printfa.o)
    0x080038be   0x080038be   0x0000000a   Code   RO         5875    i._sputc            mc_w.l(printfa.o)
    0x080038c8   0x080038c8   0x00000040   Code   RO         1108    i.ds18b20_init_x    ds18b20_hal.o
    0x08003908   0x08003908   0x00000036   Code   RO         1109    i.ds18b20_read      ds18b20_hal.o
    0x0800393e   0x0800393e   0x0000003e   Code   RO           17    i.main              main.o
    0x0800397c   0x0800397c   0x00000024   Code   RO         1110    i.mode_input1       ds18b20_hal.o
    0x080039a0   0x080039a0   0x0000002a   Code   RO         1111    i.mode_output1      ds18b20_hal.o
    0x080039ca   0x080039ca   0x00000044   Code   RO         1112    i.ow_bit_io         ds18b20_hal.o
    0x08003a0e   0x08003a0e   0x00000006   Code   RO         1113    i.ow_byte_rd        ds18b20_hal.o
    0x08003a14   0x08003a14   0x00000024   Code   RO         1114    i.ow_byte_wr        ds18b20_hal.o
    0x08003a38   0x08003a38   0x0000004c   Code   RO         1115    i.ow_reset          ds18b20_hal.o
    0x08003a84   0x08003a84   0x000011d0   Data   RO          558    .constdata          lcd.o
    0x08004c54   0x08004c54   0x00000010   Data   RO         5590    .constdata          system_stm32g4xx.o
    0x08004c64   0x08004c64   0x00000020   Data   RO         5935    Region$$Table       anon$$obj.o


    Execution Region RW_IRAM1 (Exec base: 0x20000000, Load base: 0x08004c84, Size: 0x000006f0, Max: 0x00008000, ABSOLUTE)

    Exec Addr    Load Addr    Size         Type   Attr      Idx    E Section Name        Object

    0x20000000   0x08004c84   0x00000010   Data   RW           19    .data               main.o
    0x20000010   0x08004c94   0x00000006   Data   RW          559    .data               lcd.o
    0x20000016   0x08004c9a   0x00000002   PAD
    0x20000018   0x08004c9c   0x00000004   Data   RW          910    .data               adc.o
    0x2000001c   0x08004ca0   0x00000011   Data   RW         1068    .data               seg.o
    0x2000002d   0x08004cb1   0x00000003   PAD
    0x20000030   0x08004cb4   0x0000000c   Data   RW         2595    .data               stm32g4xx_hal.o
    0x2000003c   0x08004cc0   0x00000004   Data   RW         5592    .data               system_stm32g4xx.o
    0x20000040        -       0x00000015   Zero   RW           18    .bss                main.o
    0x20000055   0x08004cc4   0x00000003   PAD
    0x20000058        -       0x00000090   Zero   RW          739    .bss                uart.o
    0x200000e8        -       0x000000d8   Zero   RW          909    .bss                adc.o
    0x200001c0        -       0x00000130   Zero   RW          975    .bss                tim.o
    0x200002f0        -       0x00000400   Zero   RW            1    STACK               startup_stm32g431xx.o


==============================================================================

Image component sizes


      Code (inc. data)   RO Data    RW Data    ZI Data      Debug   Object Name

       558         38          0          4        216       4099   adc.o
       382          6          0          0          0       5478   ds18b20_hal.o
        96         10          0          0          0        927   key.o
      1766         76       4560          6          0      13870   lcd.o
       240         24          0          0          0       1578   led.o
       450         64          0         16         21      91940   main.o
       318          8          0         17          0       2483   seg.o
        36          8        472          0       1024        832   startup_stm32g431xx.o
       162         24          0         12          0       4333   stm32g4xx_hal.o
      2008        106          0          0          0      75831   stm32g4xx_hal_adc.o
       172         14          0          0          0      33150   stm32g4xx_hal_cortex.o
       226          0          0          0          0       1939   stm32g4xx_hal_dma.o
       476         34          0          0          0       3103   stm32g4xx_hal_gpio.o
        48          6          0          0          0        866   stm32g4xx_hal_msp.o
       204         18          0          0          0       1409   stm32g4xx_hal_pwr_ex.o
      1624         68          0          0          0       4786   stm32g4xx_hal_rcc.o
       648         10          0          0          0       1876   stm32g4xx_hal_rcc_ex.o
       518          0          0          0          0       5272   stm32g4xx_hal_tim.o
        14          0          0          0          0       4492   stm32g4xx_hal_tim_ex.o
       726         18          0          0          0      24002   stm32g4xx_hal_uart.o
         6          0          0          0          0       2197   stm32g4xx_hal_uart_ex.o
        68         24          0          0          0     659733   stm32g4xx_it.o
        16          4         16          4          0       1127   system_stm32g4xx.o
         0          0          0          0        304        295   tim.o
         0          0          0          0        144        213   uart.o

    ----------------------------------------------------------------------
     10776        560       5080         64       1712     945831   Object Totals
         0          0         32          0          0          0   (incl. Generated)
        14          0          0          5          3          0   (incl. Padding)

    ----------------------------------------------------------------------

      Code (inc. data)   RO Data    RW Data    ZI Data      Debug   Library Member Name

         0          0          0          0          0          0   entry.o
         0          0          0          0          0          0   entry10a.o
         0          0          0          0          0          0   entry11a.o
         8          4          0          0          0          0   entry2.o
         4          0          0          0          0          0   entry5.o
         0          0          0          0          0          0   entry7b.o
         0          0          0          0          0          0   entry8b.o
         8          4          0          0          0          0   entry9a.o
        30          0          0          0          0          0   handlers.o
        36          8          0          0          0         68   init.o
         0          0          0          0          0          0   iusefp.o
        30          0          0          0          0         68   llshl.o
        36          0          0          0          0         68   llsshr.o
        32          0          0          0          0         68   llushr.o
        36          0          0          0          0        108   memseta.o
      2276         86          0          0          0        520   printfa.o
        44          0          0          0          0         80   uidiv.o
        98          0          0          0          0         92   uldiv.o
        48          0          0          0          0         68   cdrcmple.o
       334          0          0          0          0        148   dadd.o
       222          0          0          0          0        100   ddiv.o
       186          0          0          0          0        176   depilogue.o
        48          0          0          0          0         68   dfixul.o
        26          0          0          0          0         76   dfltui.o
       228          0          0          0          0         96   dmul.o

    ----------------------------------------------------------------------
      3732        102          0          0          0       1804   Library Totals
         2          0          0          0          0          0   (incl. Padding)

    ----------------------------------------------------------------------

      Code (inc. data)   RO Data    RW Data    ZI Data      Debug   Library Name

      2638        102          0          0          0       1072   mc_w.l
      1092          0          0          0          0        732   mf_w.l

    ----------------------------------------------------------------------
      3732        102          0          0          0       1804   Library Totals

    ----------------------------------------------------------------------

==============================================================================


      Code (inc. data)   RO Data    RW Data    ZI Data      Debug   

     14508        662       5080         64       1712     936803   Grand Totals
     14508        662       5080         64       1712     936803   ELF Image Totals
     14508        662       5080         64          0          0   ROM Totals

==============================================================================

    Total RO  Size (Code + RO Data)                19588 (  19.13kB)
    Total RW  Size (RW Data + ZI Data)              1776 (   1.73kB)
    Total ROM Size (Code + RO Data + RW Data)      19652 (  19.19kB)

==============================================================================

