Component: ARM Compiler 5.06 update 5 (build 528) Tool: armlink [4d35e2]

==============================================================================

Section Cross References

    main.o(i.HAL_TIM_IC_CaptureCallback) refers to stm32g4xx_hal_tim.o(i.HAL_TIM_ReadCapturedValue) for HAL_TIM_ReadCapturedValue
    main.o(i.HAL_TIM_IC_CaptureCallback) refers to main.o(.data) for .data
    main.o(i.HAL_UART_RxCpltCallback) refers to stm32g4xx_hal_uart.o(i.HAL_UART_Receive_IT) for HAL_UART_Receive_IT
    main.o(i.HAL_UART_RxCpltCallback) refers to main.o(.data) for .data
    main.o(i.HAL_UART_RxCpltCallback) refers to stm32g4xx_hal.o(.data) for uwTick
    main.o(i.HAL_UART_RxCpltCallback) refers to main.o(.bss) for .bss
    main.o(i.HAL_UART_RxCpltCallback) refers to uart.o(.bss) for huart1
    main.o(i.Key_Proc) refers to key_led.o(i.Key_Scan) for Key_Scan
    main.o(i.Key_Proc) refers to lcd.o(i.LCD_Clear) for LCD_Clear
    main.o(i.Key_Proc) refers to i2c_hal.o(i.AT24C02_Write) for AT24C02_Write
    main.o(i.Key_Proc) refers to stm32g4xx_hal.o(.data) for uwTick
    main.o(i.Key_Proc) refers to main.o(.data) for .data
    main.o(i.Lcd_Proc) refers to adc.o(i.ADC_GetPR5) for ADC_GetPR5
    main.o(i.Lcd_Proc) refers to dfltui.o(.text) for __aeabi_ui2d
    main.o(i.Lcd_Proc) refers to dmul.o(.text) for __aeabi_dmul
    main.o(i.Lcd_Proc) refers to ddiv.o(.text) for __aeabi_ddiv
    main.o(i.Lcd_Proc) refers to d2f.o(.text) for __aeabi_d2f
    main.o(i.Lcd_Proc) refers to adc.o(i.ADC_GetPR6) for ADC_GetPR6
    main.o(i.Lcd_Proc) refers to ds18b20_hal.o(i.ds18b20_read) for ds18b20_read
    main.o(i.Lcd_Proc) refers to dflti.o(.text) for __aeabi_i2d
    main.o(i.Lcd_Proc) refers to printfa.o(i.__0sprintf) for __2sprintf
    main.o(i.Lcd_Proc) refers to lcd.o(i.LCD_DisplayStringLine) for LCD_DisplayStringLine
    main.o(i.Lcd_Proc) refers to f2d.o(.text) for __aeabi_f2d
    main.o(i.Lcd_Proc) refers to lcd.o(i.LCD_SetBackColor) for LCD_SetBackColor
    main.o(i.Lcd_Proc) refers to stm32g4xx_hal.o(.data) for uwTick
    main.o(i.Lcd_Proc) refers to main.o(.data) for .data
    main.o(i.Lcd_Proc) refers to main.o(.bss) for .bss
    main.o(i.Seg_Proc) refers to seg.o(i.Seg_Display_Value) for Seg_Display_Value
    main.o(i.Seg_Proc) refers to stm32g4xx_hal.o(.data) for uwTick
    main.o(i.Seg_Proc) refers to main.o(.data) for .data
    main.o(i.SystemClock_Config) refers to memseta.o(.text) for __aeabi_memclr4
    main.o(i.SystemClock_Config) refers to stm32g4xx_hal_pwr_ex.o(i.HAL_PWREx_ControlVoltageScaling) for HAL_PWREx_ControlVoltageScaling
    main.o(i.SystemClock_Config) refers to stm32g4xx_hal_rcc.o(i.HAL_RCC_OscConfig) for HAL_RCC_OscConfig
    main.o(i.SystemClock_Config) refers to stm32g4xx_hal_rcc.o(i.HAL_RCC_ClockConfig) for HAL_RCC_ClockConfig
    main.o(i.SystemClock_Config) refers to stm32g4xx_hal_rcc_ex.o(i.HAL_RCCEx_PeriphCLKConfig) for HAL_RCCEx_PeriphCLKConfig
    main.o(i.Uart_Proc) refers to key_led.o(i.LED_Disp) for LED_Disp
    main.o(i.Uart_Proc) refers to f2d.o(.text) for __aeabi_f2d
    main.o(i.Uart_Proc) refers to printfa.o(i.__0printf) for __2printf
    main.o(i.Uart_Proc) refers to stm32g4xx_hal.o(.data) for uwTick
    main.o(i.Uart_Proc) refers to main.o(.data) for .data
    main.o(i.Uart_Proc) refers to main.o(.bss) for .bss
    main.o(i.main) refers to stm32g4xx_hal.o(i.HAL_Init) for HAL_Init
    main.o(i.main) refers to main.o(i.SystemClock_Config) for SystemClock_Config
    main.o(i.main) refers to key_led.o(i.GPIO_Init) for GPIO_Init
    main.o(i.main) refers to lcd.o(i.LCD_Init) for LCD_Init
    main.o(i.main) refers to adc.o(i.ADC2_Init) for ADC2_Init
    main.o(i.main) refers to tim.o(i.TIM3_Init) for TIM3_Init
    main.o(i.main) refers to i2c_hal.o(i.I2CInit) for I2CInit
    main.o(i.main) refers to uart.o(i.UART_Init) for UART_Init
    main.o(i.main) refers to ds18b20_hal.o(i.ds18b20_init_x) for ds18b20_init_x
    main.o(i.main) refers to seg.o(i.Seg_Init) for Seg_Init
    main.o(i.main) refers to stm32g4xx_hal_uart.o(i.HAL_UART_Receive_IT) for HAL_UART_Receive_IT
    main.o(i.main) refers to lcd.o(i.LCD_Clear) for LCD_Clear
    main.o(i.main) refers to lcd.o(i.LCD_SetBackColor) for LCD_SetBackColor
    main.o(i.main) refers to lcd.o(i.LCD_SetTextColor) for LCD_SetTextColor
    main.o(i.main) refers to stm32g4xx_hal_tim.o(i.HAL_TIM_IC_Start_IT) for HAL_TIM_IC_Start_IT
    main.o(i.main) refers to i2c_hal.o(i.AT24C02_Read) for AT24C02_Read
    main.o(i.main) refers to main.o(i.Key_Proc) for Key_Proc
    main.o(i.main) refers to main.o(i.Lcd_Proc) for Lcd_Proc
    main.o(i.main) refers to main.o(i.Uart_Proc) for Uart_Proc
    main.o(i.main) refers to main.o(i.Seg_Proc) for Seg_Proc
    main.o(i.main) refers to main.o(.data) for .data
    main.o(i.main) refers to uart.o(.bss) for huart1
    main.o(i.main) refers to tim.o(.bss) for htim3
    stm32g4xx_it.o(i.SysTick_Handler) refers to stm32g4xx_hal.o(i.HAL_IncTick) for HAL_IncTick
[...]
    i.AT24C02_Write                          0x08000a28   Section        0  i2c_hal.o(i.AT24C02_Write)
    i.BusFault_Handler                       0x08000a6a   Section        0  stm32g4xx_it.o(i.BusFault_Handler)
    i.DebugMon_Handler                       0x08000a6c   Section        0  stm32g4xx_it.o(i.DebugMon_Handler)
    i.Delay_LCD                              0x08000a6e   Section        0  lcd.o(i.Delay_LCD)
    i.Error_Handler                          0x08000a8a   Section        0  main.o(i.Error_Handler)
    i.GPIO_Init                              0x08000a90   Section        0  key_led.o(i.GPIO_Init)
    i.HAL_ADC_ConfigChannel                  0x08000b70   Section        0  stm32g4xx_hal_adc.o(i.HAL_ADC_ConfigChannel)
    i.HAL_ADC_GetValue                       0x08000f94   Section        0  stm32g4xx_hal_adc.o(i.HAL_ADC_GetValue)
    i.HAL_ADC_Init                           0x08000f9c   Section        0  stm32g4xx_hal_adc.o(i.HAL_ADC_Init)
    i.HAL_ADC_MspInit                        0x08001198   Section        0  adc.o(i.HAL_ADC_MspInit)
    i.HAL_ADC_Start                          0x080011f4   Section        0  stm32g4xx_hal_adc.o(i.HAL_ADC_Start)
    i.HAL_DMA_Abort                          0x080012e8   Section        0  stm32g4xx_hal_dma.o(i.HAL_DMA_Abort)
    i.HAL_DMA_Abort_IT                       0x08001352   Section        0  stm32g4xx_hal_dma.o(i.HAL_DMA_Abort_IT)
    i.HAL_Delay                              0x080013cc   Section        0  stm32g4xx_hal.o(i.HAL_Delay)
    i.HAL_GPIO_Init                          0x080013f0   Section        0  stm32g4xx_hal_gpio.o(i.HAL_GPIO_Init)
    i.HAL_GPIO_ReadPin                       0x080015b8   Section        0  stm32g4xx_hal_gpio.o(i.HAL_GPIO_ReadPin)
    i.HAL_GPIO_WritePin                      0x080015c2   Section        0  stm32g4xx_hal_gpio.o(i.HAL_GPIO_WritePin)
    i.HAL_GetTick                            0x080015cc   Section        0  stm32g4xx_hal.o(i.HAL_GetTick)
    i.HAL_IncTick                            0x080015d8   Section        0  stm32g4xx_hal.o(i.HAL_IncTick)
    i.HAL_Init                               0x080015e8   Section        0  stm32g4xx_hal.o(i.HAL_Init)
    i.HAL_InitTick                           0x08001608   Section        0  stm32g4xx_hal.o(i.HAL_InitTick)
    i.HAL_MspInit                            0x0800164c   Section        0  stm32g4xx_hal_msp.o(i.HAL_MspInit)
    i.HAL_NVIC_EnableIRQ                     0x0800167c   Section        0  stm32g4xx_hal_cortex.o(i.HAL_NVIC_EnableIRQ)
    i.HAL_NVIC_SetPriority                   0x08001698   Section        0  stm32g4xx_hal_cortex.o(i.HAL_NVIC_SetPriority)
    i.HAL_NVIC_SetPriorityGrouping           0x080016d8   Section        0  stm32g4xx_hal_cortex.o(i.HAL_NVIC_SetPriorityGrouping)
    i.HAL_PWREx_ControlVoltageScaling        0x080016fc   Section        0  stm32g4xx_hal_pwr_ex.o(i.HAL_PWREx_ControlVoltageScaling)
    i.HAL_PWREx_DisableUCPDDeadBattery       0x080017b8   Section        0  stm32g4xx_hal_pwr_ex.o(i.HAL_PWREx_DisableUCPDDeadBattery)
    i.HAL_RCCEx_PeriphCLKConfig              0x080017c8   Section        0  stm32g4xx_hal_rcc_ex.o(i.HAL_RCCEx_PeriphCLKConfig)
    i.HAL_RCC_ClockConfig                    0x08001a50   Section        0  stm32g4xx_hal_rcc.o(i.HAL_RCC_ClockConfig)
    i.HAL_RCC_GetPCLK1Freq                   0x08001c2c   Section        0  stm32g4xx_hal_rcc.o(i.HAL_RCC_GetPCLK1Freq)
    i.HAL_RCC_GetPCLK2Freq                   0x08001c50   Section        0  stm32g4xx_hal_rcc.o(i.HAL_RCC_GetPCLK2Freq)
    i.HAL_RCC_GetSysClockFreq                0x08001c74   Section        0  stm32g4xx_hal_rcc.o(i.HAL_RCC_GetSysClockFreq)
    i.HAL_RCC_OscConfig                      0x08001ce4   Section        0  stm32g4xx_hal_rcc.o(i.HAL_RCC_OscConfig)
    i.HAL_SYSTICK_Config                     0x080020f0   Section        0  stm32g4xx_hal_cortex.o(i.HAL_SYSTICK_Config)
    i.HAL_TIMEx_Break2Callback               0x08002118   Section        0  stm32g4xx_hal_tim_ex.o(i.HAL_TIMEx_Break2Callback)
    i.HAL_TIMEx_BreakCallback                0x0800211a   Section        0  stm32g4xx_hal_tim_ex.o(i.HAL_TIMEx_BreakCallback)
    i.HAL_TIMEx_CommutCallback               0x0800211c   Section        0  stm32g4xx_hal_tim_ex.o(i.HAL_TIMEx_CommutCallback)
    i.HAL_TIMEx_DirectionChangeCallback      0x0800211e   Section        0  stm32g4xx_hal_tim_ex.o(i.HAL_TIMEx_DirectionChangeCallback)
    i.HAL_TIMEx_EncoderIndexCallback         0x08002120   Section        0  stm32g4xx_hal_tim_ex.o(i.HAL_TIMEx_EncoderIndexCallback)
    i.HAL_TIMEx_IndexErrorCallback           0x08002122   Section        0  stm32g4xx_hal_tim_ex.o(i.HAL_TIMEx_IndexErrorCallback)
    i.HAL_TIMEx_MasterConfigSynchronization  0x08002124   Section        0  stm32g4xx_hal_tim_ex.o(i.HAL_TIMEx_MasterConfigSynchronization)
    i.HAL_TIMEx_TransitionErrorCallback      0x080021c0   Section        0  stm32g4xx_hal_tim_ex.o(i.HAL_TIMEx_TransitionErrorCallback)
    i.HAL_TIM_Base_Init                      0x080021c2   Section        0  stm32g4xx_hal_tim.o(i.HAL_TIM_Base_Init)
    i.HAL_TIM_Base_MspInit                   0x08002224   Section        0  tim.o(i.HAL_TIM_Base_MspInit)
    i.HAL_TIM_ConfigClockSource              0x08002294   Section        0  stm32g4xx_hal_tim.o(i.HAL_TIM_ConfigClockSource)
    i.HAL_TIM_IC_CaptureCallback             0x0800238c   Section        0  main.o(i.HAL_TIM_IC_CaptureCallback)
    i.HAL_TIM_IC_ConfigChannel               0x080023e4   Section        0  stm32g4xx_hal_tim.o(i.HAL_TIM_IC_ConfigChannel)
    i.HAL_TIM_IC_Init                        0x080024f2   Section        0  stm32g4xx_hal_tim.o(i.HAL_TIM_IC_Init)
    i.HAL_TIM_IC_MspInit                     0x08002554   Section        0  stm32g4xx_hal_tim.o(i.HAL_TIM_IC_MspInit)
    i.HAL_TIM_IC_Start_IT                    0x08002558   Section        0  stm32g4xx_hal_tim.o(i.HAL_TIM_IC_Start_IT)
    i.HAL_TIM_IRQHandler                     0x08002680   Section        0  stm32g4xx_hal_tim.o(i.HAL_TIM_IRQHandler)
    i.HAL_TIM_OC_DelayElapsedCallback        0x0800287c   Section        0  stm32g4xx_hal_tim.o(i.HAL_TIM_OC_DelayElapsedCallback)
    i.HAL_TIM_PWM_PulseFinishedCallback      0x0800287e   Section        0  stm32g4xx_hal_tim.o(i.HAL_TIM_PWM_PulseFinishedCallback)
    i.HAL_TIM_PeriodElapsedCallback          0x08002880   Section        0  stm32g4xx_hal_tim.o(i.HAL_TIM_PeriodElapsedCallback)
    i.HAL_TIM_ReadCapturedValue              0x08002882   Section        0  stm32g4xx_hal_tim.o(i.HAL_TIM_ReadCapturedValue)
    i.HAL_TIM_SlaveConfigSynchro             0x080028ac   Section        0  stm32g4xx_hal_tim.o(i.HAL_TIM_SlaveConfigSynchro)
    i.HAL_TIM_TriggerCallback                0x08002902   Section        0  stm32g4xx_hal_tim.o(i.HAL_TIM_TriggerCallback)
    i.HAL_UARTEx_DisableFifoMode             0x08002904   Section        0  stm32g4xx_hal_uart_ex.o(i.HAL_UARTEx_DisableFifoMode)
    i.HAL_UARTEx_RxEventCallback             0x08002942   Section        0  stm32g4xx_hal_uart.o(i.HAL_UARTEx_RxEventCallback)
    i.HAL_UARTEx_RxFifoFullCallback          0x08002944   Section        0  stm32g4xx_hal_uart_ex.o(i.HAL_UARTEx_RxFifoFullCallback)
    i.HAL_UARTEx_SetRxFifoThreshold          0x08002946   Section        0  stm32g4xx_hal_uart_ex.o(i.HAL_UARTEx_SetRxFifoThreshold)
    i.HAL_UARTEx_SetTxFifoThreshold          0x08002992   Section        0  stm32g4xx_hal_uart_ex.o(i.HAL_UARTEx_SetTxFifoThreshold)
    i.HAL_UARTEx_TxFifoEmptyCallback         0x080029de   Section        0  stm32g4xx_hal_uart_ex.o(i.HAL_UARTEx_TxFifoEmptyCallback)
    i.HAL_UARTEx_WakeupCallback              0x080029e0   Section        0  stm32g4xx_hal_uart_ex.o(i.HAL_UARTEx_WakeupCallback)
    i.HAL_UART_ErrorCallback                 0x080029e2   Section        0  stm32g4xx_hal_uart.o(i.HAL_UART_ErrorCallback)
    i.HAL_UART_IRQHandler                    0x080029e4   Section        0  stm32g4xx_hal_uart.o(i.HAL_UART_IRQHandler)
    i.HAL_UART_Init                          0x08002c68   Section        0  stm32g4xx_hal_uart.o(i.HAL_UART_Init)
    i.HAL_UART_MspInit                       0x08002cd4   Section        0  uart.o(i.HAL_UART_MspInit)
    i.HAL_UART_Receive_IT                    0x08002d48   Section        0  stm32g4xx_hal_uart.o(i.HAL_UART_Receive_IT)
    i.HAL_UART_RxCpltCallback                0x08002d94   Section        0  main.o(i.HAL_UART_RxCpltCallback)
    i.HAL_UART_Transmit                      0x08002dd4   Section        0  stm32g4xx_hal_uart.o(i.HAL_UART_Transmit)
    i.HAL_UART_TxCpltCallback                0x08002e90   Section        0  stm32g4xx_hal_uart.o(i.HAL_UART_TxCpltCallback)
    i.HardFault_Handler                      0x08002e92   Section        0  stm32g4xx_it.o(i.HardFault_Handler)
    i.I2CInit                                0x08002e94   Section        0  i2c_hal.o(i.I2CInit)
    i.I2CReceiveByte                         0x08002ec0   Section        0  i2c_hal.o(i.I2CReceiveByte)
    i.I2CSendAck                             0x08002f0e   Section        0  i2c_hal.o(i.I2CSendAck)
    i.I2CSendByte                            0x08002f3e   Section        0  i2c_hal.o(i.I2CSendByte)
    i.I2CSendNotAck                          0x08002f8c   Section        0  i2c_hal.o(i.I2CSendNotAck)
    i.I2CStart                               0x08002fbc   Section        0  i2c_hal.o(i.I2CStart)
    i.I2CStop                                0x08002ff2   Section        0  i2c_hal.o(i.I2CStop)
    i.I2CWaitAck                             0x08003028   Section        0  i2c_hal.o(i.I2CWaitAck)
    i.Key_Proc                               0x08003078   Section        0  main.o(i.Key_Proc)
    i.Key_Scan                               0x08003164   Section        0  key_led.o(i.Key_Scan)
    i.LCD_BusIn                              0x080031a4   Section        0  lcd.o(i.LCD_BusIn)
    i.LCD_BusOut                             0x080031d0   Section        0  lcd.o(i.LCD_BusOut)
    i.LCD_Clear                              0x08003200   Section        0  lcd.o(i.LCD_Clear)
    i.LCD_CtrlLinesConfig                    0x08003224   Section        0  lcd.o(i.LCD_CtrlLinesConfig)
    i.LCD_DisplayChar                        0x080032b4   Section        0  lcd.o(i.LCD_DisplayChar)
    i.LCD_DisplayStringLine                  0x080032cc   Section        0  lcd.o(i.LCD_DisplayStringLine)
    i.LCD_DrawChar                           0x080032f8   Section        0  lcd.o(i.LCD_DrawChar)
    i.LCD_Init                               0x08003350   Section        0  lcd.o(i.LCD_Init)
    i.LCD_ReadReg                            0x08003384   Section        0  lcd.o(i.LCD_ReadReg)
    i.LCD_SetBackColor                       0x08003404   Section        0  lcd.o(i.LCD_SetBackColor)
    i.LCD_SetCursor                          0x08003414   Section        0  lcd.o(i.LCD_SetCursor)
    i.LCD_SetTextColor                       0x0800342c   Section        0  lcd.o(i.LCD_SetTextColor)
    i.LCD_WriteRAM                           0x0800343c   Section        0  lcd.o(i.LCD_WriteRAM)
    i.LCD_WriteRAM_Prepare                   0x08003494   Section        0  lcd.o(i.LCD_WriteRAM_Prepare)
    i.LCD_WriteReg                           0x080034f0   Section        0  lcd.o(i.LCD_WriteReg)
    i.LED_Disp                               0x0800355c   Section        0  key_led.o(i.LED_Disp)
    i.LL_ADC_GetOffsetChannel                0x080035b0   Section        0  stm32g4xx_hal_adc.o(i.LL_ADC_GetOffsetChannel)
    LL_ADC_GetOffsetChannel                  0x080035b1   Thumb Code    12  stm32g4xx_hal_adc.o(i.LL_ADC_GetOffsetChannel)
    i.LL_ADC_INJ_IsConversionOngoing         0x080035bc   Section        0  stm32g4xx_hal_adc.o(i.LL_ADC_INJ_IsConversionOngoing)
    LL_ADC_INJ_IsConversionOngoing           0x080035bd   Thumb Code     8  stm32g4xx_hal_adc.o(i.LL_ADC_INJ_IsConversionOngoing)
    i.LL_ADC_REG_IsConversionOngoing         0x080035c4   Section        0  stm32g4xx_hal_adc.o(i.LL_ADC_REG_IsConversionOngoing)
    LL_ADC_REG_IsConversionOngoing           0x080035c5   Thumb Code     8  stm32g4xx_hal_adc.o(i.LL_ADC_REG_IsConversionOngoing)
    i.LL_ADC_SetChannelSamplingTime          0x080035cc   Section        0  stm32g4xx_hal_adc.o(i.LL_ADC_SetChannelSamplingTime)
    LL_ADC_SetChannelSamplingTime            0x080035cd   Thumb Code    30  stm32g4xx_hal_adc.o(i.LL_ADC_SetChannelSamplingTime)
    i.LL_ADC_SetOffsetState                  0x080035ea   Section        0  stm32g4xx_hal_adc.o(i.LL_ADC_SetOffsetState)
    LL_ADC_SetOffsetState                    0x080035eb   Thumb Code    16  stm32g4xx_hal_adc.o(i.LL_ADC_SetOffsetState)
    i.Lcd_Proc                               0x080035fc   Section        0  main.o(i.Lcd_Proc)
    i.MemManage_Handler                      0x080038e4   Section        0  stm32g4xx_it.o(i.MemManage_Handler)
    i.NMI_Handler                            0x080038e6   Section        0  stm32g4xx_it.o(i.NMI_Handler)
    i.PendSV_Handler                         0x080038e8   Section        0  stm32g4xx_it.o(i.PendSV_Handler)
    i.REG_8230_Init                          0x080038ea   Section        0  lcd.o(i.REG_8230_Init)
    i.REG_932X_Init                          0x080039fc   Section        0  lcd.o(i.REG_932X_Init)
    i.SCL_Output                             0x08003c00   Section        0  i2c_hal.o(i.SCL_Output)
    i.SDA_Input                              0x08003c18   Section        0  i2c_hal.o(i.SDA_Input)
    i.SDA_Input_Mode                         0x08003c30   Section        0  i2c_hal.o(i.SDA_Input_Mode)
    i.SDA_Output                             0x08003c5c   Section        0  i2c_hal.o(i.SDA_Output)
    i.SDA_Output_Mode                        0x08003c74   Section        0  i2c_hal.o(i.SDA_Output_Mode)
    i.SVC_Handler                            0x08003ca0   Section        0  stm32g4xx_it.o(i.SVC_Handler)
    i.Seg_Display_Value                      0x08003ca4   Section        0  seg.o(i.Seg_Display_Value)
    i.Seg_Init                               0x08003d88   Section        0  seg.o(i.Seg_Init)
    i.Seg_Proc                               0x08003dd4   Section        0  main.o(i.Seg_Proc)
    i.SysTick_Handler                        0x08003e28   Section        0  stm32g4xx_it.o(i.SysTick_Handler)
    i.SystemClock_Config                     0x08003e2c   Section        0  main.o(i.SystemClock_Config)
    i.SystemInit                             0x08003ec8   Section        0  system_stm32g4xx.o(i.SystemInit)
    i.TIM3_IRQHandler                        0x08003ed8   Section        0  stm32g4xx_it.o(i.TIM3_IRQHandler)
    i.TIM3_Init                              0x08003ee4   Section        0  tim.o(i.TIM3_Init)
    i.TIM_Base_SetConfig                     0x08003fb4   Section        0  stm32g4xx_hal_tim.o(i.TIM_Base_SetConfig)
    i.TIM_CCxChannelCmd                      0x08004064   Section        0  stm32g4xx_hal_tim.o(i.TIM_CCxChannelCmd)
    i.TIM_ETR_SetConfig                      0x0800407e   Section        0  stm32g4xx_hal_tim.o(i.TIM_ETR_SetConfig)
    i.TIM_ITRx_SetConfig                     0x08004094   Section        0  stm32g4xx_hal_tim.o(i.TIM_ITRx_SetConfig)
    TIM_ITRx_SetConfig                       0x08004095   Thumb Code    16  stm32g4xx_hal_tim.o(i.TIM_ITRx_SetConfig)
    i.TIM_SlaveTimer_SetConfig               0x080040a8   Section        0  stm32g4xx_hal_tim.o(i.TIM_SlaveTimer_SetConfig)
    TIM_SlaveTimer_SetConfig                 0x080040a9   Thumb Code   146  stm32g4xx_hal_tim.o(i.TIM_SlaveTimer_SetConfig)
    i.TIM_TI1_ConfigInputStage               0x08004148   Section        0  stm32g4xx_hal_tim.o(i.TIM_TI1_ConfigInputStage)
    TIM_TI1_ConfigInputStage                 0x08004149   Thumb Code    34  stm32g4xx_hal_tim.o(i.TIM_TI1_ConfigInputStage)
    i.TIM_TI1_SetConfig                      0x0800416c   Section        0  stm32g4xx_hal_tim.o(i.TIM_TI1_SetConfig)
    i.TIM_TI2_ConfigInputStage               0x080041d8   Section        0  stm32g4xx_hal_tim.o(i.TIM_TI2_ConfigInputStage)
    TIM_TI2_ConfigInputStage                 0x080041d9   Thumb Code    36  stm32g4xx_hal_tim.o(i.TIM_TI2_ConfigInputStage)
    i.TIM_TI2_SetConfig                      0x080041fc   Section        0  stm32g4xx_hal_tim.o(i.TIM_TI2_SetConfig)
    TIM_TI2_SetConfig                        0x080041fd   Thumb Code    54  stm32g4xx_hal_tim.o(i.TIM_TI2_SetConfig)
    i.UARTEx_SetNbDataToProcess              0x08004234   Section        0  stm32g4xx_hal_uart_ex.o(i.UARTEx_SetNbDataToProcess)
    UARTEx_SetNbDataToProcess                0x08004235   Thumb Code    62  stm32g4xx_hal_uart_ex.o(i.UARTEx_SetNbDataToProcess)
    i.UART_AdvFeatureConfig                  0x08004278   Section        0  stm32g4xx_hal_uart.o(i.UART_AdvFeatureConfig)
    i.UART_CheckIdleState                    0x08004340   Section        0  stm32g4xx_hal_uart.o(i.UART_CheckIdleState)
    i.UART_DMAAbortOnError                   0x080043a0   Section        0  stm32g4xx_hal_uart.o(i.UART_DMAAbortOnError)
    UART_DMAAbortOnError                     0x080043a1   Thumb Code    20  stm32g4xx_hal_uart.o(i.UART_DMAAbortOnError)
    i.UART_EndRxTransfer                     0x080043b4   Section        0  stm32g4xx_hal_uart.o(i.UART_EndRxTransfer)
    UART_EndRxTransfer                       0x080043b5   Thumb Code    50  stm32g4xx_hal_uart.o(i.UART_EndRxTransfer)
    i.UART_Init                              0x080043ec   Section        0  uart.o(i.UART_Init)
    i.UART_RxISR_16BIT                       0x08004454   Section        0  stm32g4xx_hal_uart.o(i.UART_RxISR_16BIT)
    UART_RxISR_16BIT                         0x08004455   Thumb Code   128  stm32g4xx_hal_uart.o(i.UART_RxISR_16BIT)
    i.UART_RxISR_16BIT_FIFOEN                0x080044d4   Section        0  stm32g4xx_hal_uart.o(i.UART_RxISR_16BIT_FIFOEN)
    UART_RxISR_16BIT_FIFOEN                  0x080044d5   Thumb Code   306  stm32g4xx_hal_uart.o(i.UART_RxISR_16BIT_FIFOEN)
    i.UART_RxISR_8BIT                        0x08004610   Section        0  stm32g4xx_hal_uart.o(i.UART_RxISR_8BIT)
    UART_RxISR_8BIT                          0x08004611   Thumb Code   128  stm32g4xx_hal_uart.o(i.UART_RxISR_8BIT)
    i.UART_RxISR_8BIT_FIFOEN                 0x08004690   Section        0  stm32g4xx_hal_uart.o(i.UART_RxISR_8BIT_FIFOEN)
    UART_RxISR_8BIT_FIFOEN                   0x08004691   Thumb Code   306  stm32g4xx_hal_uart.o(i.UART_RxISR_8BIT_FIFOEN)
    i.UART_SetConfig                         0x080047cc   Section        0  stm32g4xx_hal_uart.o(i.UART_SetConfig)
    i.UART_Start_Receive_IT                  0x08004a40   Section        0  stm32g4xx_hal_uart.o(i.UART_Start_Receive_IT)
    i.UART_WaitOnFlagUntilTimeout            0x08004b18   Section        0  stm32g4xx_hal_uart.o(i.UART_WaitOnFlagUntilTimeout)
    i.USART1_IRQHandler                      0x08004bbc   Section        0  stm32g4xx_it.o(i.USART1_IRQHandler)
    i.Uart_Proc                              0x08004bc8   Section        0  main.o(i.Uart_Proc)
    i.UsageFault_Handler                     0x08004cdc   Section        0  stm32g4xx_it.o(i.UsageFault_Handler)
    i.__0printf                              0x08004ce0   Section        0  printfa.o(i.__0printf)
    i.__0sprintf                             0x08004d00   Section        0  printfa.o(i.__0sprintf)
    i.__NVIC_SetPriority                     0x08004d28   Section        0  stm32g4xx_hal_cortex.o(i.__NVIC_SetPriority)
    __NVIC_SetPriority                       0x08004d29   Thumb Code    32  stm32g4xx_hal_cortex.o(i.__NVIC_SetPriority)
    i.__scatterload_copy                     0x08004d48   Section       14  handlers.o(i.__scatterload_copy)
    i.__scatterload_null                     0x08004d56   Section        2  handlers.o(i.__scatterload_null)
    i.__scatterload_zeroinit                 0x08004d58   Section       14  handlers.o(i.__scatterload_zeroinit)
    i._fp_digits                             0x08004d68   Section        0  printfa.o(i._fp_digits)
    _fp_digits                               0x08004d69   Thumb Code   366  printfa.o(i._fp_digits)
    i._printf_core                           0x08004eec   Section        0  printfa.o(i._printf_core)
    _printf_core                             0x08004eed   Thumb Code  1744  printfa.o(i._printf_core)
    i._printf_post_padding                   0x080055c8   Section        0  printfa.o(i._printf_post_padding)
    _printf_post_padding                     0x080055c9   Thumb Code    36  printfa.o(i._printf_post_padding)
    i._printf_pre_padding                    0x080055ec   Section        0  printfa.o(i._printf_pre_padding)
    _printf_pre_padding                      0x080055ed   Thumb Code    46  printfa.o(i._printf_pre_padding)
    i._sputc                                 0x0800561a   Section        0  printfa.o(i._sputc)
    _sputc                                   0x0800561b   Thumb Code    10  printfa.o(i._sputc)
    i.delay1                                 0x08005624   Section        0  i2c_hal.o(i.delay1)
    delay1                                   0x08005625   Thumb Code    12  i2c_hal.o(i.delay1)
    i.ds18b20_init_x                         0x08005630   Section        0  ds18b20_hal.o(i.ds18b20_init_x)
    i.ds18b20_read                           0x08005670   Section        0  ds18b20_hal.o(i.ds18b20_read)
    i.fputc                                  0x080056a8   Section        0  uart.o(i.fputc)
    i.main                                   0x080056c0   Section        0  main.o(i.main)
    i.mode_input1                            0x08005744   Section        0  ds18b20_hal.o(i.mode_input1)
    i.mode_output1                           0x08005768   Section        0  ds18b20_hal.o(i.mode_output1)
    i.ow_bit_io                              0x08005792   Section        0  ds18b20_hal.o(i.ow_bit_io)
    i.ow_byte_rd                             0x080057d6   Section        0  ds18b20_hal.o(i.ow_byte_rd)
    i.ow_byte_wr                             0x080057dc   Section        0  ds18b20_hal.o(i.ow_byte_wr)
    i.ow_reset                               0x08005800   Section        0  ds18b20_hal.o(i.ow_reset)
    .constdata                               0x0800584c   Section     4560  lcd.o(.constdata)
    .constdata                               0x08006a1c   Section       24  stm32g4xx_hal_uart.o(.constdata)
    .constdata                               0x08006a34   Section       16  stm32g4xx_hal_uart_ex.o(.constdata)
    numerator                                0x08006a34   Data           8  stm32g4xx_hal_uart_ex.o(.constdata)
    denominator                              0x08006a3c   Data           8  stm32g4xx_hal_uart_ex.o(.constdata)
    .constdata                               0x08006a44   Section       16  system_stm32g4xx.o(.constdata)
    .constdata                               0x08006a54   Section        8  system_stm32g4xx.o(.constdata)
    .data                                    0x20000000   Section       60  main.o(.data)
    .data                                    0x2000003c   Section        6  lcd.o(.data)
    TextColor                                0x2000003c   Data           2  lcd.o(.data)
    BackColor                                0x2000003e   Data           2  lcd.o(.data)
    .data                                    0x20000042   Section       17  seg.o(.data)
    .data                                    0x20000054   Section       12  stm32g4xx_hal.o(.data)
    .data                                    0x20000060   Section        4  system_stm32g4xx.o(.data)
    .data                                    0x20000064   Section        4  stdout.o(.data)
    .bss                                     0x20000068   Section       71  main.o(.bss)
    .bss                                     0x200000b0   Section      140  adc.o(.bss)
    .bss                                     0x2000013c   Section       76  tim.o(.bss)
    .bss                                     0x20000188   Section      144  uart.o(.bss)
    STACK                                    0x20000218   Section     1024  startup_stm32g431xx.o(STACK)

    Global Symbols

    Symbol Name                              Value     Ov Type        Size  Object(Section)

    BuildAttributes$$THM_ISAv4$E$P$D$K$B$S$7EM$VFPi3$EXTD16$VFPS$VFMA$PE$A:L22UL41UL21$X:L11$S22US41US21$IEEE1$IW$USESV6$~STKCKD$USESV7$~SHL$OTIME$ROPI$EBA8$MICROLIB$REQ8$PRES8$EABIv2 0x00000000   Number         0  anon$$obj.o ABSOLUTE
    __ARM_use_no_argv                        0x00000000   Number         0  main.o ABSOLUTE
    _printf_a                                0x00000000   Number         0  stubs.o ABSOLUTE
    _printf_c                                0x00000000   Number         0  stubs.o ABSOLUTE
    _printf_charcount                        0x00000000   Number         0  stubs.o ABSOLUTE
    _printf_d                                0x00000000   Number         0  stubs.o ABSOLUTE
    _printf_e                                0x00000000   Number         0  stubs.o ABSOLUTE
    _printf_f                                0x00000000   Number         0  stubs.o ABSOLUTE
    _printf_flags                            0x00000000   Number         0  stubs.o ABSOLUTE
    _printf_fp_dec                           0x00000000   Number         0  stubs.o ABSOLUTE
    _printf_fp_hex                           0x00000000   Number         0  stubs.o ABSOLUTE
    _printf_g                                0x00000000   Number         0  stubs.o ABSOLUTE
    _printf_i                                0x00000000   Number         0  stubs.o ABSOLUTE
    _printf_int_dec                          0x00000000   Number         0  stubs.o ABSOLUTE
    _printf_l                                0x00000000   Number         0  stubs.o ABSOLUTE
    _printf_lc                               0x00000000   Number         0  stubs.o ABSOLUTE
    _printf_ll                               0x00000000   Number         0  stubs.o ABSOLUTE
    _printf_lld                              0x00000000   Number         0  stubs.o ABSOLUTE
    _printf_lli                              0x00000000   Number         0  stubs.o ABSOLUTE
    _printf_llo                              0x00000000   Number         0  stubs.o ABSOLUTE
    _printf_llu                              0x00000000   Number         0  stubs.o ABSOLUTE
    _printf_llx                              0x00000000   Number         0  stubs.o ABSOLUTE
    _printf_longlong_dec                     0x00000000   Number         0  stubs.o ABSOLUTE
    _printf_longlong_hex                     0x00000000   Number         0  stubs.o ABSOLUTE
    _printf_longlong_oct                     0x00000000   Number         0  stubs.o ABSOLUTE
    _printf_ls                               0x00000000   Number         0  stubs.o ABSOLUTE
    _printf_mbtowc                           0x00000000   Number         0  stubs.o ABSOLUTE
    _printf_n                                0x00000000   Number         0  stubs.o ABSOLUTE
    _printf_o                                0x00000000   Number         0  stubs.o ABSOLUTE
    _printf_p                                0x00000000   Number         0  stubs.o ABSOLUTE
    _printf_percent                          0x00000000   Number         0  stubs.o ABSOLUTE
    _printf_pre_padding                      0x00000000   Number         0  stubs.o ABSOLUTE
    _printf_return_value                     0x00000000   Number         0  stubs.o ABSOLUTE
    _printf_s                                0x00000000   Number         0  stubs.o ABSOLUTE
    _printf_sizespec                         0x00000000   Number         0  stubs.o ABSOLUTE
    _printf_str                              0x00000000   Number         0  stubs.o ABSOLUTE
    _printf_truncate_signed                  0x00000000   Number         0  stubs.o ABSOLUTE
    _printf_truncate_unsigned                0x00000000   Number         0  stubs.o ABSOLUTE
    _printf_u                                0x00000000   Number         0  stubs.o ABSOLUTE
    _printf_wc                               0x00000000   Number         0  stubs.o ABSOLUTE
    _printf_wctomb                           0x00000000   Number         0  stubs.o ABSOLUTE
    _printf_widthprec                        0x00000000   Number         0  stubs.o ABSOLUTE
    _printf_x                                0x00000000   Number         0  stubs.o ABSOLUTE
    __cpp_initialize__aeabi_                  - Undefined Weak Reference
    __cxa_finalize                            - Undefined Weak Reference
    __decompress                              - Undefined Weak Reference
    _clock_init                               - Undefined Weak Reference
    _microlib_exit                            - Undefined Weak Reference
    __Vectors_Size                           0x000001d8   Number         0  startup_stm32g431xx.o ABSOLUTE
    __Vectors                                0x08000000   Data           4  startup_stm32g431xx.o(RESET)
    __Vectors_End                            0x080001d8   Data           0  startup_stm32g431xx.o(RESET)
    __main                                   0x080001d9   Thumb Code     0  entry.o(.ARM.Collect$$$$00000000)
    _main_stk                                0x080001d9   Thumb Code     0  entry2.o(.ARM.Collect$$$$00000001)
    _main_scatterload                        0x080001dd   Thumb Code     0  entry5.o(.ARM.Collect$$$$00000004)
    __main_after_scatterload                 0x080001e1   Thumb Code     0  entry5.o(.ARM.Collect$$$$00000004)
    _main_clock                              0x080001e1   Thumb Code     0  entry7b.o(.ARM.Collect$$$$00000008)
    _main_cpp_init                           0x080001e1   Thumb Code     0  entry8b.o(.ARM.Collect$$$$0000000A)
    _main_init                               0x080001e1   Thumb Code     0  entry9a.o(.ARM.Collect$$$$0000000B)
    __rt_final_cpp                           0x080001e9   Thumb Code     0  entry10a.o(.ARM.Collect$$$$0000000D)
    __rt_final_exit                          0x080001e9   Thumb Code     0  entry11a.o(.ARM.Collect$$$$0000000F)
    Reset_Handler                            0x080001ed   Thumb Code     8  startup_stm32g431xx.o(.text)
    ADC1_2_IRQHandler                        0x08000207   Thumb Code     0  startup_stm32g431xx.o(.text)
    COMP1_2_3_IRQHandler                     0x08000207   Thumb Code     0  startup_stm32g431xx.o(.text)
    COMP4_IRQHandler                         0x08000207   Thumb Code     0  startup_stm32g431xx.o(.text)
    CORDIC_IRQHandler                        0x08000207   Thumb Code     0  startup_stm32g431xx.o(.text)
    CRS_IRQHandler                           0x08000207   Thumb Code     0  startup_stm32g431xx.o(.text)
    DMA1_Channel1_IRQHandler                 0x08000207   Thumb Code     0  startup_stm32g431xx.o(.text)
    DMA1_Channel2_IRQHandler                 0x08000207   Thumb Code     0  startup_stm32g431xx.o(.text)
    DMA1_Channel3_IRQHandler                 0x08000207   Thumb Code     0  startup_stm32g431xx.o(.text)
    DMA1_Channel4_IRQHandler                 0x08000207   Thumb Code     0  startup_stm32g431xx.o(.text)
    DMA1_Channel5_IRQHandler                 0x08000207   Thumb Code     0  startup_stm32g431xx.o(.text)
    DMA1_Channel6_IRQHandler                 0x08000207   Thumb Code     0  startup_stm32g431xx.o(.text)
    DMA2_Channel1_IRQHandler                 0x08000207   Thumb Code     0  startup_stm32g431xx.o(.text)
    DMA2_Channel2_IRQHandler                 0x08000207   Thumb Code     0  startup_stm32g431xx.o(.text)
    DMA2_Channel3_IRQHandler                 0x08000207   Thumb Code     0  startup_stm32g431xx.o(.text)
    DMA2_Channel4_IRQHandler                 0x08000207   Thumb Code     0  startup_stm32g431xx.o(.text)
    DMA2_Channel5_IRQHandler                 0x08000207   Thumb Code     0  startup_stm32g431xx.o(.text)
    DMA2_Channel6_IRQHandler                 0x08000207   Thumb Code     0  startup_stm32g431xx.o(.text)
    DMAMUX_OVR_IRQHandler                    0x08000207   Thumb Code     0  startup_stm32g431xx.o(.text)
    EXTI0_IRQHandler                         0x08000207   Thumb Code     0  startup_stm32g431xx.o(.text)
    EXTI15_10_IRQHandler                     0x08000207   Thumb Code     0  startup_stm32g431xx.o(.text)
    EXTI1_IRQHandler                         0x08000207   Thumb Code     0  startup_stm32g431xx.o(.text)
    EXTI2_IRQHandler                         0x08000207   Thumb Code     0  startup_stm32g431xx.o(.text)
    EXTI3_IRQHandler                         0x08000207   Thumb Code     0  startup_stm32g431xx.o(.text)
    EXTI4_IRQHandler                         0x08000207   Thumb Code     0  startup_stm32g431xx.o(.text)
    EXTI9_5_IRQHandler                       0x08000207   Thumb Code     0  startup_stm32g431xx.o(.text)
    FDCAN1_IT0_IRQHandler                    0x08000207   Thumb Code     0  startup_stm32g431xx.o(.text)
    FDCAN1_IT1_IRQHandler                    0x08000207   Thumb Code     0  startup_stm32g431xx.o(.text)
    FLASH_IRQHandler                         0x08000207   Thumb Code     0  startup_stm32g431xx.o(.text)
    FMAC_IRQHandler                          0x08000207   Thumb Code     0  startup_stm32g431xx.o(.text)
    FPU_IRQHandler                           0x08000207   Thumb Code     0  startup_stm32g431xx.o(.text)
    I2C1_ER_IRQHandler                       0x08000207   Thumb Code     0  startup_stm32g431xx.o(.text)
    I2C1_EV_IRQHandler                       0x08000207   Thumb Code     0  startup_stm32g431xx.o(.text)
    I2C2_ER_IRQHandler                       0x08000207   Thumb Code     0  startup_stm32g431xx.o(.text)
    I2C2_EV_IRQHandler                       0x08000207   Thumb Code     0  startup_stm32g431xx.o(.text)
    I2C3_ER_IRQHandler                       0x08000207   Thumb Code     0  startup_stm32g431xx.o(.text)
    I2C3_EV_IRQHandler                       0x08000207   Thumb Code     0  startup_stm32g431xx.o(.text)
    LPTIM1_IRQHandler                        0x08000207   Thumb Code     0  startup_stm32g431xx.o(.text)
    LPUART1_IRQHandler                       0x08000207   Thumb Code     0  startup_stm32g431xx.o(.text)
    PVD_PVM_IRQHandler                       0x08000207   Thumb Code     0  startup_stm32g431xx.o(.text)
    RCC_IRQHandler                           0x08000207   Thumb Code     0  startup_stm32g431xx.o(.text)
    RNG_IRQHandler                           0x08000207   Thumb Code     0  startup_stm32g431xx.o(.text)
    RTC_Alarm_IRQHandler                     0x08000207   Thumb Code     0  startup_stm32g431xx.o(.text)
    RTC_TAMP_LSECSS_IRQHandler               0x08000207   Thumb Code     0  startup_stm32g431xx.o(.text)
    RTC_WKUP_IRQHandler                      0x08000207   Thumb Code     0  startup_stm32g431xx.o(.text)
    SAI1_IRQHandler                          0x08000207   Thumb Code     0  startup_stm32g431xx.o(.text)
    SPI1_IRQHandler                          0x08000207   Thumb Code     0  startup_stm32g431xx.o(.text)
    SPI2_IRQHandler                          0x08000207   Thumb Code     0  startup_stm32g431xx.o(.text)
    SPI3_IRQHandler                          0x08000207   Thumb Code     0  startup_stm32g431xx.o(.text)
    TIM1_BRK_TIM15_IRQHandler                0x08000207   Thumb Code     0  startup_stm32g431xx.o(.text)
    TIM1_CC_IRQHandler                       0x08000207   Thumb Code     0  startup_stm32g431xx.o(.text)
    TIM1_TRG_COM_TIM17_IRQHandler            0x08000207   Thumb Code     0  startup_stm32g431xx.o(.text)
    TIM1_UP_TIM16_IRQHandler                 0x08000207   Thumb Code     0  startup_stm32g431xx.o(.text)
    TIM2_IRQHandler                          0x08000207   Thumb Code     0  startup_stm32g431xx.o(.text)
    TIM4_IRQHandler                          0x08000207   Thumb Code     0  startup_stm32g431xx.o(.text)
    TIM6_DAC_IRQHandler                      0x08000207   Thumb Code     0  startup_stm32g431xx.o(.text)
    TIM7_IRQHandler                          0x08000207   Thumb Code     0  startup_stm32g431xx.o(.text)
    TIM8_BRK_IRQHandler                      0x08000207   Thumb Code     0  startup_stm32g431xx.o(.text)
    TIM8_CC_IRQHandler                       0x08000207   Thumb Code     0  startup_stm32g431xx.o(.text)
    TIM8_TRG_COM_IRQHandler                  0x08000207   Thumb Code     0  startup_stm32g431xx.o(.text)
    TIM8_UP_IRQHandler                       0x08000207   Thumb Code     0  startup_stm32g431xx.o(.text)
    UART4_IRQHandler                         0x08000207   Thumb Code     0  startup_stm32g431xx.o(.text)
    UCPD1_IRQHandler                         0x08000207   Thumb Code     0  startup_stm32g431xx.o(.text)
    USART2_IRQHandler                        0x08000207   Thumb Code     0  startup_stm32g431xx.o(.text)
    USART3_IRQHandler                        0x08000207   Thumb Code     0  startup_stm32g431xx.o(.text)
    USBWakeUp_IRQHandler                     0x08000207   Thumb Code     0  startup_stm32g431xx.o(.text)
    USB_HP_IRQHandler                        0x08000207   Thumb Code     0  startup_stm32g431xx.o(.text)
    USB_LP_IRQHandler                        0x08000207   Thumb Code     0  startup_stm32g431xx.o(.text)
    WWDG_IRQHandler                          0x08000207   Thumb Code     0  startup_stm32g431xx.o(.text)
    __aeabi_uldivmod                         0x08000211   Thumb Code    98  uldiv.o(.text)
    __aeabi_memset                           0x08000273   Thumb Code    14  memseta.o(.text)
    __aeabi_memset4                          0x08000273   Thumb Code     0  memseta.o(.text)
    __aeabi_memset8                          0x08000273   Thumb Code     0  memseta.o(.text)
    __aeabi_memclr                           0x08000281   Thumb Code     4  memseta.o(.text)
    __aeabi_memclr4                          0x08000281   Thumb Code     0  memseta.o(.text)
    __aeabi_memclr8                          0x08000281   Thumb Code     0  memseta.o(.text)
    _memset$wrapper                          0x08000285   Thumb Code    18  memseta.o(.text)
    __aeabi_dmul                             0x08000297   Thumb Code   228  dmul.o(.text)
    __aeabi_ddiv                             0x0800037b   Thumb Code   222  ddiv.o(.text)
    __aeabi_i2d                              0x08000459   Thumb Code    34  dflti.o(.text)
    __aeabi_ui2d                             0x0800047b   Thumb Code    26  dfltui.o(.text)
    __aeabi_f2d                              0x08000495   Thumb Code    38  f2d.o(.text)
    __aeabi_d2f                              0x080004bb   Thumb Code    56  d2f.o(.text)
    __aeabi_uidiv                            0x080004f3   Thumb Code     0  uidiv.o(.text)
    __aeabi_uidivmod                         0x080004f3   Thumb Code    44  uidiv.o(.text)
    __aeabi_llsl                             0x0800051f   Thumb Code    30  llshl.o(.text)
    _ll_shift_l                              0x0800051f   Thumb Code     0  llshl.o(.text)
    __aeabi_llsr                             0x0800053d   Thumb Code    32  llushr.o(.text)
    _ll_ushift_r                             0x0800053d   Thumb Code     0  llushr.o(.text)
    __I$use$fp                               0x0800055d   Thumb Code     0  iusefp.o(.text)
    _float_round                             0x0800055d   Thumb Code    18  fepilogue.o(.text)
    _float_epilogue                          0x0800056f   Thumb Code    92  fepilogue.o(.text)
    _double_round                            0x080005cb   Thumb Code    30  depilogue.o(.text)
    _double_epilogue                         0x080005e9   Thumb Code   156  depilogue.o(.text)
    __aeabi_dadd                             0x08000685   Thumb Code   322  dadd.o(.text)
    __aeabi_dsub                             0x080007c7   Thumb Code     6  dadd.o(.text)
    __aeabi_drsub                            0x080007cd   Thumb Code     6  dadd.o(.text)
    __aeabi_d2ulz                            0x080007d3   Thumb Code    48  dfixul.o(.text)
    __aeabi_cdrcmple                         0x08000805   Thumb Code    48  cdrcmple.o(.text)
    __scatterload                            0x08000835   Thumb Code    28  init.o(.text)
    __scatterload_rt2                        0x08000835   Thumb Code     0  init.o(.text)
    __aeabi_lasr                             0x08000859   Thumb Code    36  llsshr.o(.text)
    _ll_sshift_r                             0x08000859   Thumb Code     0  llsshr.o(.text)
    ADC2_Init                                0x0800087d   Thumb Code   106  adc.o(i.ADC2_Init)
    ADC_Enable                               0x080008f5   Thumb Code   110  stm32g4xx_hal_adc.o(i.ADC_Enable)
    ADC_GetPR5                               0x08000969   Thumb Code    42  adc.o(i.ADC_GetPR5)
    ADC_GetPR6                               0x0800099d   Thumb Code    42  adc.o(i.ADC_GetPR6)
    AT24C02_Read                             0x080009d1   Thumb Code    88  i2c_hal.o(i.AT24C02_Read)
    AT24C02_Write                            0x08000a29   Thumb Code    66  i2c_hal.o(i.AT24C02_Write)
    BusFault_Handler                         0x08000a6b   Thumb Code     2  stm32g4xx_it.o(i.BusFault_Handler)
    DebugMon_Handler                         0x08000a6d   Thumb Code     2  stm32g4xx_it.o(i.DebugMon_Handler)
    Delay_LCD                                0x08000a6f   Thumb Code    28  lcd.o(i.Delay_LCD)
    Error_Handler                            0x08000a8b   Thumb Code     4  main.o(i.Error_Handler)
    GPIO_Init                                0x08000a91   Thumb Code   206  key_led.o(i.GPIO_Init)
    HAL_ADC_ConfigChannel                    0x08000b71   Thumb Code  1006  stm32g4xx_hal_adc.o(i.HAL_ADC_ConfigChannel)
    HAL_ADC_GetValue                         0x08000f95   Thumb Code     6  stm32g4xx_hal_adc.o(i.HAL_ADC_GetValue)
    HAL_ADC_Init                             0x08000f9d   Thumb Code   476  stm32g4xx_hal_adc.o(i.HAL_ADC_Init)
    HAL_ADC_MspInit                          0x08001199   Thumb Code    82  adc.o(i.HAL_ADC_MspInit)
    HAL_ADC_Start                            0x080011f5   Thumb Code   230  stm32g4xx_hal_adc.o(i.HAL_ADC_Start)
    HAL_DMA_Abort                            0x080012e9   Thumb Code   106  stm32g4xx_hal_dma.o(i.HAL_DMA_Abort)
    HAL_DMA_Abort_IT                         0x08001353   Thumb Code   120  stm32g4xx_hal_dma.o(i.HAL_DMA_Abort_IT)
    HAL_Delay                                0x080013cd   Thumb Code    32  stm32g4xx_hal.o(i.HAL_Delay)
    HAL_GPIO_Init                            0x080013f1   Thumb Code   422  stm32g4xx_hal_gpio.o(i.HAL_GPIO_Init)
    HAL_GPIO_ReadPin                         0x080015b9   Thumb Code    10  stm32g4xx_hal_gpio.o(i.HAL_GPIO_ReadPin)
    HAL_GPIO_WritePin                        0x080015c3   Thumb Code    10  stm32g4xx_hal_gpio.o(i.HAL_GPIO_WritePin)
    HAL_GetTick                              0x080015cd   Thumb Code     6  stm32g4xx_hal.o(i.HAL_GetTick)
    HAL_IncTick                              0x080015d9   Thumb Code    12  stm32g4xx_hal.o(i.HAL_IncTick)
    HAL_Init                                 0x080015e9   Thumb Code    30  stm32g4xx_hal.o(i.HAL_Init)
    HAL_InitTick                             0x08001609   Thumb Code    58  stm32g4xx_hal.o(i.HAL_InitTick)
    HAL_MspInit                              0x0800164d   Thumb Code    42  stm32g4xx_hal_msp.o(i.HAL_MspInit)
    HAL_NVIC_EnableIRQ                       0x0800167d   Thumb Code    26  stm32g4xx_hal_cortex.o(i.HAL_NVIC_EnableIRQ)
    HAL_NVIC_SetPriority                     0x08001699   Thumb Code    60  stm32g4xx_hal_cortex.o(i.HAL_NVIC_SetPriority)
    HAL_NVIC_SetPriorityGrouping             0x080016d9   Thumb Code    26  stm32g4xx_hal_cortex.o(i.HAL_NVIC_SetPriorityGrouping)
    HAL_PWREx_ControlVoltageScaling          0x080016fd   Thumb Code   174  stm32g4xx_hal_pwr_ex.o(i.HAL_PWREx_ControlVoltageScaling)
    HAL_PWREx_DisableUCPDDeadBattery         0x080017b9   Thumb Code    12  stm32g4xx_hal_pwr_ex.o(i.HAL_PWREx_DisableUCPDDeadBattery)
    HAL_RCCEx_PeriphCLKConfig                0x080017c9   Thumb Code   638  stm32g4xx_hal_rcc_ex.o(i.HAL_RCCEx_PeriphCLKConfig)
    HAL_RCC_ClockConfig                      0x08001a51   Thumb Code   444  stm32g4xx_hal_rcc.o(i.HAL_RCC_ClockConfig)
    HAL_RCC_GetPCLK1Freq                     0x08001c2d   Thumb Code    24  stm32g4xx_hal_rcc.o(i.HAL_RCC_GetPCLK1Freq)
    HAL_RCC_GetPCLK2Freq                     0x08001c51   Thumb Code    24  stm32g4xx_hal_rcc.o(i.HAL_RCC_GetPCLK2Freq)
    HAL_RCC_GetSysClockFreq                  0x08001c75   Thumb Code    98  stm32g4xx_hal_rcc.o(i.HAL_RCC_GetSysClockFreq)
    HAL_RCC_OscConfig                        0x08001ce5   Thumb Code  1036  stm32g4xx_hal_rcc.o(i.HAL_RCC_OscConfig)
    HAL_SYSTICK_Config                       0x080020f1   Thumb Code    40  stm32g4xx_hal_cortex.o(i.HAL_SYSTICK_Config)
    HAL_TIMEx_Break2Callback                 0x08002119   Thumb Code     2  stm32g4xx_hal_tim_ex.o(i.HAL_TIMEx_Break2Callback)
    HAL_TIMEx_BreakCallback                  0x0800211b   Thumb Code     2  stm32g4xx_hal_tim_ex.o(i.HAL_TIMEx_BreakCallback)
    HAL_TIMEx_CommutCallback                 0x0800211d   Thumb Code     2  stm32g4xx_hal_tim_ex.o(i.HAL_TIMEx_CommutCallback)
    HAL_TIMEx_DirectionChangeCallback        0x0800211f   Thumb Code     2  stm32g4xx_hal_tim_ex.o(i.HAL_TIMEx_DirectionChangeCallback)
    HAL_TIMEx_EncoderIndexCallback           0x08002121   Thumb Code     2  stm32g4xx_hal_tim_ex.o(i.HAL_TIMEx_EncoderIndexCallback)
    HAL_TIMEx_IndexErrorCallback             0x08002123   Thumb Code     2  stm32g4xx_hal_tim_ex.o(i.HAL_TIMEx_IndexErrorCallback)
    HAL_TIMEx_MasterConfigSynchronization    0x08002125   Thumb Code   132  stm32g4xx_hal_tim_ex.o(i.HAL_TIMEx_MasterConfigSynchronization)
    HAL_TIMEx_TransitionErrorCallback        0x080021c1   Thumb Code     2  stm32g4xx_hal_tim_ex.o(i.HAL_TIMEx_TransitionErrorCallback)
    HAL_TIM_Base_Init                        0x080021c3   Thumb Code    98  stm32g4xx_hal_tim.o(i.HAL_TIM_Base_Init)
    HAL_TIM_Base_MspInit                     0x08002225   Thumb Code   102  tim.o(i.HAL_TIM_Base_MspInit)
    HAL_TIM_ConfigClockSource                0x08002295   Thumb Code   240  stm32g4xx_hal_tim.o(i.HAL_TIM_ConfigClockSource)
    HAL_TIM_IC_CaptureCallback               0x0800238d   Thumb Code    80  main.o(i.HAL_TIM_IC_CaptureCallback)
    HAL_TIM_IC_ConfigChannel                 0x080023e5   Thumb Code   270  stm32g4xx_hal_tim.o(i.HAL_TIM_IC_ConfigChannel)
    HAL_TIM_IC_Init                          0x080024f3   Thumb Code    98  stm32g4xx_hal_tim.o(i.HAL_TIM_IC_Init)
    HAL_TIM_IC_MspInit                       0x08002555   Thumb Code     2  stm32g4xx_hal_tim.o(i.HAL_TIM_IC_MspInit)
    HAL_TIM_IC_Start_IT                      0x08002559   Thumb Code   272  stm32g4xx_hal_tim.o(i.HAL_TIM_IC_Start_IT)
    HAL_TIM_IRQHandler                       0x08002681   Thumb Code   508  stm32g4xx_hal_tim.o(i.HAL_TIM_IRQHandler)
    HAL_TIM_OC_DelayElapsedCallback          0x0800287d   Thumb Code     2  stm32g4xx_hal_tim.o(i.HAL_TIM_OC_DelayElapsedCallback)
    HAL_TIM_PWM_PulseFinishedCallback        0x0800287f   Thumb Code     2  stm32g4xx_hal_tim.o(i.HAL_TIM_PWM_PulseFinishedCallback)
    HAL_TIM_PeriodElapsedCallback            0x08002881   Thumb Code     2  stm32g4xx_hal_tim.o(i.HAL_TIM_PeriodElapsedCallback)
    HAL_TIM_ReadCapturedValue                0x08002883   Thumb Code    42  stm32g4xx_hal_tim.o(i.HAL_TIM_ReadCapturedValue)
    HAL_TIM_SlaveConfigSynchro               0x080028ad   Thumb Code    86  stm32g4xx_hal_tim.o(i.HAL_TIM_SlaveConfigSynchro)
    HAL_TIM_TriggerCallback                  0x08002903   Thumb Code     2  stm32g4xx_hal_tim.o(i.HAL_TIM_TriggerCallback)
    HAL_UARTEx_DisableFifoMode               0x08002905   Thumb Code    62  stm32g4xx_hal_uart_ex.o(i.HAL_UARTEx_DisableFifoMode)
    HAL_UARTEx_RxEventCallback               0x08002943   Thumb Code     2  stm32g4xx_hal_uart.o(i.HAL_UARTEx_RxEventCallback)
    HAL_UARTEx_RxFifoFullCallback            0x08002945   Thumb Code     2  stm32g4xx_hal_uart_ex.o(i.HAL_UARTEx_RxFifoFullCallback)
    HAL_UARTEx_SetRxFifoThreshold            0x08002947   Thumb Code    76  stm32g4xx_hal_uart_ex.o(i.HAL_UARTEx_SetRxFifoThreshold)
    HAL_UARTEx_SetTxFifoThreshold            0x08002993   Thumb Code    76  stm32g4xx_hal_uart_ex.o(i.HAL_UARTEx_SetTxFifoThreshold)
    HAL_UARTEx_TxFifoEmptyCallback           0x080029df   Thumb Code     2  stm32g4xx_hal_uart_ex.o(i.HAL_UARTEx_TxFifoEmptyCallback)
    HAL_UARTEx_WakeupCallback                0x080029e1   Thumb Code     2  stm32g4xx_hal_uart_ex.o(i.HAL_UARTEx_WakeupCallback)
    HAL_UART_ErrorCallback                   0x080029e3   Thumb Code     2  stm32g4xx_hal_uart.o(i.HAL_UART_ErrorCallback)
    HAL_UART_IRQHandler                      0x080029e5   Thumb Code   632  stm32g4xx_hal_uart.o(i.HAL_UART_IRQHandler)
    HAL_UART_Init                            0x08002c69   Thumb Code   106  stm32g4xx_hal_uart.o(i.HAL_UART_Init)
    HAL_UART_MspInit                         0x08002cd5   Thumb Code   106  uart.o(i.HAL_UART_MspInit)
    HAL_UART_Receive_IT                      0x08002d49   Thumb Code    70  stm32g4xx_hal_uart.o(i.HAL_UART_Receive_IT)
    HAL_UART_RxCpltCallback                  0x08002d95   Thumb Code    46  main.o(i.HAL_UART_RxCpltCallback)
    HAL_UART_Transmit                        0x08002dd5   Thumb Code   188  stm32g4xx_hal_uart.o(i.HAL_UART_Transmit)
    HAL_UART_TxCpltCallback                  0x08002e91   Thumb Code     2  stm32g4xx_hal_uart.o(i.HAL_UART_TxCpltCallback)
    HardFault_Handler                        0x08002e93   Thumb Code     2  stm32g4xx_it.o(i.HardFault_Handler)
    I2CInit                                  0x08002e95   Thumb Code    38  i2c_hal.o(i.I2CInit)
    I2CReceiveByte                           0x08002ec1   Thumb Code    78  i2c_hal.o(i.I2CReceiveByte)
    I2CSendAck                               0x08002f0f   Thumb Code    48  i2c_hal.o(i.I2CSendAck)
    I2CSendByte                              0x08002f3f   Thumb Code    78  i2c_hal.o(i.I2CSendByte)
    I2CSendNotAck                            0x08002f8d   Thumb Code    48  i2c_hal.o(i.I2CSendNotAck)
    I2CStart                                 0x08002fbd   Thumb Code    54  i2c_hal.o(i.I2CStart)
    I2CStop                                  0x08002ff3   Thumb Code    54  i2c_hal.o(i.I2CStop)
    I2CWaitAck                               0x08003029   Thumb Code    80  i2c_hal.o(i.I2CWaitAck)
    Key_Proc                                 0x08003079   Thumb Code   226  main.o(i.Key_Proc)
    Key_Scan                                 0x08003165   Thumb Code    60  key_led.o(i.Key_Scan)
    LCD_BusIn                                0x080031a5   Thumb Code    40  lcd.o(i.LCD_BusIn)
    LCD_BusOut                               0x080031d1   Thumb Code    42  lcd.o(i.LCD_BusOut)
    LCD_Clear                                0x08003201   Thumb Code    36  lcd.o(i.LCD_Clear)
    LCD_CtrlLinesConfig                      0x08003225   Thumb Code   136  lcd.o(i.LCD_CtrlLinesConfig)
    LCD_DisplayChar                          0x080032b5   Thumb Code    18  lcd.o(i.LCD_DisplayChar)
    LCD_DisplayStringLine                    0x080032cd   Thumb Code    42  lcd.o(i.LCD_DisplayStringLine)
    LCD_DrawChar                             0x080032f9   Thumb Code    84  lcd.o(i.LCD_DrawChar)
    LCD_Init                                 0x08003351   Thumb Code    46  lcd.o(i.LCD_Init)
    LCD_ReadReg                              0x08003385   Thumb Code   120  lcd.o(i.LCD_ReadReg)
    LCD_SetBackColor                         0x08003405   Thumb Code    12  lcd.o(i.LCD_SetBackColor)
    LCD_SetCursor                            0x08003415   Thumb Code    24  lcd.o(i.LCD_SetCursor)
    LCD_SetTextColor                         0x0800342d   Thumb Code    12  lcd.o(i.LCD_SetTextColor)
    LCD_WriteRAM                             0x0800343d   Thumb Code    80  lcd.o(i.LCD_WriteRAM)
    LCD_WriteRAM_Prepare                     0x08003495   Thumb Code    82  lcd.o(i.LCD_WriteRAM_Prepare)
    LCD_WriteReg                             0x080034f1   Thumb Code   100  lcd.o(i.LCD_WriteReg)
    LED_Disp                                 0x0800355d   Thumb Code    74  key_led.o(i.LED_Disp)
    Lcd_Proc                                 0x080035fd   Thumb Code   518  main.o(i.Lcd_Proc)
    MemManage_Handler                        0x080038e5   Thumb Code     2  stm32g4xx_it.o(i.MemManage_Handler)
    NMI_Handler                              0x080038e7   Thumb Code     2  stm32g4xx_it.o(i.NMI_Handler)
    PendSV_Handler                           0x080038e9   Thumb Code     2  stm32g4xx_it.o(i.PendSV_Handler)
    REG_8230_Init                            0x080038eb   Thumb Code   274  lcd.o(i.REG_8230_Init)
    REG_932X_Init                            0x080039fd   Thumb Code   514  lcd.o(i.REG_932X_Init)
    SCL_Output                               0x08003c01   Thumb Code    20  i2c_hal.o(i.SCL_Output)
    SDA_Input                                0x08003c19   Thumb Code    18  i2c_hal.o(i.SDA_Input)
    SDA_Input_Mode                           0x08003c31   Thumb Code    40  i2c_hal.o(i.SDA_Input_Mode)
    SDA_Output                               0x08003c5d   Thumb Code    20  i2c_hal.o(i.SDA_Output)
    SDA_Output_Mode                          0x08003c75   Thumb Code    40  i2c_hal.o(i.SDA_Output_Mode)
    SVC_Handler                              0x08003ca1   Thumb Code     2  stm32g4xx_it.o(i.SVC_Handler)
    Seg_Display_Value                        0x08003ca5   Thumb Code   224  seg.o(i.Seg_Display_Value)
    Seg_Init                                 0x08003d89   Thumb Code    70  seg.o(i.Seg_Init)
    Seg_Proc                                 0x08003dd5   Thumb Code    74  main.o(i.Seg_Proc)
    SysTick_Handler                          0x08003e29   Thumb Code     4  stm32g4xx_it.o(i.SysTick_Handler)
    SystemClock_Config                       0x08003e2d   Thumb Code   152  main.o(i.SystemClock_Config)
    SystemInit                               0x08003ec9   Thumb Code    12  system_stm32g4xx.o(i.SystemInit)
    TIM3_IRQHandler                          0x08003ed9   Thumb Code     6  stm32g4xx_it.o(i.TIM3_IRQHandler)
    TIM3_Init                                0x08003ee5   Thumb Code   198  tim.o(i.TIM3_Init)
    TIM_Base_SetConfig                       0x08003fb5   Thumb Code   146  stm32g4xx_hal_tim.o(i.TIM_Base_SetConfig)
    TIM_CCxChannelCmd                        0x08004065   Thumb Code    26  stm32g4xx_hal_tim.o(i.TIM_CCxChannelCmd)
    TIM_ETR_SetConfig                        0x0800407f   Thumb Code    20  stm32g4xx_hal_tim.o(i.TIM_ETR_SetConfig)
    TIM_TI1_SetConfig                        0x0800416d   Thumb Code    88  stm32g4xx_hal_tim.o(i.TIM_TI1_SetConfig)
    UART_AdvFeatureConfig                    0x08004279   Thumb Code   200  stm32g4xx_hal_uart.o(i.UART_AdvFeatureConfig)
    UART_CheckIdleState                      0x08004341   Thumb Code    96  stm32g4xx_hal_uart.o(i.UART_CheckIdleState)
    UART_Init                                0x080043ed   Thumb Code    94  uart.o(i.UART_Init)
    UART_SetConfig                           0x080047cd   Thumb Code   582  stm32g4xx_hal_uart.o(i.UART_SetConfig)
    UART_Start_Receive_IT                    0x08004a41   Thumb Code   198  stm32g4xx_hal_uart.o(i.UART_Start_Receive_IT)
    UART_WaitOnFlagUntilTimeout              0x08004b19   Thumb Code   164  stm32g4xx_hal_uart.o(i.UART_WaitOnFlagUntilTimeout)
    USART1_IRQHandler                        0x08004bbd   Thumb Code     6  stm32g4xx_it.o(i.USART1_IRQHandler)
    Uart_Proc                                0x08004bc9   Thumb Code   238  main.o(i.Uart_Proc)
    UsageFault_Handler                       0x08004cdd   Thumb Code     2  stm32g4xx_it.o(i.UsageFault_Handler)
    __0printf                                0x08004ce1   Thumb Code    22  printfa.o(i.__0printf)
    __1printf                                0x08004ce1   Thumb Code     0  printfa.o(i.__0printf)
    __2printf                                0x08004ce1   Thumb Code     0  printfa.o(i.__0printf)
    __c89printf                              0x08004ce1   Thumb Code     0  printfa.o(i.__0printf)
    printf                                   0x08004ce1   Thumb Code     0  printfa.o(i.__0printf)
    __0sprintf                               0x08004d01   Thumb Code    34  printfa.o(i.__0sprintf)
    __1sprintf                               0x08004d01   Thumb Code     0  printfa.o(i.__0sprintf)
    __2sprintf                               0x08004d01   Thumb Code     0  printfa.o(i.__0sprintf)
    __c89sprintf                             0x08004d01   Thumb Code     0  printfa.o(i.__0sprintf)
    sprintf                                  0x08004d01   Thumb Code     0  printfa.o(i.__0sprintf)
    __scatterload_copy                       0x08004d49   Thumb Code    14  handlers.o(i.__scatterload_copy)
    __scatterload_null                       0x08004d57   Thumb Code     2  handlers.o(i.__scatterload_null)
    __scatterload_zeroinit                   0x08004d59   Thumb Code    14  handlers.o(i.__scatterload_zeroinit)
    ds18b20_init_x                           0x08005631   Thumb Code    58  ds18b20_hal.o(i.ds18b20_init_x)
    ds18b20_read                             0x08005671   Thumb Code    54  ds18b20_hal.o(i.ds18b20_read)
    fputc                                    0x080056a9   Thumb Code    18  uart.o(i.fputc)
    main                                     0x080056c1   Thumb Code   118  main.o(i.main)
    mode_input1                              0x08005745   Thumb Code    36  ds18b20_hal.o(i.mode_input1)
    mode_output1                             0x08005769   Thumb Code    42  ds18b20_hal.o(i.mode_output1)
    ow_bit_io                                0x08005793   Thumb Code    68  ds18b20_hal.o(i.ow_bit_io)
    ow_byte_rd                               0x080057d7   Thumb Code     6  ds18b20_hal.o(i.ow_byte_rd)
    ow_byte_wr                               0x080057dd   Thumb Code    36  ds18b20_hal.o(i.ow_byte_wr)
    ow_reset                                 0x08005801   Thumb Code    76  ds18b20_hal.o(i.ow_reset)
    ASCII_Table                              0x0800584c   Data        4560  lcd.o(.constdata)
    UARTPrescTable                           0x08006a1c   Data          24  stm32g4xx_hal_uart.o(.constdata)
    AHBPrescTable                            0x08006a44   Data          16  system_stm32g4xx.o(.constdata)
    APBPrescTable                            0x08006a54   Data           8  system_stm32g4xx.o(.constdata)
    Region$$Table$$Base                      0x08006a5c   Number         0  anon$$obj.o(Region$$Table)
    Region$$Table$$Limit                     0x08006a7c   Number         0  anon$$obj.o(Region$$Table)
    Temp_Compare_Disp                        0x20000000   Data           1  main.o(.data)
    Temp_Compare                             0x20000001   Data           1  main.o(.data)
    AO_Seclet_Disp                           0x20000002   Data           1  main.o(.data)
    AO_Seclet                                0x20000003   Data           1  main.o(.data)
    Uart_Count_Point                         0x20000004   Data           1  main.o(.data)
    Key_Val                                  0x20000005   Data           1  main.o(.data)
    Key_Down                                 0x20000006   Data           1  main.o(.data)
    Key_Up                                   0x20000007   Data           1  main.o(.data)
    Key_Old                                  0x20000008   Data           1  main.o(.data)
    Rx_Buffer                                0x20000009   Data           1  main.o(.data)
    pRx_Buf                                  0x2000000a   Data           1  main.o(.data)
    Uart_Flag                                0x2000000b   Data           1  main.o(.data)
    Mode                                     0x2000000c   Data           1  main.o(.data)
    Seg_Mode                                 0x2000000d   Data           1  main.o(.data)
    pPara                                    0x2000000e   Data           1  main.o(.data)
    Temp_Flag                                0x2000000f   Data           1  main.o(.data)
    AO_Flag                                  0x20000010   Data           1  main.o(.data)
    uwLED                                    0x20000011   Data           1  main.o(.data)
    PWM_T                                    0x20000012   Data           2  main.o(.data)
    PWM_t                                    0x20000014   Data           2  main.o(.data)
    N_R                                      0x20000016   Data           2  main.o(.data)
    uwTick_Key_Set_Point                     0x20000018   Data           4  main.o(.data)
    uwTick_Lcd_Set_Point                     0x2000001c   Data           4  main.o(.data)
    uwTick_Uart_Set_Point                    0x20000020   Data           4  main.o(.data)
    uwTick_Seg_Set_Point                     0x20000024   Data           4  main.o(.data)
    Uart_Set_Point                           0x20000028   Data           4  main.o(.data)
    AO1                                      0x2000002c   Data           4  main.o(.data)
    AO2                                      0x20000030   Data           4  main.o(.data)
    PWM_Duty                                 0x20000034   Data           4  main.o(.data)
    Temp                                     0x20000038   Data           4  main.o(.data)
    dummy                                    0x20000040   Data           2  lcd.o(.data)
    Seg                                      0x20000042   Data          17  seg.o(.data)
    uwTickPrio                               0x20000054   Data           4  stm32g4xx_hal.o(.data)
    uwTickFreq                               0x20000058   Data           4  stm32g4xx_hal.o(.data)
    uwTick                                   0x2000005c   Data           4  stm32g4xx_hal.o(.data)
    SystemCoreClock                          0x20000060   Data           4  system_stm32g4xx.o(.data)
    __stdout                                 0x20000064   Data           4  stdout.o(.data)
    LCD_ShowStr                              0x20000068   Data          21  main.o(.bss)
    Rx_Buf                                   0x2000007d   Data          50  main.o(.bss)
    sConfig                                  0x200000b0   Data          32  adc.o(.bss)
    hadc2                                    0x200000d0   Data         108  adc.o(.bss)
    htim3                                    0x2000013c   Data          76  tim.o(.bss)
    huart1                                   0x20000188   Data         144  uart.o(.bss)
    __initial_sp                             0x20000618   Data           0  startup_stm32g431xx.o(STACK)



==============================================================================

Memory Map of the image

  Image Entry point : 0x080001d9

  Load Region LR_IROM1 (Base: 0x08000000, Size: 0x00006ae4, Max: 0x00020000, ABSOLUTE)

    Execution Region ER_IROM1 (Exec base: 0x08000000, Load base: 0x08000000, Size: 0x00006a7c, Max: 0x00020000, ABSOLUTE)

    Exec Addr    Load Addr    Size         Type   Attr      Idx    E Section Name        Object

    0x08000000   0x08000000   0x000001d8   Data   RO         4555    RESET               startup_stm32g431xx.o
    0x080001d8   0x080001d8   0x00000000   Code   RO         4560  * .ARM.Collect$$$$00000000  mc_w.l(entry.o)
    0x080001d8   0x080001d8   0x00000004   Code   RO         4840    .ARM.Collect$$$$00000001  mc_w.l(entry2.o)
    0x080001dc   0x080001dc   0x00000004   Code   RO         4843    .ARM.Collect$$$$00000004  mc_w.l(entry5.o)
    0x080001e0   0x080001e0   0x00000000   Code   RO         4845    .ARM.Collect$$$$00000008  mc_w.l(entry7b.o)
    0x080001e0   0x080001e0   0x00000000   Code   RO         4847    .ARM.Collect$$$$0000000A  mc_w.l(entry8b.o)
    0x080001e0   0x080001e0   0x00000008   Code   RO         4848    .ARM.Collect$$$$0000000B  mc_w.l(entry9a.o)
    0x080001e8   0x080001e8   0x00000000   Code   RO         4850    .ARM.Collect$$$$0000000D  mc_w.l(entry10a.o)
    0x080001e8   0x080001e8   0x00000000   Code   RO         4852    .ARM.Collect$$$$0000000F  mc_w.l(entry11a.o)
    0x080001e8   0x080001e8   0x00000004   Code   RO         4841    .ARM.Collect$$$$00002712  mc_w.l(entry2.o)
    0x080001ec   0x080001ec   0x00000024   Code   RO         4556    .text               startup_stm32g431xx.o
    0x08000210   0x08000210   0x00000062   Code   RO         4563    .text               mc_w.l(uldiv.o)
    0x08000272   0x08000272   0x00000024   Code   RO         4565    .text               mc_w.l(memseta.o)
    0x08000296   0x08000296   0x000000e4   Code   RO         4828    .text               mf_w.l(dmul.o)
    0x0800037a   0x0800037a   0x000000de   Code   RO         4830    .text               mf_w.l(ddiv.o)
    0x08000458   0x08000458   0x00000022   Code   RO         4832    .text               mf_w.l(dflti.o)
    0x0800047a   0x0800047a   0x0000001a   Code   RO         4834    .text               mf_w.l(dfltui.o)
    0x08000494   0x08000494   0x00000026   Code   RO         4836    .text               mf_w.l(f2d.o)
    0x080004ba   0x080004ba   0x00000038   Code   RO         4838    .text               mf_w.l(d2f.o)
    0x080004f2   0x080004f2   0x0000002c   Code   RO         4855    .text               mc_w.l(uidiv.o)
    0x0800051e   0x0800051e   0x0000001e   Code   RO         4857    .text               mc_w.l(llshl.o)
    0x0800053c   0x0800053c   0x00000020   Code   RO         4859    .text               mc_w.l(llushr.o)
    0x0800055c   0x0800055c   0x00000000   Code   RO         4861    .text               mc_w.l(iusefp.o)
    0x0800055c   0x0800055c   0x0000006e   Code   RO         4862    .text               mf_w.l(fepilogue.o)
    0x080005ca   0x080005ca   0x000000ba   Code   RO         4864    .text               mf_w.l(depilogue.o)
    0x08000684   0x08000684   0x0000014e   Code   RO         4866    .text               mf_w.l(dadd.o)
    0x080007d2   0x080007d2   0x00000030   Code   RO         4868    .text               mf_w.l(dfixul.o)
    0x08000802   0x08000802   0x00000002   PAD
    0x08000804   0x08000804   0x00000030   Code   RO         4870    .text               mf_w.l(cdrcmple.o)
    0x08000834   0x08000834   0x00000024   Code   RO         4872    .text               mc_w.l(init.o)
    0x08000858   0x08000858   0x00000024   Code   RO         4874    .text               mc_w.l(llsshr.o)
    0x0800087c   0x0800087c   0x00000078   Code   RO          338    i.ADC2_Init         adc.o
    0x080008f4   0x080008f4   0x00000074   Code   RO         3547    i.ADC_Enable        stm32g4xx_hal_adc.o
    0x08000968   0x08000968   0x00000034   Code   RO          339    i.ADC_GetPR5        adc.o
    0x0800099c   0x0800099c   0x00000034   Code   RO          340    i.ADC_GetPR6        adc.o
    0x080009d0   0x080009d0   0x00000058   Code   RO          454    i.AT24C02_Read      i2c_hal.o
    0x08000a28   0x08000a28   0x00000042   Code   RO          455    i.AT24C02_Write     i2c_hal.o
    0x08000a6a   0x08000a6a   0x00000002   Code   RO          227    i.BusFault_Handler  stm32g4xx_it.o
    0x08000a6c   0x08000a6c   0x00000002   Code   RO          228    i.DebugMon_Handler  stm32g4xx_it.o
    0x08000a6e   0x08000a6e   0x0000001c   Code   RO          599    i.Delay_LCD         lcd.o
    0x08000a8a   0x08000a8a   0x00000004   Code   RO            4    i.Error_Handler     main.o
    0x08000a8e   0x08000a8e   0x00000002   PAD
    0x08000a90   0x08000a90   0x000000e0   Code   RO          563    i.GPIO_Init         key_led.o
    0x08000b70   0x08000b70   0x00000424   Code   RO         3549    i.HAL_ADC_ConfigChannel  stm32g4xx_hal_adc.o
    0x08000f94   0x08000f94   0x00000006   Code   RO         3556    i.HAL_ADC_GetValue  stm32g4xx_hal_adc.o
    0x08000f9a   0x08000f9a   0x00000002   PAD
    0x08000f9c   0x08000f9c   0x000001fc   Code   RO         3558    i.HAL_ADC_Init      stm32g4xx_hal_adc.o
    0x08001198   0x08001198   0x0000005c   Code   RO          341    i.HAL_ADC_MspInit   adc.o
    0x080011f4   0x080011f4   0x000000f4   Code   RO         3564    i.HAL_ADC_Start     stm32g4xx_hal_adc.o
    0x080012e8   0x080012e8   0x0000006a   Code   RO         3143    i.HAL_DMA_Abort     stm32g4xx_hal_dma.o
    0x08001352   0x08001352   0x00000078   Code   RO         3144    i.HAL_DMA_Abort_IT  stm32g4xx_hal_dma.o
    0x080013ca   0x080013ca   0x00000002   PAD
    0x080013cc   0x080013cc   0x00000024   Code   RO         2314    i.HAL_Delay         stm32g4xx_hal.o
    0x080013f0   0x080013f0   0x000001c8   Code   RO         3005    i.HAL_GPIO_Init     stm32g4xx_hal_gpio.o
    0x080015b8   0x080015b8   0x0000000a   Code   RO         3007    i.HAL_GPIO_ReadPin  stm32g4xx_hal_gpio.o
    0x080015c2   0x080015c2   0x0000000a   Code   RO         3009    i.HAL_GPIO_WritePin  stm32g4xx_hal_gpio.o
    0x080015cc   0x080015cc   0x0000000c   Code   RO         2318    i.HAL_GetTick       stm32g4xx_hal.o
    0x080015d8   0x080015d8   0x00000010   Code   RO         2321    i.HAL_IncTick       stm32g4xx_hal.o
    0x080015e8   0x080015e8   0x0000001e   Code   RO         2322    i.HAL_Init          stm32g4xx_hal.o
    0x08001606   0x08001606   0x00000002   PAD
    0x08001608   0x08001608   0x00000044   Code   RO         2323    i.HAL_InitTick      stm32g4xx_hal.o
    0x0800164c   0x0800164c   0x00000030   Code   RO          314    i.HAL_MspInit       stm32g4xx_hal_msp.o
    0x0800167c   0x0800167c   0x0000001a   Code   RO         3412    i.HAL_NVIC_EnableIRQ  stm32g4xx_hal_cortex.o
    0x08001696   0x08001696   0x00000002   PAD
    0x08001698   0x08001698   0x00000040   Code   RO         3418    i.HAL_NVIC_SetPriority  stm32g4xx_hal_cortex.o
    0x080016d8   0x080016d8   0x00000024   Code   RO         3419    i.HAL_NVIC_SetPriorityGrouping  stm32g4xx_hal_cortex.o
    0x080016fc   0x080016fc   0x000000bc   Code   RO         2068    i.HAL_PWREx_ControlVoltageScaling  stm32g4xx_hal_pwr_ex.o
    0x080017b8   0x080017b8   0x00000010   Code   RO         2080    i.HAL_PWREx_DisableUCPDDeadBattery  stm32g4xx_hal_pwr_ex.o
    0x080017c8   0x080017c8   0x00000288   Code   RO         2667    i.HAL_RCCEx_PeriphCLKConfig  stm32g4xx_hal_rcc_ex.o
    0x08001a50   0x08001a50   0x000001dc   Code   RO         2542    i.HAL_RCC_ClockConfig  stm32g4xx_hal_rcc.o
    0x08001c2c   0x08001c2c   0x00000024   Code   RO         2550    i.HAL_RCC_GetPCLK1Freq  stm32g4xx_hal_rcc.o
    0x08001c50   0x08001c50   0x00000024   Code   RO         2551    i.HAL_RCC_GetPCLK2Freq  stm32g4xx_hal_rcc.o
    0x08001c74   0x08001c74   0x00000070   Code   RO         2552    i.HAL_RCC_GetSysClockFreq  stm32g4xx_hal_rcc.o
    0x08001ce4   0x08001ce4   0x0000040c   Code   RO         2555    i.HAL_RCC_OscConfig  stm32g4xx_hal_rcc.o
    0x080020f0   0x080020f0   0x00000028   Code   RO         3423    i.HAL_SYSTICK_Config  stm32g4xx_hal_cortex.o
    0x08002118   0x08002118   0x00000002   Code   RO         1638    i.HAL_TIMEx_Break2Callback  stm32g4xx_hal_tim_ex.o
    0x0800211a   0x0800211a   0x00000002   Code   RO         1639    i.HAL_TIMEx_BreakCallback  stm32g4xx_hal_tim_ex.o
    0x0800211c   0x0800211c   0x00000002   Code   RO         1640    i.HAL_TIMEx_CommutCallback  stm32g4xx_hal_tim_ex.o
    0x0800211e   0x0800211e   0x00000002   Code   RO         1651    i.HAL_TIMEx_DirectionChangeCallback  stm32g4xx_hal_tim_ex.o
    0x08002120   0x08002120   0x00000002   Code   RO         1665    i.HAL_TIMEx_EncoderIndexCallback  stm32g4xx_hal_tim_ex.o
    0x08002122   0x08002122   0x00000002   Code   RO         1679    i.HAL_TIMEx_IndexErrorCallback  stm32g4xx_hal_tim_ex.o
    0x08002124   0x08002124   0x0000009c   Code   RO         1680    i.HAL_TIMEx_MasterConfigSynchronization  stm32g4xx_hal_tim_ex.o
    0x080021c0   0x080021c0   0x00000002   Code   RO         1701    i.HAL_TIMEx_TransitionErrorCallback  stm32g4xx_hal_tim_ex.o
    0x080021c2   0x080021c2   0x00000062   Code   RO          924    i.HAL_TIM_Base_Init  stm32g4xx_hal_tim.o
    0x08002224   0x08002224   0x00000070   Code   RO          838    i.HAL_TIM_Base_MspInit  tim.o
    0x08002294   0x08002294   0x000000f8   Code   RO          933    i.HAL_TIM_ConfigClockSource  stm32g4xx_hal_tim.o
    0x0800238c   0x0800238c   0x00000058   Code   RO            5    i.HAL_TIM_IC_CaptureCallback  main.o
    0x080023e4   0x080023e4   0x0000010e   Code   RO          960    i.HAL_TIM_IC_ConfigChannel  stm32g4xx_hal_tim.o
    0x080024f2   0x080024f2   0x00000062   Code   RO          963    i.HAL_TIM_IC_Init   stm32g4xx_hal_tim.o
    0x08002554   0x08002554   0x00000002   Code   RO          965    i.HAL_TIM_IC_MspInit  stm32g4xx_hal_tim.o
    0x08002556   0x08002556   0x00000002   PAD
    0x08002558   0x08002558   0x00000128   Code   RO          968    i.HAL_TIM_IC_Start_IT  stm32g4xx_hal_tim.o
    0x08002680   0x08002680   0x000001fc   Code   RO          972    i.HAL_TIM_IRQHandler  stm32g4xx_hal_tim.o
    0x0800287c   0x0800287c   0x00000002   Code   RO          975    i.HAL_TIM_OC_DelayElapsedCallback  stm32g4xx_hal_tim.o
    0x0800287e   0x0800287e   0x00000002   Code   RO         1002    i.HAL_TIM_PWM_PulseFinishedCallback  stm32g4xx_hal_tim.o
    0x08002880   0x08002880   0x00000002   Code   RO         1010    i.HAL_TIM_PeriodElapsedCallback  stm32g4xx_hal_tim.o
    0x08002882   0x08002882   0x0000002a   Code   RO         1012    i.HAL_TIM_ReadCapturedValue  stm32g4xx_hal_tim.o
    0x080028ac   0x080028ac   0x00000056   Code   RO         1013    i.HAL_TIM_SlaveConfigSynchro  stm32g4xx_hal_tim.o
    0x08002902   0x08002902   0x00000002   Code   RO         1015    i.HAL_TIM_TriggerCallback  stm32g4xx_hal_tim.o
    0x08002904   0x08002904   0x0000003e   Code   RO         4406    i.HAL_UARTEx_DisableFifoMode  stm32g4xx_hal_uart_ex.o
    0x08002942   0x08002942   0x00000002   Code   RO         3995    i.HAL_UARTEx_RxEventCallback  stm32g4xx_hal_uart.o
    0x08002944   0x08002944   0x00000002   Code   RO         4413    i.HAL_UARTEx_RxFifoFullCallback  stm32g4xx_hal_uart_ex.o
    0x08002946   0x08002946   0x0000004c   Code   RO         4414    i.HAL_UARTEx_SetRxFifoThreshold  stm32g4xx_hal_uart_ex.o
    0x08002992   0x08002992   0x0000004c   Code   RO         4415    i.HAL_UARTEx_SetTxFifoThreshold  stm32g4xx_hal_uart_ex.o
    0x080029de   0x080029de   0x00000002   Code   RO         4417    i.HAL_UARTEx_TxFifoEmptyCallback  stm32g4xx_hal_uart_ex.o
    0x080029e0   0x080029e0   0x00000002   Code   RO         4418    i.HAL_UARTEx_WakeupCallback  stm32g4xx_hal_uart_ex.o
    0x080029e2   0x080029e2   0x00000002   Code   RO         4011    i.HAL_UART_ErrorCallback  stm32g4xx_hal_uart.o
    0x080029e4   0x080029e4   0x00000284   Code   RO         4014    i.HAL_UART_IRQHandler  stm32g4xx_hal_uart.o
    0x08002c68   0x08002c68   0x0000006a   Code   RO         4015    i.HAL_UART_Init     stm32g4xx_hal_uart.o
    0x08002cd2   0x08002cd2   0x00000002   PAD
    0x08002cd4   0x08002cd4   0x00000074   Code   RO          875    i.HAL_UART_MspInit  uart.o
    0x08002d48   0x08002d48   0x0000004c   Code   RO         4020    i.HAL_UART_Receive_IT  stm32g4xx_hal_uart.o
    0x08002d94   0x08002d94   0x00000040   Code   RO            6    i.HAL_UART_RxCpltCallback  main.o
    0x08002dd4   0x08002dd4   0x000000bc   Code   RO         4024    i.HAL_UART_Transmit  stm32g4xx_hal_uart.o
    0x08002e90   0x08002e90   0x00000002   Code   RO         4027    i.HAL_UART_TxCpltCallback  stm32g4xx_hal_uart.o
    0x08002e92   0x08002e92   0x00000002   Code   RO          229    i.HardFault_Handler  stm32g4xx_it.o
    0x08002e94   0x08002e94   0x0000002c   Code   RO          456    i.I2CInit           i2c_hal.o
    0x08002ec0   0x08002ec0   0x0000004e   Code   RO          457    i.I2CReceiveByte    i2c_hal.o
    0x08002f0e   0x08002f0e   0x00000030   Code   RO          458    i.I2CSendAck        i2c_hal.o
    0x08002f3e   0x08002f3e   0x0000004e   Code   RO          459    i.I2CSendByte       i2c_hal.o
    0x08002f8c   0x08002f8c   0x00000030   Code   RO          460    i.I2CSendNotAck     i2c_hal.o
    0x08002fbc   0x08002fbc   0x00000036   Code   RO          461    i.I2CStart          i2c_hal.o
    0x08002ff2   0x08002ff2   0x00000036   Code   RO          462    i.I2CStop           i2c_hal.o
    0x08003028   0x08003028   0x00000050   Code   RO          463    i.I2CWaitAck        i2c_hal.o
    0x08003078   0x08003078   0x000000ec   Code   RO            7    i.Key_Proc          main.o
    0x08003164   0x08003164   0x00000040   Code   RO          564    i.Key_Scan          key_led.o
    0x080031a4   0x080031a4   0x0000002c   Code   RO          600    i.LCD_BusIn         lcd.o
    0x080031d0   0x080031d0   0x00000030   Code   RO          601    i.LCD_BusOut        lcd.o
    0x08003200   0x08003200   0x00000024   Code   RO          602    i.LCD_Clear         lcd.o
    0x08003224   0x08003224   0x00000090   Code   RO          604    i.LCD_CtrlLinesConfig  lcd.o
    0x080032b4   0x080032b4   0x00000018   Code   RO          605    i.LCD_DisplayChar   lcd.o
    0x080032cc   0x080032cc   0x0000002a   Code   RO          608    i.LCD_DisplayStringLine  lcd.o
    0x080032f6   0x080032f6   0x00000002   PAD
    0x080032f8   0x080032f8   0x00000058   Code   RO          609    i.LCD_DrawChar      lcd.o
    0x08003350   0x08003350   0x00000034   Code   RO          615    i.LCD_Init          lcd.o
    0x08003384   0x08003384   0x00000080   Code   RO          618    i.LCD_ReadReg       lcd.o
    0x08003404   0x08003404   0x00000010   Code   RO          619    i.LCD_SetBackColor  lcd.o
    0x08003414   0x08003414   0x00000018   Code   RO          620    i.LCD_SetCursor     lcd.o
    0x0800342c   0x0800342c   0x00000010   Code   RO          622    i.LCD_SetTextColor  lcd.o
    0x0800343c   0x0800343c   0x00000058   Code   RO          625    i.LCD_WriteRAM      lcd.o
    0x08003494   0x08003494   0x0000005c   Code   RO          626    i.LCD_WriteRAM_Prepare  lcd.o
    0x080034f0   0x080034f0   0x0000006c   Code   RO          627    i.LCD_WriteReg      lcd.o
    0x0800355c   0x0800355c   0x00000054   Code   RO          565    i.LED_Disp          key_led.o
    0x080035b0   0x080035b0   0x0000000c   Code   RO         3572    i.LL_ADC_GetOffsetChannel  stm32g4xx_hal_adc.o
    0x080035bc   0x080035bc   0x00000008   Code   RO         3573    i.LL_ADC_INJ_IsConversionOngoing  stm32g4xx_hal_adc.o
    0x080035c4   0x080035c4   0x00000008   Code   RO         3574    i.LL_ADC_REG_IsConversionOngoing  stm32g4xx_hal_adc.o
    0x080035cc   0x080035cc   0x0000001e   Code   RO         3577    i.LL_ADC_SetChannelSamplingTime  stm32g4xx_hal_adc.o
    0x080035ea   0x080035ea   0x00000010   Code   RO         3578    i.LL_ADC_SetOffsetState  stm32g4xx_hal_adc.o
    0x080035fa   0x080035fa   0x00000002   PAD
    0x080035fc   0x080035fc   0x000002e8   Code   RO            8    i.Lcd_Proc          main.o
    0x080038e4   0x080038e4   0x00000002   Code   RO          230    i.MemManage_Handler  stm32g4xx_it.o
    0x080038e6   0x080038e6   0x00000002   Code   RO          231    i.NMI_Handler       stm32g4xx_it.o
    0x080038e8   0x080038e8   0x00000002   Code   RO          232    i.PendSV_Handler    stm32g4xx_it.o
    0x080038ea   0x080038ea   0x00000112   Code   RO          628    i.REG_8230_Init     lcd.o
    0x080039fc   0x080039fc   0x00000202   Code   RO          629    i.REG_932X_Init     lcd.o
    0x08003bfe   0x08003bfe   0x00000002   PAD
    0x08003c00   0x08003c00   0x00000018   Code   RO          464    i.SCL_Output        i2c_hal.o
    0x08003c18   0x08003c18   0x00000018   Code   RO          465    i.SDA_Input         i2c_hal.o
    0x08003c30   0x08003c30   0x0000002c   Code   RO          466    i.SDA_Input_Mode    i2c_hal.o
    0x08003c5c   0x08003c5c   0x00000018   Code   RO          467    i.SDA_Output        i2c_hal.o
    0x08003c74   0x08003c74   0x0000002c   Code   RO          468    i.SDA_Output_Mode   i2c_hal.o
    0x08003ca0   0x08003ca0   0x00000002   Code   RO          233    i.SVC_Handler       stm32g4xx_it.o
    0x08003ca2   0x08003ca2   0x00000002   PAD
    0x08003ca4   0x08003ca4   0x000000e4   Code   RO          805    i.Seg_Display_Value  seg.o
    0x08003d88   0x08003d88   0x0000004c   Code   RO          806    i.Seg_Init          seg.o
    0x08003dd4   0x08003dd4   0x00000054   Code   RO            9    i.Seg_Proc          main.o
    0x08003e28   0x08003e28   0x00000004   Code   RO          234    i.SysTick_Handler   stm32g4xx_it.o
    0x08003e2c   0x08003e2c   0x0000009c   Code   RO           10    i.SystemClock_Config  main.o
    0x08003ec8   0x08003ec8   0x00000010   Code   RO         4519    i.SystemInit        system_stm32g4xx.o
    0x08003ed8   0x08003ed8   0x0000000c   Code   RO          235    i.TIM3_IRQHandler   stm32g4xx_it.o
    0x08003ee4   0x08003ee4   0x000000d0   Code   RO          839    i.TIM3_Init         tim.o
    0x08003fb4   0x08003fb4   0x000000b0   Code   RO         1017    i.TIM_Base_SetConfig  stm32g4xx_hal_tim.o
    0x08004064   0x08004064   0x0000001a   Code   RO         1018    i.TIM_CCxChannelCmd  stm32g4xx_hal_tim.o
    0x0800407e   0x0800407e   0x00000014   Code   RO         1028    i.TIM_ETR_SetConfig  stm32g4xx_hal_tim.o
    0x08004092   0x08004092   0x00000002   PAD
    0x08004094   0x08004094   0x00000014   Code   RO         1029    i.TIM_ITRx_SetConfig  stm32g4xx_hal_tim.o
    0x080040a8   0x080040a8   0x000000a0   Code   RO         1036    i.TIM_SlaveTimer_SetConfig  stm32g4xx_hal_tim.o
    0x08004148   0x08004148   0x00000022   Code   RO         1037    i.TIM_TI1_ConfigInputStage  stm32g4xx_hal_tim.o
    0x0800416a   0x0800416a   0x00000002   PAD
    0x0800416c   0x0800416c   0x0000006c   Code   RO         1038    i.TIM_TI1_SetConfig  stm32g4xx_hal_tim.o
    0x080041d8   0x080041d8   0x00000024   Code   RO         1039    i.TIM_TI2_ConfigInputStage  stm32g4xx_hal_tim.o
    0x080041fc   0x080041fc   0x00000036   Code   RO         1040    i.TIM_TI2_SetConfig  stm32g4xx_hal_tim.o
    0x08004232   0x08004232   0x00000002   PAD
    0x08004234   0x08004234   0x00000044   Code   RO         4419    i.UARTEx_SetNbDataToProcess  stm32g4xx_hal_uart_ex.o
    0x08004278   0x08004278   0x000000c8   Code   RO         4029    i.UART_AdvFeatureConfig  stm32g4xx_hal_uart.o
    0x08004340   0x08004340   0x00000060   Code   RO         4030    i.UART_CheckIdleState  stm32g4xx_hal_uart.o
    0x080043a0   0x080043a0   0x00000014   Code   RO         4031    i.UART_DMAAbortOnError  stm32g4xx_hal_uart.o
    0x080043b4   0x080043b4   0x00000038   Code   RO         4041    i.UART_EndRxTransfer  stm32g4xx_hal_uart.o
    0x080043ec   0x080043ec   0x00000068   Code   RO          876    i.UART_Init         uart.o
    0x08004454   0x08004454   0x00000080   Code   RO         4043    i.UART_RxISR_16BIT  stm32g4xx_hal_uart.o
    0x080044d4   0x080044d4   0x0000013c   Code   RO         4044    i.UART_RxISR_16BIT_FIFOEN  stm32g4xx_hal_uart.o
    0x08004610   0x08004610   0x00000080   Code   RO         4045    i.UART_RxISR_8BIT   stm32g4xx_hal_uart.o
    0x08004690   0x08004690   0x0000013c   Code   RO         4046    i.UART_RxISR_8BIT_FIFOEN  stm32g4xx_hal_uart.o
    0x080047cc   0x080047cc   0x00000274   Code   RO         4047    i.UART_SetConfig    stm32g4xx_hal_uart.o
    0x08004a40   0x08004a40   0x000000d8   Code   RO         4049    i.UART_Start_Receive_IT  stm32g4xx_hal_uart.o
    0x08004b18   0x08004b18   0x000000a4   Code   RO         4054    i.UART_WaitOnFlagUntilTimeout  stm32g4xx_hal_uart.o
    0x08004bbc   0x08004bbc   0x0000000c   Code   RO          236    i.USART1_IRQHandler  stm32g4xx_it.o
    0x08004bc8   0x08004bc8   0x00000114   Code   RO           11    i.Uart_Proc         main.o
    0x08004cdc   0x08004cdc   0x00000002   Code   RO          237    i.UsageFault_Handler  stm32g4xx_it.o
    0x08004cde   0x08004cde   0x00000002   PAD
    0x08004ce0   0x08004ce0   0x00000020   Code   RO         4800    i.__0printf         mc_w.l(printfa.o)
    0x08004d00   0x08004d00   0x00000028   Code   RO         4802    i.__0sprintf        mc_w.l(printfa.o)
    0x08004d28   0x08004d28   0x00000020   Code   RO         3425    i.__NVIC_SetPriority  stm32g4xx_hal_cortex.o
    0x08004d48   0x08004d48   0x0000000e   Code   RO         4878    i.__scatterload_copy  mc_w.l(handlers.o)
    0x08004d56   0x08004d56   0x00000002   Code   RO         4879    i.__scatterload_null  mc_w.l(handlers.o)
    0x08004d58   0x08004d58   0x0000000e   Code   RO         4880    i.__scatterload_zeroinit  mc_w.l(handlers.o)
    0x08004d66   0x08004d66   0x00000002   PAD
    0x08004d68   0x08004d68   0x00000184   Code   RO         4807    i._fp_digits        mc_w.l(printfa.o)
    0x08004eec   0x08004eec   0x000006dc   Code   RO         4808    i._printf_core      mc_w.l(printfa.o)
    0x080055c8   0x080055c8   0x00000024   Code   RO         4809    i._printf_post_padding  mc_w.l(printfa.o)
    0x080055ec   0x080055ec   0x0000002e   Code   RO         4810    i._printf_pre_padding  mc_w.l(printfa.o)
    0x0800561a   0x0800561a   0x0000000a   Code   RO         4812    i._sputc            mc_w.l(printfa.o)
    0x08005624   0x08005624   0x0000000c   Code   RO          469    i.delay1            i2c_hal.o
    0x08005630   0x08005630   0x00000040   Code   RO          387    i.ds18b20_init_x    ds18b20_hal.o
    0x08005670   0x08005670   0x00000036   Code   RO          388    i.ds18b20_read      ds18b20_hal.o
    0x080056a6   0x080056a6   0x00000002   PAD
    0x080056a8   0x080056a8   0x00000018   Code   RO          877    i.fputc             uart.o
    0x080056c0   0x080056c0   0x00000084   Code   RO           12    i.main              main.o
    0x08005744   0x08005744   0x00000024   Code   RO          389    i.mode_input1       ds18b20_hal.o
    0x08005768   0x08005768   0x0000002a   Code   RO          390    i.mode_output1      ds18b20_hal.o
    0x08005792   0x08005792   0x00000044   Code   RO          391    i.ow_bit_io         ds18b20_hal.o
    0x080057d6   0x080057d6   0x00000006   Code   RO          392    i.ow_byte_rd        ds18b20_hal.o
    0x080057dc   0x080057dc   0x00000024   Code   RO          393    i.ow_byte_wr        ds18b20_hal.o
    0x08005800   0x08005800   0x0000004c   Code   RO          394    i.ow_reset          ds18b20_hal.o
    0x0800584c   0x0800584c   0x000011d0   Data   RO          630    .constdata          lcd.o
    0x08006a1c   0x08006a1c   0x00000018   Data   RO         4055    .constdata          stm32g4xx_hal_uart.o
    0x08006a34   0x08006a34   0x00000010   Data   RO         4420    .constdata          stm32g4xx_hal_uart_ex.o
    0x08006a44   0x08006a44   0x00000010   Data   RO         4520    .constdata          system_stm32g4xx.o
    0x08006a54   0x08006a54   0x00000008   Data   RO         4521    .constdata          system_stm32g4xx.o
    0x08006a5c   0x08006a5c   0x00000020   Data   RO         4876    Region$$Table       anon$$obj.o


    Execution Region RW_IRAM1 (Exec base: 0x20000000, Load base: 0x08006a7c, Size: 0x00000618, Max: 0x00008000, ABSOLUTE)

    Exec Addr    Load Addr    Size         Type   Attr      Idx    E Section Name        Object

    0x20000000   0x08006a7c   0x0000003c   Data   RW           14    .data               main.o
    0x2000003c   0x08006ab8   0x00000006   Data   RW          631    .data               lcd.o
    0x20000042   0x08006abe   0x00000011   Data   RW          807    .data               seg.o
    0x20000053   0x08006acf   0x00000001   PAD
    0x20000054   0x08006ad0   0x0000000c   Data   RW         2342    .data               stm32g4xx_hal.o
    0x20000060   0x08006adc   0x00000004   Data   RW         4522    .data               system_stm32g4xx.o
    0x20000064   0x08006ae0   0x00000004   Data   RW         4854    .data               mc_w.l(stdout.o)
    0x20000068        -       0x00000047   Zero   RW           13    .bss                main.o
    0x200000af   0x08006ae4   0x00000001   PAD
    0x200000b0        -       0x0000008c   Zero   RW          342    .bss                adc.o
    0x2000013c        -       0x0000004c   Zero   RW          840    .bss                tim.o
    0x20000188        -       0x00000090   Zero   RW          878    .bss                uart.o
    0x20000218        -       0x00000400   Zero   RW         4553    STACK               startup_stm32g431xx.o


==============================================================================

Image component sizes


      Code (inc. data)   RO Data    RW Data    ZI Data      Debug   Object Name

       316         44          0          0        140       2828   adc.o
       382          6          0          0          0       5414   ds18b20_hal.o
       810         28          0          0          0       9528   i2c_hal.o
       372         32          0          0          0       2242   key_led.o
      1766         76       4560          6          0      11702   lcd.o
      1784        328          0         60         71     669057   main.o
       304         10          0         17          0       1913   seg.o
        36          8        472          0       1024        804   startup_stm32g431xx.o
       162         24          0         12          0       4361   stm32g4xx_hal.o
      2008        106          0          0          0      75879   stm32g4xx_hal_adc.o
       198         14          0          0          0      33863   stm32g4xx_hal_cortex.o
       226          0          0          0          0       1951   stm32g4xx_hal_dma.o
       476         34          0          0          0       3119   stm32g4xx_hal_gpio.o
        48          6          0          0          0        846   stm32g4xx_hal_msp.o
       204         18          0          0          0       1417   stm32g4xx_hal_pwr_ex.o
      1696         92          0          0          0       6000   stm32g4xx_hal_rcc.o
       648         10          0          0          0       1884   stm32g4xx_hal_rcc_ex.o
      2290        108          0          0          0      17801   stm32g4xx_hal_tim.o
       170         24          0          0          0       5440   stm32g4xx_hal_tim_ex.o
      3288        128         24          0          0      35670   stm32g4xx_hal_uart.o
       288          6         16          0          0       5394   stm32g4xx_hal_uart_ex.o
        44         12          0          0          0       5052   stm32g4xx_it.o
        16          4         24          4          0       1119   system_stm32g4xx.o
       320         20          0          0         76       1963   tim.o
       244         26          0          0        144       2356   uart.o

    ----------------------------------------------------------------------
     18128       1164       5128        100       1456     907603   Object Totals
         0          0         32          0          0          0   (incl. Generated)
        32          0          0          1          1          0   (incl. Padding)

    ----------------------------------------------------------------------

      Code (inc. data)   RO Data    RW Data    ZI Data      Debug   Library Member Name

         0          0          0          0          0          0   entry.o
         0          0          0          0          0          0   entry10a.o
         0          0          0          0          0          0   entry11a.o
         8          4          0          0          0          0   entry2.o
         4          0          0          0          0          0   entry5.o
         0          0          0          0          0          0   entry7b.o
         0          0          0          0          0          0   entry8b.o
         8          4          0          0          0          0   entry9a.o
        30          0          0          0          0          0   handlers.o
        36          8          0          0          0         68   init.o
         0          0          0          0          0          0   iusefp.o
        30          0          0          0          0         68   llshl.o
        36          0          0          0          0         68   llsshr.o
        32          0          0          0          0         68   llushr.o
        36          0          0          0          0        108   memseta.o
      2308         96          0          0          0        604   printfa.o
         0          0          0          4          0          0   stdout.o
        44          0          0          0          0         80   uidiv.o
        98          0          0          0          0         92   uldiv.o
        48          0          0          0          0         68   cdrcmple.o
        56          0          0          0          0         88   d2f.o
       334          0          0          0          0        148   dadd.o
       222          0          0          0          0        100   ddiv.o
       186          0          0          0          0        176   depilogue.o
        48          0          0          0          0         68   dfixul.o
        34          0          0          0          0         76   dflti.o
        26          0          0          0          0         76   dfltui.o
       228          0          0          0          0         96   dmul.o
        38          0          0          0          0         68   f2d.o
       110          0          0          0          0        168   fepilogue.o

    ----------------------------------------------------------------------
      4004        112          0          4          0       2288   Library Totals
         4          0          0          0          0          0   (incl. Padding)

    ----------------------------------------------------------------------

      Code (inc. data)   RO Data    RW Data    ZI Data      Debug   Library Name

      2670        112          0          4          0       1156   mc_w.l
      1330          0          0          0          0       1132   mf_w.l

    ----------------------------------------------------------------------
      4004        112          0          4          0       2288   Library Totals

    ----------------------------------------------------------------------

==============================================================================


      Code (inc. data)   RO Data    RW Data    ZI Data      Debug   

     22132       1276       5128        104       1456     893151   Grand Totals
     22132       1276       5128        104       1456     893151   ELF Image Totals
     22132       1276       5128        104          0          0   ROM Totals

==============================================================================

    Total RO  Size (Code + RO Data)                27260 (  26.62kB)
    Total RW  Size (RW Data + ZI Data)              1560 (   1.52kB)
    Total ROM Size (Code + RO Data + RW Data)      27364 (  26.72kB)

==============================================================================

